Component: ARM Compiler 5.06 update 6 (build 750) Tool: armlink [4d35ed]

==============================================================================

Section Cross References

    am_assert.o(i.am_assert_msg) refers to am_kprintf.o(i.am_kprintf) for am_kprintf
    am_bsp_microlib.o(i.am_bsp_microlib_init) refers to am_microlib_adapter.o(i.am_microlib_adapter_init) for am_microlib_adapter_init
    am_bsp_microlib.o(i.am_bsp_microlib_init) refers to am_bsp_microlib.o(.data) for g_microlib_adapter_ops
    am_bsp_microlib.o(.data) refers to am_bsp_microlib.o(i.__dbg_fputc) for __dbg_fputc
    am_bsp_microlib.o(.data) refers to am_bsp_microlib.o(i.__dbg_fgetc) for __dbg_fgetc
    am_bsp_system_heap.o(i.am_bsp_system_heap_init) refers to am_memheap.o(i.am_memheap_init) for am_memheap_init
    am_bsp_system_heap.o(i.am_bsp_system_heap_init) refers to am_bsp_system_heap.o(.bss) for __g_system_heap
    am_bsp_system_heap.o(i.am_mem_align) refers to am_memheap.o(i.am_memheap_alloc) for am_memheap_alloc
    am_bsp_system_heap.o(i.am_mem_align) refers to am_bsp_system_heap.o(.bss) for __g_system_heap
    am_bsp_system_heap.o(i.am_mem_alloc) refers to am_bsp_system_heap.o(i.am_mem_align) for am_mem_align
    am_bsp_system_heap.o(i.am_mem_calloc) refers to am_bsp_system_heap.o(i.am_mem_alloc) for am_mem_alloc
    am_bsp_system_heap.o(i.am_mem_calloc) refers to memseta.o(.text) for __aeabi_memclr
    am_bsp_system_heap.o(i.am_mem_free) refers to am_memheap.o(i.am_memheap_free) for am_memheap_free
    am_bsp_system_heap.o(i.am_mem_realloc) refers to am_bsp_system_heap.o(i.am_mem_alloc) for am_mem_alloc
    am_bsp_system_heap.o(i.am_mem_realloc) refers to am_memheap.o(i.am_memheap_realloc) for am_memheap_realloc
    am_bsp_system_heap.o(i.am_mem_realloc) refers to am_bsp_system_heap.o(.bss) for __g_system_heap
    am_bsp_system_heap.o(i.am_mem_size) refers to am_memheap.o(i.am_memheap_memsize) for am_memheap_memsize
    am_bsp_system_heap.o(i.am_mem_size) refers to am_bsp_system_heap.o(.bss) for __g_system_heap
    am_bsp_isr_defer_pendsv.o(i.PendSV_Handler) refers to am_isr_defer.o(i.am_isr_defer_job_process) for am_isr_defer_job_process
    am_bsp_isr_defer_pendsv.o(i.am_bsp_isr_defer_pendsv_init) refers to am_isr_defer.o(i.am_isr_defer_init) for am_isr_defer_init
    am_bsp_isr_defer_pendsv.o(i.am_bsp_isr_defer_pendsv_init) refers to am_bsp_isr_defer_pendsv.o(i.__isr_defer_trigger) for __isr_defer_trigger
    am_bsp_delay_timer.o(i.__delay) refers to am_bsp_delay_timer.o(i.__timer_count_get) for __timer_count_get
    am_bsp_delay_timer.o(i.__delay) refers to am_bsp_delay_timer.o(.bss) for __g_delay_timer
    am_bsp_delay_timer.o(i.__delay_by_factor_ticks_cal) refers to am_bsp_delay_timer.o(i.__timer_count_get) for __timer_count_get
    am_bsp_delay_timer.o(i.__delay_by_factor_ticks_cal) refers to am_bsp_delay_timer.o(i.__delay_by_factor) for __delay_by_factor
    am_bsp_delay_timer.o(i.__delay_by_factor_ticks_cal) refers to am_bsp_delay_timer.o(i.__time_ticks_cal) for __time_ticks_cal
    am_bsp_delay_timer.o(i.__delay_by_fator_cal) refers to am_bsp_delay_timer.o(i.__delay_by_factor_ticks_cal) for __delay_by_factor_ticks_cal
    am_bsp_delay_timer.o(i.__delay_by_fator_cal) refers to uidiv.o(.text) for __aeabi_uidivmod
    am_bsp_delay_timer.o(i.__delay_by_fator_cal) refers to am_bsp_delay_timer.o(i.__timer_count_get) for __timer_count_get
    am_bsp_delay_timer.o(i.__delay_by_fator_cal) refers to am_bsp_delay_timer.o(i.am_udelay) for am_udelay
    am_bsp_delay_timer.o(i.__delay_by_fator_cal) refers to am_bsp_delay_timer.o(i.__time_ticks_cal) for __time_ticks_cal
    am_bsp_delay_timer.o(i.__delay_by_fator_cal) refers to am_bsp_delay_timer.o(.bss) for __g_delay_timer
    am_bsp_delay_timer.o(i.__delay_cali_ticks_cal) refers to am_bsp_delay_timer.o(i.__timer_count_get) for __timer_count_get
    am_bsp_delay_timer.o(i.__delay_cali_ticks_cal) refers to am_bsp_delay_timer.o(i.am_udelay) for am_udelay
    am_bsp_delay_timer.o(i.__delay_cali_ticks_cal) refers to am_bsp_delay_timer.o(i.__time_ticks_cal) for __time_ticks_cal
    am_bsp_delay_timer.o(i.__delay_cali_ticks_cal) refers to am_bsp_delay_timer.o(.bss) for __g_delay_timer
    am_bsp_delay_timer.o(i.__delay_count_get_ticks_cal) refers to am_bsp_delay_timer.o(i.__timer_count_get) for __timer_count_get
    am_bsp_delay_timer.o(i.__delay_count_get_ticks_cal) refers to am_bsp_delay_timer.o(i.__time_ticks_cal) for __time_ticks_cal
    am_bsp_delay_timer.o(i.__delay_count_get_ticks_cal) refers to am_bsp_delay_timer.o(.bss) for __g_delay_timer
    am_bsp_delay_timer.o(i.__time_ticks_cal) refers to am_bsp_delay_timer.o(.bss) for __g_delay_timer
    am_bsp_delay_timer.o(i.__timer_count_get) refers to am_bsp_delay_timer.o(.bss) for __g_delay_timer
    am_bsp_delay_timer.o(i.am_bsp_delay_timer_init) refers to am_timer.o(i.am_timer_count_freq_get) for am_timer_count_freq_get
[...]
    Removing am_ftl.o(i.__ftl_log_buf_victim), (64 bytes).
    Removing am_ftl.o(i.__ftl_log_buf_victim_normal), (544 bytes).
    Removing am_ftl.o(i.__ftl_log_buf_victim_switch), (112 bytes).
    Removing am_ftl.o(i.__ftl_mem_init), (96 bytes).
    Removing am_ftl.o(i.__ftl_memcmpb), (30 bytes).
    Removing am_ftl.o(i.__ftl_nvram_get), (28 bytes).
    Removing am_ftl.o(i.__ftl_nvram_program_data), (324 bytes).
    Removing am_ftl.o(i.__ftl_nvram_rw), (202 bytes).
    Removing am_ftl.o(i.__ftl_nvram_set), (28 bytes).
    Removing am_ftl.o(i.__ftl_readunit_check), (80 bytes).
    Removing am_ftl.o(i.__ftl_readunit_find), (212 bytes).
    Removing am_ftl.o(i.__ftl_sci_read), (62 bytes).
    Removing am_ftl.o(i.__ftl_sci_write), (62 bytes).
    Removing am_ftl.o(i.__ftl_writeunit_find), (592 bytes).
    Removing am_ftl.o(i.__nfl_mount), (696 bytes).
    Removing am_ftl.o(i.am_ftl_init), (96 bytes).
    Removing am_ftl.o(i.am_ftl_max_lbn_get), (16 bytes).
    Removing am_ftl.o(i.am_ftl_nvram_init), (52 bytes).
    Removing am_ftl.o(i.am_ftl_read), (84 bytes).
    Removing am_ftl.o(i.am_ftl_write), (132 bytes).
    Removing am_ftl.o(.constdata), (8 bytes).
    Removing am_i2c.o(i.__i2c_callback), (12 bytes).
    Removing am_i2c.o(i.__i2c_rw_sync), (252 bytes).
    Removing am_i2c.o(i.am_i2c_mkmsg), (24 bytes).
    Removing am_i2c.o(i.am_i2c_mktrans), (14 bytes).
    Removing am_i2c.o(i.am_i2c_read), (28 bytes).
    Removing am_i2c.o(i.am_i2c_write), (28 bytes).
    Removing am_i2c_slv_subaddr.o(i.__i2c_slv_subaddr_addr_match), (36 bytes).
    Removing am_i2c_slv_subaddr.o(i.__i2c_slv_subaddr_gen_call), (30 bytes).
    Removing am_i2c_slv_subaddr.o(i.__i2c_slv_subaddr_get), (62 bytes).
    Removing am_i2c_slv_subaddr.o(i.__i2c_slv_subaddr_rxbyte_put), (352 bytes).
    Removing am_i2c_slv_subaddr.o(i.__i2c_slv_subaddr_tran_stop), (38 bytes).
    Removing am_i2c_slv_subaddr.o(i.__i2c_slv_subaddr_txbyte_get), (168 bytes).
    Removing am_i2c_slv_subaddr.o(i.__i2c_slv_subaddr_validator), (48 bytes).
    Removing am_i2c_slv_subaddr.o(i.am_i2c_slv_subaddr_mkdev), (124 bytes).
    Removing am_i2c_slv_subaddr.o(.data), (20 bytes).
    Removing am_key_matrix.o(i.__key_code_get), (68 bytes).
    Removing am_key_matrix.o(i.__key_matrix_process), (36 bytes).
    Removing am_key_matrix.o(i.__key_val_report), (116 bytes).
    Removing am_key_matrix.o(i.am_key_matrix_active_low_get), (14 bytes).
    Removing am_key_matrix.o(i.am_key_matrix_code_get), (40 bytes).
    Removing am_key_matrix.o(i.am_key_matrix_init), (84 bytes).
    Removing am_key_matrix.o(i.am_key_matrix_scan), (212 bytes).
    Removing am_key_matrix.o(i.am_key_matrix_scan_idx_max_get), (32 bytes).
    Removing am_key_matrix.o(i.am_key_matrix_scan_mode_get), (14 bytes).
    Removing am_key_matrix_softimer.o(i.__key_matrix_timer_cb), (38 bytes).
    Removing am_key_matrix_softimer.o(i.am_key_matrix_softimer_deinit), (24 bytes).
    Removing am_key_matrix_softimer.o(i.am_key_matrix_softimer_init), (52 bytes).
    Removing am_led_dev.o(i.__led_dev_del), (72 bytes).
    Removing am_led_dev.o(i.am_led_dev_del), (22 bytes).
    Removing am_led_dev.o(i.am_led_dev_lib_init), (12 bytes).
    Removing am_led_dev.o(i.am_led_off), (14 bytes).
    Removing am_led_dev.o(i.am_led_on), (14 bytes).
    Removing am_led_dev.o(i.am_led_set), (52 bytes).
    Removing am_led_dev.o(i.am_led_toggle), (48 bytes).
    Removing am_mtd.o(i.am_mtd_erase), (104 bytes).
    Removing am_mtd.o(i.am_mtd_read), (66 bytes).
    Removing am_mtd.o(i.am_mtd_write), (92 bytes).
    Removing am_nvram.o(i.__nvram_dev_query), (48 bytes).
    Removing am_nvram.o(i.__nvram_process), (156 bytes).
    Removing am_nvram.o(i.__nvram_segment_query), (56 bytes).
    Removing am_nvram.o(i.am_nvram_dev_register), (72 bytes).
    Removing am_nvram.o(i.am_nvram_dev_unregister), (56 bytes).
    Removing am_nvram.o(i.am_nvram_get), (34 bytes).
    Removing am_nvram.o(i.am_nvram_set), (34 bytes).
    Removing am_nvram.o(i.am_nvram_size_get), (42 bytes).
    Removing am_spi.o(i.__message_complete), (14 bytes).
    Removing am_spi.o(i.am_spi_mktrans), (28 bytes).
    Removing am_spi.o(i.am_spi_msg_init), (36 bytes).
    Removing am_spi.o(i.am_spi_msg_start), (22 bytes).
    Removing am_spi.o(i.am_spi_trans_add_tail), (22 bytes).
    Removing am_spi.o(i.am_spi_write_then_read), (156 bytes).
    Removing am_spi.o(i.am_spi_write_then_write), (156 bytes).
    Removing am_system.o(i.am_ms_to_ticks), (80 bytes).
    Removing am_system.o(i.am_sys_clkrate_get), (12 bytes).
    Removing am_system.o(i.am_sys_tick_get), (12 bytes).
    Removing am_system.o(i.am_ticks_to_ms), (70 bytes).
    Removing am_time.o(i.__clock_tick), (52 bytes).
    Removing am_time.o(i.__timespec_get), (36 bytes).
    Removing am_time.o(i.__timespec_set), (36 bytes).
    Removing am_time.o(i.am_rtc_time_get), (18 bytes).
    Removing am_time.o(i.am_rtc_time_set), (18 bytes).
    Removing am_time.o(i.am_time), (22 bytes).
    Removing am_time.o(i.am_time_init), (296 bytes).
    Removing am_time.o(i.am_time_to_tm), (48 bytes).
    Removing am_time.o(i.am_time_update), (132 bytes).
    Removing am_time.o(i.am_timespec_get), (22 bytes).
    Removing am_time.o(i.am_timespec_set), (52 bytes).
    Removing am_time.o(i.am_tm_get), (30 bytes).
    Removing am_time.o(i.am_tm_set), (64 bytes).
    Removing am_time.o(i.am_tm_to_time), (44 bytes).
    Removing am_time.o(.bss), (40 bytes).
    Removing am_uart.o(i.am_uart_poll_receive), (44 bytes).
    Removing am_uart.o(i.am_uart_poll_send), (46 bytes).
    Removing am_uart_rngbuf.o(i.__uart_rngbuf_rx_flush), (24 bytes).
    Removing am_uart_rngbuf.o(i.__uart_rngbuf_rxchar_put), (100 bytes).
    Removing am_uart_rngbuf.o(i.__uart_rngbuf_tx_flush), (26 bytes).
    Removing am_uart_rngbuf.o(i.__uart_rngbuf_txchar_get), (66 bytes).
    Removing am_uart_rngbuf.o(i.am_uart_callback_set), (28 bytes).
    Removing am_uart_rngbuf.o(i.am_uart_ioctl), (22 bytes).
    Removing am_uart_rngbuf.o(i.am_uart_rngbuf_init), (176 bytes).
    Removing am_uart_rngbuf.o(i.am_uart_rngbuf_ioctl), (184 bytes).
    Removing am_uart_rngbuf.o(i.am_uart_rngbuf_receive), (168 bytes).
    Removing am_uart_rngbuf.o(i.am_uart_rngbuf_rx_trigger_cfg), (28 bytes).
    Removing am_uart_rngbuf.o(i.am_uart_rngbuf_rx_trigger_disable), (38 bytes).
    Removing am_uart_rngbuf.o(i.am_uart_rngbuf_rx_trigger_enable), (38 bytes).
    Removing am_uart_rngbuf.o(i.am_uart_rngbuf_send), (108 bytes).
    Removing am_uart_rngbuf.o(i.am_uart_rngbuf_tx_trigger_cfg), (28 bytes).
    Removing am_uart_rngbuf.o(i.am_uart_rngbuf_tx_trigger_disable), (38 bytes).
    Removing am_uart_rngbuf.o(i.am_uart_rngbuf_tx_trigger_enable), (38 bytes).
    Removing am_dac.o(i.am_dac_mv_set), (62 bytes).
    Removing am_isr_defer.o(i.am_isr_defer_job_add), (60 bytes).
    Removing am_isr_defer.o(i.am_isr_defer_job_init), (24 bytes).
    Removing am_jobq.o(i.am_jobq_job_init), (30 bytes).
    Removing am_jobq.o(i.am_jobq_post), (156 bytes).
    Removing am_memheap.o(i.am_memheap_alloc), (228 bytes).
    Removing am_memheap.o(i.am_memheap_free), (138 bytes).
    Removing am_memheap.o(i.am_memheap_memsize), (14 bytes).
    Removing am_memheap.o(i.am_memheap_realloc), (400 bytes).
    Removing am_rngbuf.o(i.am_rngbuf_flush), (8 bytes).
    Removing am_rngbuf.o(i.am_rngbuf_freebytes), (20 bytes).
    Removing am_rngbuf.o(i.am_rngbuf_get), (152 bytes).
    Removing am_rngbuf.o(i.am_rngbuf_getchar), (46 bytes).
    Removing am_rngbuf.o(i.am_rngbuf_init), (30 bytes).
    Removing am_rngbuf.o(i.am_rngbuf_isempty), (18 bytes).
    Removing am_rngbuf.o(i.am_rngbuf_isfull), (28 bytes).
    Removing am_rngbuf.o(i.am_rngbuf_move_ahead), (18 bytes).
    Removing am_rngbuf.o(i.am_rngbuf_nbytes), (18 bytes).
    Removing am_rngbuf.o(i.am_rngbuf_put), (210 bytes).
    Removing am_rngbuf.o(i.am_rngbuf_put_ahead), (24 bytes).
    Removing am_rngbuf.o(i.am_rngbuf_putchar), (58 bytes).
    Removing am_snprintf.o(i.am_snprintf), (40 bytes).
    Removing am_vsnprintf.o(i.__str_putc), (34 bytes).
    Removing am_vsnprintf.o(i.__str_puts), (54 bytes).
    Removing am_vsnprintf.o(i.am_vsnprintf), (72 bytes).
    Removing am_wait.o(i.__timer_callback), (18 bytes).
    Removing am_wait.o(i.am_wait_done), (20 bytes).
    Removing am_wait.o(i.am_wait_init), (40 bytes).
    Removing am_wait.o(i.am_wait_on), (34 bytes).
    Removing am_wait.o(i.am_wait_on_timeout), (56 bytes).
    Removing amhw_lpc82x_pint.o(i.amhw_lpc82x_pint_pmatch_slice_cfg), (78 bytes).
    Removing amhw_lpc82x_pint.o(i.amhw_lpc82x_pint_trigger_get), (188 bytes).
    Removing amhw_lpc82x_pint.o(i.amhw_lpc82x_pint_trigger_set), (156 bytes).
    Removing am_lpc_crc.o(i.__crc_cal), (42 bytes).
    Removing am_lpc_crc.o(i.__crc_final), (38 bytes).
    Removing am_lpc_crc.o(i.__crc_init), (236 bytes).
    Removing am_lpc_crc.o(i.am_lpc_crc_deinit), (52 bytes).
    Removing am_lpc_crc.o(i.am_lpc_crc_init), (56 bytes).
    Removing am_lpc_crc.o(i.amhw_lpc_crc_mode_set), (8 bytes).
    Removing am_lpc_crc.o(i.amhw_lpc_crc_seed_set), (4 bytes).
    Removing am_lpc_crc.o(.constdata), (12 bytes).
    Removing am_lpc_crc.o(.data), (4 bytes).
    Removing am_lpc_i2c.o(i.__i2c_hard_init), (70 bytes).
    Removing am_lpc_i2c.o(i.__i2c_irq_handler), (184 bytes).
    Removing am_lpc_i2c.o(i.__i2c_msg_in), (30 bytes).
    Removing am_lpc_i2c.o(i.__i2c_msg_out), (60 bytes).
    Removing am_lpc_i2c.o(i.__i2c_msg_start), (108 bytes).
    Removing am_lpc_i2c.o(i.__i2c_mst_sm_event), (878 bytes).
    Removing am_lpc_i2c.o(i.__i2c_slv_timeout_set), (128 bytes).
    Removing am_lpc_i2c.o(i.__i2c_speed_set), (308 bytes).
    Removing am_lpc_i2c.o(i.am_lpc_i2c_deinit), (76 bytes).
    Removing am_lpc_i2c.o(i.am_lpc_i2c_init), (104 bytes).
    Removing am_lpc_i2c.o(i.amhw_lpc_i2c_int_disable), (4 bytes).
    Removing am_lpc_i2c.o(i.amhw_lpc_i2c_int_enable), (4 bytes).
    Removing am_lpc_i2c.o(i.amhw_lpc_i2c_mode_disable), (8 bytes).
    Removing am_lpc_i2c.o(i.amhw_lpc_i2c_mode_enable), (8 bytes).
    Removing am_lpc_i2c.o(i.amhw_lpc_i2c_mstdat_write), (4 bytes).
    Removing am_lpc_i2c.o(i.amhw_lpc_i2c_stat_clr), (4 bytes).
    Removing am_lpc_i2c.o(.constdata), (4 bytes).
    Removing am_lpc_mrt.o(i.am_lpc_mrt_deinit), (132 bytes).
    Removing am_lpc_sct.o(i.__sct_evt_ctrl_cnt_cfgs), (324 bytes).
    Removing am_lpc_sct.o(i.__sct_evt_ctrl_dma_cfgs), (112 bytes).
    Removing am_lpc_sct.o(i.__sct_evt_ctrl_int_cfg), (164 bytes).
    Removing am_lpc_sct.o(i.__sct_evt_ctrl_io_cfgs), (242 bytes).
    Removing am_lpc_sct.o(i.__sct_evt_matchcap_cfgs), (82 bytes).
    Removing am_lpc_sct.o(i.__sct_int), (106 bytes).
    Removing am_lpc_sct.o(i.am_lpc_sct_conflict_res_config), (44 bytes).
    Removing am_lpc_sct.o(i.am_lpc_sct_deinit), (112 bytes).
    Removing am_lpc_sct.o(i.am_lpc_sct_evt_add), (392 bytes).
    Removing am_lpc_sct.o(i.am_lpc_sct_evt_del), (92 bytes).
    Removing am_lpc_sct.o(i.am_lpc_sct_halt), (38 bytes).
    Removing am_lpc_sct.o(i.am_lpc_sct_init), (132 bytes).
    Removing am_lpc_sct.o(i.am_lpc_sct_out_state_set), (96 bytes).
    Removing am_lpc_sct.o(i.am_lpc_sct_start), (38 bytes).
    Removing am_lpc_sct.o(i.am_lpc_sct_state_set), (58 bytes).
    Removing am_lpc_sct.o(i.am_lpc_sct_stop), (32 bytes).
    Removing am_lpc_sct.o(i.am_lpc_sct_time_to_match), (56 bytes).
    Removing am_lpc_sct.o(i.amhw_lpc_sct_ctrl_set), (8 bytes).
    Removing am_lpc_sct.o(i.amhw_lpc_sct_event_state_cfg), (14 bytes).
    Removing am_lpc_sct.o(i.amhw_lpc_sct_halt_check), (26 bytes).
    Removing am_lpc_sct.o(i.amhw_lpc_sct_state_set), (16 bytes).
    Removing am_lpc_sct_cap.o(i.__sct_cap_config), (154 bytes).
    Removing am_lpc_sct_cap.o(i.__sct_cap_count_to_time), (68 bytes).
    Removing am_lpc_sct_cap.o(i.__sct_cap_disable), (168 bytes).
    Removing am_lpc_sct_cap.o(i.__sct_cap_enable), (144 bytes).
    Removing am_lpc_sct_cap.o(i.__sct_cap_init), (64 bytes).
    Removing am_lpc_sct_cap.o(i.__sct_cap_irq_handler), (116 bytes).
    Removing am_lpc_sct_cap.o(i.__sct_cap_reset), (78 bytes).
    Removing am_lpc_sct_cap.o(i.am_lpc_sct_cap_deinit), (48 bytes).
    Removing am_lpc_sct_cap.o(i.am_lpc_sct_cap_init), (88 bytes).
    Removing am_lpc_sct_cap.o(i.amhw_lpc_sct_ctrl_clr), (8 bytes).
    Removing am_lpc_sct_cap.o(i.amhw_lpc_sct_ctrl_set), (8 bytes).
    Removing am_lpc_sct_cap.o(.constdata), (20 bytes).
    Removing am_lpc_sct_pwm.o(i.am_lpc_sct_pwm_deinit), (40 bytes).
    Removing am_lpc_sct_timing.o(i.__prescale_and_match_cal), (104 bytes).
    Removing am_lpc_sct_timing.o(i.__sct_irq_handler), (76 bytes).
    Removing am_lpc_sct_timing.o(i.__sct_timing_1_32bit_init), (118 bytes).
    Removing am_lpc_sct_timing.o(i.__sct_timing_2_16bit_init), (160 bytes).
    Removing am_lpc_sct_timing.o(i.__sct_timing_callback_set), (124 bytes).
    Removing am_lpc_sct_timing.o(i.__sct_timing_clkin_freq_get), (36 bytes).
    Removing am_lpc_sct_timing.o(i.__sct_timing_count_get), (86 bytes).
    Removing am_lpc_sct_timing.o(i.__sct_timing_disable), (106 bytes).
    Removing am_lpc_sct_timing.o(i.__sct_timing_enable), (360 bytes).
    Removing am_lpc_sct_timing.o(i.__sct_timing_info_get), (12 bytes).
    Removing am_lpc_sct_timing.o(i.__sct_timing_prescale_get), (56 bytes).
    Removing am_lpc_sct_timing.o(i.__sct_timing_prescale_set), (68 bytes).
    Removing am_lpc_sct_timing.o(i.__sct_timing_rollover_get), (92 bytes).
    Removing am_lpc_sct_timing.o(i.am_lpc_sct_timing_deinit), (64 bytes).
    Removing am_lpc_sct_timing.o(i.am_lpc_sct_timing_init), (112 bytes).
    Removing am_lpc_sct_timing.o(i.amhw_lpc_sct_config), (4 bytes).
    Removing am_lpc_sct_timing.o(i.amhw_lpc_sct_ctrl_clr), (8 bytes).
    Removing am_lpc_sct_timing.o(i.amhw_lpc_sct_ctrl_set), (8 bytes).
    Removing am_lpc_sct_timing.o(i.amhw_lpc_sct_event_ctrl), (16 bytes).
    Removing am_lpc_sct_timing.o(i.amhw_lpc_sct_event_flag_chk), (24 bytes).
    Removing am_lpc_sct_timing.o(i.amhw_lpc_sct_event_flag_clr), (10 bytes).
    Removing am_lpc_sct_timing.o(i.amhw_lpc_sct_event_int_disable), (16 bytes).
    Removing am_lpc_sct_timing.o(i.amhw_lpc_sct_event_int_enable), (16 bytes).
    Removing am_lpc_sct_timing.o(i.amhw_lpc_sct_event_limit_enable), (30 bytes).
    Removing am_lpc_sct_timing.o(i.amhw_lpc_sct_event_state_enable), (30 bytes).
    Removing am_lpc_sct_timing.o(i.amhw_lpc_sct_state_set), (16 bytes).
    Removing am_lpc_sct_timing.o(.constdata), (44 bytes).
    Removing am_lpc_sct_timing.o(.data), (1 bytes).
    Removing am_lpc_spi_int.o(i.__spi_config), (306 bytes).
    Removing am_lpc_spi_int.o(i.__spi_cs_off), (26 bytes).
    Removing am_lpc_spi_int.o(i.__spi_cs_on), (40 bytes).
    Removing am_lpc_spi_int.o(i.__spi_default_cs_dummy), (2 bytes).
    Removing am_lpc_spi_int.o(i.__spi_default_cs_ha), (26 bytes).
    Removing am_lpc_spi_int.o(i.__spi_default_cs_la), (26 bytes).
    Removing am_lpc_spi_int.o(i.__spi_hard_init), (50 bytes).
    Removing am_lpc_spi_int.o(i.__spi_info_get), (42 bytes).
    Removing am_lpc_spi_int.o(i.__spi_irq_handler), (106 bytes).
    Removing am_lpc_spi_int.o(i.__spi_msg_in), (30 bytes).
    Removing am_lpc_spi_int.o(i.__spi_msg_start), (122 bytes).
    Removing am_lpc_spi_int.o(i.__spi_mst_sm_event), (674 bytes).
    Removing am_lpc_spi_int.o(i.__spi_read_data), (96 bytes).
    Removing am_lpc_spi_int.o(i.__spi_setup), (160 bytes).
    Removing am_lpc_spi_int.o(i.__spi_write_data), (102 bytes).
    Removing am_lpc_spi_int.o(i.am_list_del), (18 bytes).
    Removing am_lpc_spi_int.o(i.am_list_empty_careful), (22 bytes).
    Removing am_lpc_spi_int.o(i.am_lpc_spi_int_deinit), (72 bytes).
    Removing am_lpc_spi_int.o(i.am_lpc_spi_int_init), (116 bytes).
    Removing am_lpc_spi_int.o(i.amhw_lpc_spi_cfg_set), (4 bytes).
    Removing am_lpc_spi_int.o(i.amhw_lpc_spi_disable), (10 bytes).
    Removing am_lpc_spi_int.o(i.amhw_lpc_spi_int_disable), (4 bytes).
    Removing am_lpc_spi_int.o(i.amhw_lpc_spi_int_enable), (4 bytes).
    Removing am_lpc_spi_int.o(i.amhw_lpc_spi_stat_clear), (4 bytes).
    Removing am_lpc_spi_int.o(i.amhw_lpc_spi_txctl_clear), (24 bytes).
    Removing am_lpc_spi_int.o(i.amhw_lpc_spi_txctl_set), (24 bytes).
    Removing am_lpc_spi_int.o(i.amhw_lpc_spi_txdat_write), (4 bytes).
    Removing am_lpc_spi_int.o(.constdata), (12 bytes).
    Removing am_lpc_usart.o(i.am_lpc_usart_deinit), (72 bytes).
    Removing am_lpc_wkt.o(i.__wkt_callback_set), (58 bytes).
    Removing am_lpc_wkt.o(i.__wkt_clk_frq_get), (64 bytes).
    Removing am_lpc_wkt.o(i.__wkt_clkin_freq_get), (34 bytes).
    Removing am_lpc_wkt.o(i.__wkt_connect), (36 bytes).
    Removing am_lpc_wkt.o(i.__wkt_count_get), (52 bytes).
    Removing am_lpc_wkt.o(i.__wkt_disable), (38 bytes).
    Removing am_lpc_wkt.o(i.__wkt_enable), (60 bytes).
    Removing am_lpc_wkt.o(i.__wkt_info_get), (12 bytes).
    Removing am_lpc_wkt.o(i.__wkt_irq_handler), (44 bytes).
    Removing am_lpc_wkt.o(i.__wkt_prescale_get), (24 bytes).
    Removing am_lpc_wkt.o(i.__wkt_prescale_set), (14 bytes).
    Removing am_lpc_wkt.o(i.__wkt_rollover_get), (92 bytes).
    Removing am_lpc_wkt.o(i.am_lpc_wkt_deinit), (52 bytes).
    Removing am_lpc_wkt.o(i.am_lpc_wkt_init), (80 bytes).
    Removing am_lpc_wkt.o(i.amhw_lpc_wkt_alarmflag_clear), (10 bytes).
    Removing am_lpc_wkt.o(i.amhw_lpc_wkt_clearctr_clr), (10 bytes).
    Removing am_lpc_wkt.o(i.amhw_lpc_wkt_clksel_get), (10 bytes).
    Removing am_lpc_wkt.o(.constdata), (44 bytes).
    Removing am_lpc_wkt.o(.data), (4 bytes).
    Removing am_lpc_wwdt.o(i.__wwdt_enable), (164 bytes).
    Removing am_lpc_wwdt.o(i.__wwdt_feed), (20 bytes).
    Removing am_lpc_wwdt.o(i.__wwdt_info_get), (86 bytes).
    Removing am_lpc_wwdt.o(i.am_lpc_wwdt_deinit), (2 bytes).
    Removing am_lpc_wwdt.o(i.am_lpc_wwdt_init), (92 bytes).
    Removing am_lpc_wwdt.o(i.amhw_lpc_wwdt_feed), (10 bytes).
    Removing am_lpc_wwdt.o(i.amhw_lpc_wwdt_option_set), (12 bytes).
    Removing am_lpc_wwdt.o(i.amhw_lpc_wwdt_status_clr), (38 bytes).
    Removing am_lpc_wwdt.o(.constdata), (12 bytes).
    Removing amhw_lpc_crc.o(i.amhw_lpc_crc_data16_write), (18 bytes).
    Removing amhw_lpc_crc.o(i.amhw_lpc_crc_data32_write), (18 bytes).
    Removing amhw_lpc_crc.o(i.amhw_lpc_crc_data8_write), (18 bytes).
    Removing amhw_lpc_sct.o(i.amhw_lpc_sct_cap_ctrl), (136 bytes).
    Removing amhw_lpc_sct.o(i.amhw_lpc_sct_cap_val_get), (52 bytes).
    Removing amhw_lpc_sct.o(i.amhw_lpc_sct_count_get), (34 bytes).
    Removing amhw_lpc_sct.o(i.amhw_lpc_sct_count_set), (68 bytes).
    Removing amhw_lpc_sct.o(i.amhw_lpc_sct_ctrl_halt_to_stop), (42 bytes).
    Removing amhw_lpc_sct.o(i.amhw_lpc_sct_prescale_get), (22 bytes).
    Removing amhw_lpc_usart.o(i.amhw_lpc_usart_baudrate_get), (58 bytes).
    Removing amhw_lpc_usart.o(i.amhw_lpc_usart_poll_receive), (54 bytes).
    Removing amhw_lpc_usart.o(i.amhw_lpc_usart_poll_send), (56 bytes).
    Removing lpc82x_sdk_version.o(i.am_sdk_version_get), (12 bytes).
    Removing lpc82x_sdk_version.o(.conststring), (18 bytes).
    Removing lpc82x_sdk_version.o(.data), (4 bytes).
    Removing amhw_lpc84x_adc.o(i.amhw_lpc84x_adc_calibrate), (80 bytes).
    Removing amhw_lpc84x_adc.o(i.amhw_lpc84x_adc_config), (4 bytes).
    Removing amhw_lpc_adc.o(i.amhw_lpc_adc_calibrate), (128 bytes).
    Removing amhw_lpc_adc.o(i.amhw_lpc_adc_config), (4 bytes).
    Removing amhw_lpc_adc.o(i.amhw_lpc_adc_startup), (88 bytes).
    Removing amhw_lpc_adc.o(i.amhw_lpc_adc_startup_set), (4 bytes).
    Removing am_lpc84x_adc_dma.o(.rev16_text), (4 bytes).
    Removing am_lpc84x_adc_dma.o(.revsh_text), (4 bytes).
    Removing am_lpc84x_adc_dma.o(i.__adc_dma_int), (348 bytes).
    Removing am_lpc84x_adc_dma.o(i.__adc_dma_work_startup), (244 bytes).
    Removing am_lpc84x_adc_dma.o(i.__pfn_adc_start), (144 bytes).
    Removing am_lpc84x_adc_dma.o(i.__pfn_adc_stop), (72 bytes).
    Removing am_lpc84x_adc_dma.o(i.__pfn_bits_get), (6 bytes).
    Removing am_lpc84x_adc_dma.o(i.__pfn_rate_get), (88 bytes).
    Removing am_lpc84x_adc_dma.o(i.__pfn_rate_set), (112 bytes).
    Removing am_lpc84x_adc_dma.o(i.__pfn_vref_get), (14 bytes).
    Removing am_lpc84x_adc_dma.o(i.am_lpc84x_adc_dma_deinit), (76 bytes).
    Removing am_lpc84x_adc_dma.o(i.am_lpc84x_adc_dma_init), (72 bytes).
    Removing am_lpc84x_adc_dma.o(i.amhw_lpc84x_adc_int_disable), (8 bytes).
    Removing am_lpc84x_adc_dma.o(i.amhw_lpc84x_adc_int_enable), (4 bytes).
    Removing am_lpc84x_adc_dma.o(i.amhw_lpc84x_adc_seq_disable), (24 bytes).
    Removing am_lpc84x_adc_dma.o(i.amhw_lpc84x_adc_seq_stop), (26 bytes).
    Removing am_lpc84x_adc_dma.o(.constdata), (24 bytes).
    Removing am_lpc84x_adc_int.o(.rev16_text), (4 bytes).
    Removing am_lpc84x_adc_int.o(.revsh_text), (4 bytes).
    Removing am_lpc84x_adc_int.o(i.__adc_int), (212 bytes).
    Removing am_lpc84x_adc_int.o(i.__adc_int_work_startup), (44 bytes).
    Removing am_lpc84x_adc_int.o(i.__adc_ovr_int), (54 bytes).
    Removing am_lpc84x_adc_int.o(i.__pfn_adc_connect), (80 bytes).
    Removing am_lpc84x_adc_int.o(i.__pfn_adc_start), (106 bytes).
    Removing am_lpc84x_adc_int.o(i.__pfn_adc_stop), (62 bytes).
    Removing am_lpc84x_adc_int.o(i.__pfn_bits_get), (6 bytes).
    Removing am_lpc84x_adc_int.o(i.__pfn_rate_get), (88 bytes).
    Removing am_lpc84x_adc_int.o(i.__pfn_rate_set), (112 bytes).
    Removing am_lpc84x_adc_int.o(i.__pfn_vref_get), (14 bytes).
    Removing am_lpc84x_adc_int.o(i.am_lpc84x_adc_int_deinit), (84 bytes).
    Removing am_lpc84x_adc_int.o(i.am_lpc84x_adc_int_init), (80 bytes).
    Removing am_lpc84x_adc_int.o(i.amhw_lpc84x_adc_glo_data_get), (12 bytes).
    Removing am_lpc84x_adc_int.o(i.amhw_lpc84x_adc_int_enable), (4 bytes).
    Removing am_lpc84x_adc_int.o(i.amhw_lpc84x_adc_seq_disable), (24 bytes).
    Removing am_lpc84x_adc_int.o(i.amhw_lpc84x_adc_seq_stop), (26 bytes).
    Removing am_lpc84x_adc_int.o(.constdata), (24 bytes).
    Removing am_lpc_adc_int.o(i.__adc_get_bits), (8 bytes).
    Removing am_lpc_adc_int.o(i.__adc_get_rate), (66 bytes).
    Removing am_lpc_adc_int.o(i.__adc_get_vref), (14 bytes).
    Removing am_lpc_adc_int.o(i.__adc_int), (252 bytes).
    Removing am_lpc_adc_int.o(i.__adc_set_rate), (118 bytes).
    Removing am_lpc_adc_int.o(i.__adc_start), (158 bytes).
    Removing am_lpc_adc_int.o(i.__adc_stop), (34 bytes).
    Removing am_lpc_adc_int.o(i.am_lpc_adc_int_deinit), (96 bytes).
    Removing am_lpc_adc_int.o(i.am_lpc_adc_int_init), (120 bytes).
    Removing am_lpc_adc_int.o(i.amhw_lpc_adc_seq_config), (12 bytes).
    Removing am_lpc_adc_int.o(i.amhw_lpc_adc_seq_disable), (24 bytes).
    Removing am_lpc_adc_int.o(i.amhw_lpc_adc_seq_start), (26 bytes).
    Removing am_lpc_adc_int.o(.constdata), (24 bytes).
    Removing am_lpc84x_clk.o(.rev16_text), (4 bytes).
    Removing am_lpc84x_clk.o(.revsh_text), (4 bytes).
    Removing am_lpc84x_clk.o(i.am_clk_disable), (76 bytes).
    Removing am_lpc84x_clk.o(i.am_clk_enable), (76 bytes).
    Removing am_lpc84x_clk.o(i.amhw_lpc84x_clk_periph_freq_get), (260 bytes).
    Removing amhw_lpc84x_clk.o(.rev16_text), (4 bytes).
    Removing amhw_lpc84x_clk.o(.revsh_text), (4 bytes).
    Removing amhw_lpc84x_clk.o(i.amhw_lpc84x_clk_adc_sel_set), (12 bytes).
    Removing amhw_lpc84x_clk.o(i.amhw_lpc84x_clk_cap_clk_sel_set), (12 bytes).
    Removing amhw_lpc84x_clk.o(i.amhw_lpc84x_clk_frg1_baseclkrate_set), (88 bytes).
    Removing amhw_lpc84x_clk.o(i.amhw_lpc84x_clk_i2c0_clk_sel_set), (12 bytes).
    Removing amhw_lpc84x_clk.o(i.amhw_lpc84x_clk_i2c1_clk_sel_set), (12 bytes).
    Removing amhw_lpc84x_clk.o(i.amhw_lpc84x_clk_i2c2_clk_sel_set), (12 bytes).
    Removing amhw_lpc84x_clk.o(i.amhw_lpc84x_clk_i2c3_clk_sel_set), (12 bytes).
    Removing amhw_lpc84x_clk.o(i.amhw_lpc84x_clk_spi0_clk_sel_set), (12 bytes).
    Removing amhw_lpc84x_clk.o(i.amhw_lpc84x_clk_spi1_clk_sel_set), (12 bytes).
    Removing amhw_lpc84x_clk.o(i.amhw_lpc84x_clk_uart1_clk_sel_set), (12 bytes).
    Removing amhw_lpc84x_clk.o(i.amhw_lpc84x_clk_uart2_clk_sel_set), (12 bytes).
    Removing amhw_lpc84x_clk.o(i.amhw_lpc84x_clk_uart3_clk_sel_set), (12 bytes).
    Removing amhw_lpc84x_clk.o(i.amhw_lpc84x_clk_uart4_clk_sel_set), (12 bytes).
    Removing amhw_lpc84x_clk.o(i.amhw_lpc84x_outclk_clkrate_get), (84 bytes).
    Removing am_lpc84x_dac.o(i.__lpc_dac_disable), (54 bytes).
    Removing am_lpc84x_dac.o(i.__lpc_dac_enable), (80 bytes).
    Removing am_lpc84x_dac.o(i.__lpc_dac_get_bits), (8 bytes).
    Removing am_lpc84x_dac.o(i.__lpc_dac_get_vref), (8 bytes).
    Removing am_lpc84x_dac.o(i.__lpc_dac_val_set), (56 bytes).
    Removing am_lpc84x_dac.o(i.am_lpc_dac_deinit), (28 bytes).
    Removing am_lpc84x_dac.o(i.am_lpc_dac_init), (48 bytes).
    Removing am_lpc84x_dac.o(i.amhw_lpc84x_dac_cnt_set), (24 bytes).
    Removing am_lpc84x_dac.o(i.amhw_lpc84x_dac_dblbuf_set), (24 bytes).
    Removing am_lpc84x_dac.o(.constdata), (20 bytes).
    Removing am_lpc84x_dma.o(i.am_lpc84x_dma_controller_abort), (152 bytes).
    Removing am_lpc84x_dma.o(i.am_lpc84x_dma_controller_get), (312 bytes).
    Removing am_lpc84x_dma.o(i.am_lpc84x_dma_controller_release), (140 bytes).
    Removing am_lpc84x_dma.o(i.am_lpc84x_dma_deinit), (140 bytes).
    Removing am_lpc84x_dma.o(i.am_lpc84x_dma_transfer), (144 bytes).
    Removing am_lpc84x_dma.o(i.am_lpc84x_dma_transfer_build), (62 bytes).
    Removing am_lpc84x_dma.o(i.am_lpc84x_dma_xfer_desc_build), (152 bytes).
    Removing am_lpc84x_dma.o(i.am_lpc84x_dma_xfer_desc_link), (30 bytes).
    Removing am_lpc84x_dma.o(i.am_lpc84x_dma_xfer_desc_startup), (288 bytes).
    Removing am_lpc84x_dma.o(i.amhw_lpc84x_dma_chan_enable), (8 bytes).
    Removing am_lpc84x_dma.o(i.amhw_lpc84x_dma_chan_int_enable), (8 bytes).
    Removing am_lpc84x_gpio.o(.rev16_text), (4 bytes).
    Removing am_lpc84x_gpio.o(.revsh_text), (4 bytes).
    Removing am_lpc84x_gpio.o(i.__gpio_eint_isr), (80 bytes).
    Removing am_lpc84x_gpio.o(i.am_gpio_trigger_cfg), (188 bytes).
    Removing am_lpc84x_gpio.o(i.am_gpio_trigger_connect), (192 bytes).
    Removing am_lpc84x_gpio.o(i.am_gpio_trigger_disconnect), (140 bytes).
    Removing am_lpc84x_gpio.o(i.am_gpio_trigger_off), (92 bytes).
    Removing am_lpc84x_gpio.o(i.am_gpio_trigger_on), (92 bytes).
    Removing am_lpc84x_gpio.o(i.am_lpc84x_gpio_deinit), (180 bytes).
    Removing amhw_lpc84x_swm.o(.rev16_text), (4 bytes).
    Removing amhw_lpc84x_swm.o(.revsh_text), (4 bytes).
    Removing am_lpc84x_spi_dma.o(.rev16_text), (4 bytes).
    Removing am_lpc84x_spi_dma.o(.revsh_text), (4 bytes).
    Removing am_lpc84x_spi_dma.o(i.__spi_config), (292 bytes).
    Removing am_lpc84x_spi_dma.o(i.__spi_cs_off), (26 bytes).
    Removing am_lpc84x_spi_dma.o(i.__spi_cs_on), (40 bytes).
    Removing am_lpc84x_spi_dma.o(i.__spi_default_cs_dummy), (2 bytes).
    Removing am_lpc84x_spi_dma.o(i.__spi_default_cs_ha), (26 bytes).
    Removing am_lpc84x_spi_dma.o(i.__spi_default_cs_la), (26 bytes).
    Removing am_lpc84x_spi_dma.o(i.__spi_dma_isr), (114 bytes).
    Removing am_lpc84x_spi_dma.o(i.__spi_dma_trans), (732 bytes).
    Removing am_lpc84x_spi_dma.o(i.__spi_hard_init), (50 bytes).
    Removing am_lpc84x_spi_dma.o(i.__spi_info_get), (42 bytes).
    Removing am_lpc84x_spi_dma.o(i.__spi_msg_in), (30 bytes).
    Removing am_lpc84x_spi_dma.o(i.__spi_msg_start), (136 bytes).
    Removing am_lpc84x_spi_dma.o(i.__spi_mst_sm_event), (428 bytes).
    Removing am_lpc84x_spi_dma.o(i.__spi_setup), (160 bytes).
    Removing am_lpc84x_spi_dma.o(i.am_list_del), (18 bytes).
    Removing am_lpc84x_spi_dma.o(i.am_list_empty_careful), (22 bytes).
    Removing am_lpc84x_spi_dma.o(i.am_lpc84x_spi_dma_deinit), (64 bytes).
    Removing am_lpc84x_spi_dma.o(i.am_lpc84x_spi_dma_init), (128 bytes).
    Removing am_lpc84x_spi_dma.o(i.amhw_lpc_spi_cfg_set), (4 bytes).
    Removing am_lpc84x_spi_dma.o(.constdata), (16 bytes).
    Removing am_lpc_spi_poll.o(i.__spi_config), (288 bytes).
    Removing am_lpc_spi_poll.o(i.__spi_cs_off), (26 bytes).
    Removing am_lpc_spi_poll.o(i.__spi_cs_on), (40 bytes).
    Removing am_lpc_spi_poll.o(i.__spi_default_cs_dummy), (2 bytes).
    Removing am_lpc_spi_poll.o(i.__spi_default_cs_ha), (26 bytes).
    Removing am_lpc_spi_poll.o(i.__spi_default_cs_la), (26 bytes).
    Removing am_lpc_spi_poll.o(i.__spi_hard_init), (50 bytes).
    Removing am_lpc_spi_poll.o(i.__spi_info_get), (42 bytes).
    Removing am_lpc_spi_poll.o(i.__spi_msg_start), (74 bytes).
    Removing am_lpc_spi_poll.o(i.__spi_mst_sm_event), (330 bytes).
    Removing am_lpc_spi_poll.o(i.__spi_read_data), (88 bytes).
    Removing am_lpc_spi_poll.o(i.__spi_setup), (160 bytes).
    Removing am_lpc_spi_poll.o(i.__spi_trans_out), (58 bytes).
    Removing am_lpc_spi_poll.o(i.__spi_write_data), (78 bytes).
    Removing am_lpc_spi_poll.o(i.am_lpc_spi_poll_deinit), (46 bytes).
    Removing am_lpc_spi_poll.o(i.am_lpc_spi_poll_init), (92 bytes).
    Removing am_lpc_spi_poll.o(i.amhw_lpc_spi_cfg_set), (4 bytes).
    Removing am_lpc_spi_poll.o(i.amhw_lpc_spi_data_flen_set), (20 bytes).
    Removing am_lpc_spi_poll.o(i.amhw_lpc_spi_disable), (10 bytes).
    Removing am_lpc_spi_poll.o(i.amhw_lpc_spi_txctl_clear), (24 bytes).
    Removing am_lpc_spi_poll.o(i.amhw_lpc_spi_txctl_set), (24 bytes).
    Removing am_lpc_spi_poll.o(i.amhw_lpc_spi_txdat_write), (4 bytes).
    Removing am_lpc_spi_poll.o(.constdata), (12 bytes).
    Removing amhw_lpc84x_iap.o(.rev16_text), (4 bytes).
    Removing amhw_lpc84x_iap.o(.revsh_text), (4 bytes).
    Removing amhw_lpc84x_iap.o(i.amhw_lpc84x_iap_blank_check), (32 bytes).
    Removing amhw_lpc84x_iap.o(i.amhw_lpc84x_iap_boot_ver_read), (24 bytes).
    Removing amhw_lpc84x_iap.o(i.amhw_lpc84x_iap_compare), (36 bytes).
    Removing amhw_lpc84x_iap.o(i.amhw_lpc84x_iap_copy), (40 bytes).
    Removing amhw_lpc84x_iap.o(i.amhw_lpc84x_iap_entry), (20 bytes).
    Removing amhw_lpc84x_iap.o(i.amhw_lpc84x_iap_erase_page), (36 bytes).
    Removing amhw_lpc84x_iap.o(i.amhw_lpc84x_iap_erase_sector), (36 bytes).
    Removing amhw_lpc84x_iap.o(i.amhw_lpc84x_iap_part_id_read), (22 bytes).
    Removing amhw_lpc84x_iap.o(i.amhw_lpc84x_iap_prepare), (32 bytes).
    Removing amhw_lpc84x_iap.o(i.amhw_lpc84x_iap_reinvoke_isp), (20 bytes).
    Removing amhw_lpc84x_iap.o(i.amhw_lpc84x_iap_unique_id_read), (42 bytes).
    Removing demo_am845_core_hw_acmp_int.o(.rev16_text), (4 bytes).
    Removing demo_am845_core_hw_acmp_int.o(.revsh_text), (4 bytes).
    Removing demo_am845_core_hw_acmp_int.o(i.__plfm_acmp_init), (100 bytes).
    Removing demo_am845_core_hw_acmp_int.o(i.demo_am845_core_hw_acmp_int_entry), (72 bytes).
    Removing demo_am845_core_hw_acmp_lad.o(.rev16_text), (4 bytes).
    Removing demo_am845_core_hw_acmp_lad.o(.revsh_text), (4 bytes).
    Removing demo_am845_core_hw_acmp_lad.o(i.__plfm_acmp_init), (100 bytes).
    Removing demo_am845_core_hw_acmp_lad.o(i.demo_am845_core_hw_acmp_lad_entry), (60 bytes).
    Removing demo_am845_core_hw_acmp_poll.o(.rev16_text), (4 bytes).
    Removing demo_am845_core_hw_acmp_poll.o(.revsh_text), (4 bytes).
    Removing demo_am845_core_hw_acmp_poll.o(i.__plfm_acmp_init), (100 bytes).
    Removing demo_am845_core_hw_acmp_poll.o(i.demo_am845_core_hw_acmp_poll_entry), (60 bytes).
    Removing demo_am845_core_hw_adc_dma.o(.rev16_text), (4 bytes).
    Removing demo_am845_core_hw_adc_dma.o(.revsh_text), (4 bytes).
    Removing demo_am845_core_hw_adc_dma.o(i.demo_am845_core_hw_adc_dma_entry), (136 bytes).
    Removing demo_am845_core_hw_adc_thcmp.o(.rev16_text), (4 bytes).
    Removing demo_am845_core_hw_adc_thcmp.o(.revsh_text), (4 bytes).
    Removing demo_am845_core_hw_adc_thcmp.o(i.demo_am845_core_hw_adc_thcmp_entry), (148 bytes).
    Removing demo_am845_core_std_adc_dma_int.o(i.demo_am845_core_std_adc_dma_int_entry), (64 bytes).
    Removing demo_am845_core_std_adc_dma_poll.o(i.demo_am845_core_std_adc_dma_poll_entry), (64 bytes).
    Removing demo_am845_core_std_adc_int.o(i.demo_am845_core_std_adc_int_entry), (64 bytes).
    Removing demo_am845_core_std_adc_ntc.o(i.demo_am845_core_std_adc_ntc_entry), (60 bytes).
    Removing demo_am845_core_std_adc_poll.o(i.demo_am845_core_std_adc_poll_entry), (60 bytes).
    Removing demo_am845_core_hw_crc.o(.rev16_text), (4 bytes).
    Removing demo_am845_core_hw_crc.o(.revsh_text), (4 bytes).
    Removing demo_am845_core_hw_crc.o(i.demo_am845_core_hw_crc_entry), (108 bytes).
    Removing demo_am845_core_hw_crc.o(.data), (16 bytes).
    Removing demo_am845_core_std_crc.o(i.demo_am845_core_std_crc_entry), (52 bytes).
    Removing demo_am845_core_hw_dac.o(.rev16_text), (4 bytes).
    Removing demo_am845_core_hw_dac.o(.revsh_text), (4 bytes).
    Removing demo_am845_core_hw_dac.o(i.demo_am845_core_hw_dac_entry), (52 bytes).
    Removing demo_am845_core_std_dac.o(.rev16_text), (4 bytes).
    Removing demo_am845_core_std_dac.o(.revsh_text), (4 bytes).
    Removing demo_am845_core_std_dac.o(i.demo_am845_core_std_dac_entry), (56 bytes).
    Removing demo_am845_core_drv_dma_hwtrigger_burst.o(.rev16_text), (4 bytes).
    Removing demo_am845_core_drv_dma_hwtrigger_burst.o(.revsh_text), (4 bytes).
    Removing demo_am845_core_drv_dma_hwtrigger_burst.o(i.__pin_init), (36 bytes).
    Removing demo_am845_core_drv_dma_hwtrigger_burst.o(i.demo_am845_core_drv_dma_hwtrigger_burst_entry), (16 bytes).
    Removing demo_am845_core_drv_dma_m2m.o(i.demo_am845_core_drv_dma_m2m_entry), (76 bytes).
    Removing demo_am845_core_drv_dma_m2m.o(.bss), (256 bytes).
    Removing demo_am845_core_drv_dma_ping_pong.o(i.demo_am845_core_drv_dma_ping_pong_entry), (80 bytes).
    Removing demo_am845_core_drv_dma_ping_pong.o(.bss), (16 bytes).
    Removing demo_am845_core_hw_flash_ctrl.o(i.demo_am845_core_hw_flash_ctrl_entry), (44 bytes).
    Removing demo_am845_core_hw_gpio.o(i.demo_am845_core_hw_gpio_entry), (92 bytes).
    Removing demo_am845_core_hw_gpio_int.o(.rev16_text), (4 bytes).
    Removing demo_am845_core_hw_gpio_int.o(.revsh_text), (4 bytes).
    Removing demo_am845_core_hw_gpio_int.o(i.demo_am845_core_hw_gpio_int_entry), (192 bytes).
    Removing demo_am845_core_std_gpio.o(i.demo_am845_core_std_gpio_entry), (48 bytes).
    Removing demo_am845_core_std_gpio_int.o(.rev16_text), (4 bytes).
    Removing demo_am845_core_std_gpio_int.o(.revsh_text), (4 bytes).
    Removing demo_am845_core_std_gpio_int.o(i.demo_am845_core_std_gpio_int_entry), (52 bytes).
    Removing demo_am845_core_std_gpio_key.o(i.demo_am845_core_std_gpio_key_entry), (48 bytes).
    Removing demo_am845_core_hw_i2c_master_dma.o(.rev16_text), (4 bytes).
    Removing demo_am845_core_hw_i2c_master_dma.o(.revsh_text), (4 bytes).
    Removing demo_am845_core_hw_i2c_master_dma.o(i.demo_am845_core_hw_i2c_master_dma_entry), (200 bytes).
    Removing demo_am845_core_hw_i2c_master_poll.o(.rev16_text), (4 bytes).
    Removing demo_am845_core_hw_i2c_master_poll.o(.revsh_text), (4 bytes).
    Removing demo_am845_core_hw_i2c_master_poll.o(i.__i2c_speed_set), (94 bytes).
    Removing demo_am845_core_hw_i2c_master_poll.o(i.demo_am845_core_hw_i2c_master_poll_entry), (216 bytes).
    Removing demo_am845_core_hw_i2c_slave_dma.o(.rev16_text), (4 bytes).
    Removing demo_am845_core_hw_i2c_slave_dma.o(.revsh_text), (4 bytes).
    Removing demo_am845_core_hw_i2c_slave_dma.o(i.demo_am845_core_hw_i2c_slave_dma_entry), (204 bytes).
    Removing demo_am845_core_hw_i2c_slave_int.o(.rev16_text), (4 bytes).
    Removing demo_am845_core_hw_i2c_slave_int.o(.revsh_text), (4 bytes).
    Removing demo_am845_core_hw_i2c_slave_int.o(i.demo_am845_core_hw_i2c_slave_int_entry), (204 bytes).
    Removing demo_am845_core_hw_i2c_slave_poll.o(.rev16_text), (4 bytes).
    Removing demo_am845_core_hw_i2c_slave_poll.o(.revsh_text), (4 bytes).
    Removing demo_am845_core_hw_i2c_slave_poll.o(i.demo_am845_core_hw_i2c_slave_poll_entry), (200 bytes).
    Removing demo_am845_core_std_i2c_lm75.o(i.demo_am845_core_std_i2c_lm75_entry), (18 bytes).
    Removing demo_am845_core_std_i2c_master_async.o(i.demo_am845_core_std_i2c_master_async_entry), (64 bytes).
    Removing demo_am845_core_std_i2c_master_sync.o(i.demo_am845_core_std_i2c_master_sync_entry), (72 bytes).
    Removing demo_am845_core_std_key_input_event.o(i.demo_am845_core_std_key_input_event_entry), (48 bytes).
    Removing demo_am845_core_std_led.o(i.demo_am845_core_std_led_entry), (44 bytes).
    Removing demo_am845_core_hw_mrt.o(.rev16_text), (4 bytes).
    Removing demo_am845_core_hw_mrt.o(.revsh_text), (4 bytes).
    Removing demo_am845_core_hw_mrt.o(i.demo_am845_core_hw_mrt_entry), (180 bytes).
    Removing demo_am845_core_std_mrt_timer.o(i.demo_am845_core_std_mrt_timer_entry), (68 bytes).
    Removing demo_am845_core_hw_pmu_deeppowerdown.o(i.demo_am845_core_hw_pmu_deeppowerdown_entry), (60 bytes).
    Removing demo_am845_core_hw_pmu_deepsleep.o(i.demo_am845_core_hw_pmu_deepsleep_entry), (172 bytes).
    Removing demo_am845_core_hw_pmu_powerdown.o(i.demo_am845_core_hw_pmu_powerdown_entry), (152 bytes).
    Removing demo_am845_core_hw_pmu_sleep.o(i.demo_am845_core_hw_pmu_sleep_entry), (148 bytes).
    Removing demo_am845_core_drv_sct_timing_pwm.o(i.demo_am845_core_drv_sct_timing_pwm_entry), (88 bytes).
    Removing demo_am845_core_drv_sct_timing_pwm.o(.conststring), (68 bytes).
    Removing demo_am845_core_hw_sct_1_32bit_pwm.o(.rev16_text), (4 bytes).
    Removing demo_am845_core_hw_sct_1_32bit_pwm.o(.revsh_text), (4 bytes).
    Removing demo_am845_core_hw_sct_1_32bit_pwm.o(i.demo_am845_core_hw_sct_1_32bit_pwm_entry), (264 bytes).
    Removing demo_am845_core_hw_sct_1_32bit_pwm.o(.conststring), (135 bytes).
    Removing demo_am845_core_hw_sct_1_32bit_timing.o(.rev16_text), (4 bytes).
    Removing demo_am845_core_hw_sct_1_32bit_timing.o(.revsh_text), (4 bytes).
    Removing demo_am845_core_hw_sct_1_32bit_timing.o(i.demo_am845_core_hw_sct_1_32bit_timing_entry), (260 bytes).
    Removing demo_am845_core_hw_sct_2_16bit_pwm.o(.rev16_text), (4 bytes).
    Removing demo_am845_core_hw_sct_2_16bit_pwm.o(.revsh_text), (4 bytes).
    Removing demo_am845_core_hw_sct_2_16bit_pwm.o(i.demo_am845_core_hw_sct_2_16bit_pwm_entry), (232 bytes).
    Removing demo_am845_core_hw_sct_2_16bit_pwm.o(.conststring), (135 bytes).
    Removing demo_am845_core_hw_sct_2_16bit_timing.o(.rev16_text), (4 bytes).
    Removing demo_am845_core_hw_sct_2_16bit_timing.o(.revsh_text), (4 bytes).
    Removing demo_am845_core_hw_sct_2_16bit_timing.o(i.demo_am845_core_hw_sct_2_16bit_timing_entry), (304 bytes).
    Removing demo_am845_core_hw_sct_multi_states.o(.rev16_text), (4 bytes).
    Removing demo_am845_core_hw_sct_multi_states.o(.revsh_text), (4 bytes).
    Removing demo_am845_core_hw_sct_multi_states.o(i.demo_am845_core_hw_sct_multi_states_entry), (192 bytes).
    Removing demo_am845_core_std_sct_pwm.o(i.demo_am845_core_std_sct_pwm_entry), (64 bytes).
    Removing demo_am845_core_std_sct_timer.o(i.demo_am845_core_std_sct_timer_entry), (64 bytes).
    Removing demo_am845_core_hw_spi_master.o(.rev16_text), (4 bytes).
    Removing demo_am845_core_hw_spi_master.o(.revsh_text), (4 bytes).
    Removing demo_am845_core_hw_spi_master.o(i.demo_am845_core_hw_spi_master_entry), (228 bytes).
    Removing demo_am845_core_hw_spi_slave.o(.rev16_text), (4 bytes).
    Removing demo_am845_core_hw_spi_slave.o(.revsh_text), (4 bytes).
    Removing demo_am845_core_hw_spi_slave.o(i.demo_am845_core_hw_spi_slave_entry), (224 bytes).
    Removing demo_am845_core_hw_spi_slave_dma.o(.rev16_text), (4 bytes).
    Removing demo_am845_core_hw_spi_slave_dma.o(.revsh_text), (4 bytes).
    Removing demo_am845_core_hw_spi_slave_dma.o(i.amhw_lpc84x_clk_periph_enable), (44 bytes).
    Removing demo_am845_core_hw_spi_slave_dma.o(i.demo_am845_core_hw_spi_slave_dma_entry), (148 bytes).
    Removing demo_am845_core_std_spi_flash_dma.o(.rev16_text), (4 bytes).
    Removing demo_am845_core_std_spi_flash_dma.o(.revsh_text), (4 bytes).
    Removing demo_am845_core_std_spi_flash_dma.o(i.demo_am845_core_std_spi_flash_dma_entry), (68 bytes).
    Removing demo_am845_core_std_spi_flash_int.o(.rev16_text), (4 bytes).
    Removing demo_am845_core_std_spi_flash_int.o(.revsh_text), (4 bytes).
    Removing demo_am845_core_std_spi_flash_int.o(i.demo_am845_core_std_spi_flash_int_entry), (68 bytes).
    Removing demo_am845_core_std_spi_master_dma.o(.rev16_text), (4 bytes).
    Removing demo_am845_core_std_spi_master_dma.o(.revsh_text), (4 bytes).
    Removing demo_am845_core_std_spi_master_dma.o(i.demo_am845_core_std_spi_master_dma_entry), (64 bytes).
    Removing demo_am845_core_std_spi_master_int.o(.rev16_text), (4 bytes).
    Removing demo_am845_core_std_spi_master_int.o(.revsh_text), (4 bytes).
    Removing demo_am845_core_std_spi_master_int.o(i.demo_am845_core_std_spi_master_int_entry), (60 bytes).
    Removing demo_am845_core_hw_bod.o(i.demo_am845_core_hw_bod_entry), (44 bytes).
    Removing demo_am845_core_hw_clkout.o(i.demo_am845_core_hw_clkout_entry), (8 bytes).
    Removing demo_am845_core_std_delay.o(i.demo_am845_core_std_delay_entry), (40 bytes).
    Removing demo_am845_core_std_systick_timer.o(i.demo_am845_core_std_systick_timer_entry), (56 bytes).
    Removing demo_am845_core_hw_usart_poll.o(.rev16_text), (4 bytes).
    Removing demo_am845_core_hw_usart_poll.o(.revsh_text), (4 bytes).
    Removing demo_am845_core_hw_usart_poll.o(i.demo_am845_core_hw_usart_poll_entry), (212 bytes).
    Removing demo_am845_core_hw_usart_rx_dma.o(.rev16_text), (4 bytes).
    Removing demo_am845_core_hw_usart_rx_dma.o(.revsh_text), (4 bytes).
    Removing demo_am845_core_hw_usart_rx_dma.o(i.demo_am845_core_hw_usart_rx_dma_entry), (212 bytes).
    Removing demo_am845_core_hw_usart_tx_dma.o(.rev16_text), (4 bytes).
    Removing demo_am845_core_hw_usart_tx_dma.o(.revsh_text), (4 bytes).
    Removing demo_am845_core_hw_usart_tx_dma.o(i.demo_am845_core_hw_usart_tx_dma_entry), (212 bytes).
    Removing demo_am845_core_std_usart_flowctrl.o(i.demo_am845_core_std_usart_flowctrl_entry), (56 bytes).
    Removing demo_am845_core_std_usart_poll.o(i.demo_am845_core_std_usart_poll_entry), (56 bytes).
    Removing demo_am845_core_std_usart_rngbuf.o(i.demo_am845_core_std_usart_rngbuf_entry), (56 bytes).
    Removing demo_am845_core_hw_wkt_timer.o(.rev16_text), (4 bytes).
    Removing demo_am845_core_hw_wkt_timer.o(.revsh_text), (4 bytes).
    Removing demo_am845_core_hw_wkt_timer.o(i.demo_am845_core_hw_wkt_timer_entry), (216 bytes).
    Removing demo_am845_core_std_wkt_timer.o(i.demo_am845_core_std_wkt_timer_entry), (68 bytes).
    Removing demo_am845_core_hw_wwdt.o(.rev16_text), (4 bytes).
    Removing demo_am845_core_hw_wwdt.o(.revsh_text), (4 bytes).
    Removing demo_am845_core_hw_wwdt.o(i.demo_am845_core_hw_wwdt_entry), (192 bytes).
    Removing demo_am845_core_std_wwdt.o(.rev16_text), (4 bytes).
    Removing demo_am845_core_std_wwdt.o(.revsh_text), (4 bytes).
    Removing demo_am845_core_std_wwdt.o(i.demo_am845_core_std_wwdt_entry), (208 bytes).
    Removing demo_am845_core_fm175xx_picca_halt.o(i.demo_am845_corefid_dr_fm175xx_picca_halt), (16 bytes).
    Removing demo_am845_core_fm175xx_picca_read_block.o(i.demo_am845_corefid_dr_fm175xx_picca_read_block), (16 bytes).
    Removing demo_am845_core_fm175xx_picca_read_id.o(i.demo_am845_corefid_dr_fm175xx_picca_read_id), (16 bytes).
    Removing demo_am845_core_fm175xx_picca_write_block.o(i.demo_am845_corefid_dr_fm175xx_picca_write_block), (16 bytes).
    Removing demo_am845_core_picca_val_operate.o(i.demo_am845_corefid_dr_fm175xx_picca_val_operate), (16 bytes).
    Removing demo_ep24cxx.o(i.demo_ep24cxx_entry), (340 bytes).
    Removing demo_mx25xx.o(i.demo_mx25xx_entry), (348 bytes).
    Removing demo_ftl.o(i.demo_ftl_entry), (312 bytes).
    Removing demo_mtd.o(i.demo_mtd_entry), (344 bytes).
    Removing demo_fm175xx_picca_read_id.o(i.demo_fm175xx_picca_read_id), (196 bytes).
    Removing demo_fm175xx_cpu_card.o(i.demo_fm175xx_cpu_card), (420 bytes).
    Removing demo_fm175xx_picca_halt.o(i.demo_fm175xx_picca_halt), (316 bytes).
    Removing demo_fm175xx_picca_read_block.o(i.demo_fm175xx_picca_read_block), (328 bytes).
    Removing demo_fm175xx_picca_val_operate.o(i.demo_fm175xx_picca_val_operate), (240 bytes).
    Removing demo_fm175xx_picca_write_block.o(i.demo_fm175xx_picca_write_block), (260 bytes).
    Removing demo_lpc_hw_wwdt.o(i.__wdt_irq_handler), (132 bytes).
    Removing demo_lpc_hw_wwdt.o(i.amhw_lpc_wwdt_feed), (10 bytes).
    Removing demo_lpc_hw_wwdt.o(i.amhw_lpc_wwdt_option_set), (12 bytes).
    Removing demo_lpc_hw_wwdt.o(i.amhw_lpc_wwdt_status_clr), (38 bytes).
    Removing demo_lpc_hw_wwdt.o(i.demo_lpc_hw_wwdt_entry), (192 bytes).
    Removing demo_lpc_hw_wwdt.o(.data), (1 bytes).
    Removing demo_lpc_std_adc_dma_int.o(i.__adc_convert_cb), (60 bytes).
    Removing demo_lpc_std_adc_dma_int.o(i.am_adc_mkbufdesc), (14 bytes).
    Removing demo_lpc_std_adc_dma_int.o(i.demo_lpc_std_adc_dma_int_entry), (352 bytes).
    Removing demo_lpc_std_adc_dma_int.o(.bss), (432 bytes).
    Removing demo_lpc_std_adc_dma_int.o(.data), (1 bytes).
    Removing demo_lpc_std_adc_dma_poll.o(i.demo_lpc_std_adc_dma_poll_entry), (136 bytes).
    Removing demo_lpc_std_adc_dma_poll.o(.bss), (200 bytes).
    Removing demo_lpc_std_adc_int.o(i.__adc_convert_cb), (60 bytes).
    Removing demo_lpc_std_adc_int.o(i.am_adc_mkbufdesc), (14 bytes).
    Removing demo_lpc_std_adc_int.o(i.demo_lpc_std_adc_int_entry), (352 bytes).
    Removing demo_lpc_std_adc_int.o(.bss), (432 bytes).
    Removing demo_lpc_std_adc_int.o(.data), (1 bytes).
    Removing demo_lpc_std_adc_poll.o(i.demo_lpc_std_adc_poll_entry), (132 bytes).
    Removing demo_lpc_std_adc_poll.o(.bss), (400 bytes).
    Removing demo_lpc_crc.o(i.__crc_16), (44 bytes).
    Removing demo_lpc_crc.o(i.__crc_32), (44 bytes).
    Removing demo_lpc_crc.o(i.__crc_ccitt), (48 bytes).
    Removing demo_lpc_crc.o(i.amhw_lpc_crc_mode_set), (8 bytes).
    Removing demo_lpc_crc.o(i.amhw_lpc_crc_seed_set), (4 bytes).
    Removing demo_lpc_crc.o(i.demo_lpc_hw_crc_entry), (176 bytes).
    Removing demo_lpc_std_gpio_key.o(i.demo_lpc_std_gpio_key_entry), (96 bytes).
    Removing demo_lpc_hw_i2c_master_poll.o(i.__i2c_mktrans), (28 bytes).
    Removing demo_lpc_hw_i2c_master_poll.o(i.__i2c_mst_init), (64 bytes).
    Removing demo_lpc_hw_i2c_master_poll.o(i.__i2c_mst_recv), (84 bytes).
    Removing demo_lpc_hw_i2c_master_poll.o(i.__i2c_mst_send), (92 bytes).
    Removing demo_lpc_hw_i2c_master_poll.o(i.__i2c_mst_start), (60 bytes).
    Removing demo_lpc_hw_i2c_master_poll.o(i.amhw_lpc_i2c_mstdat_write), (4 bytes).
    Removing demo_lpc_hw_i2c_master_poll.o(i.demo_lpc_hw_i2c_master_poll_entey), (392 bytes).
    Removing demo_lpc_hw_i2c_master_poll.o(.bss), (12 bytes).
    Removing demo_lpc_hw_i2c_slave_int.o(i.__i2c_slave_init), (42 bytes).
    Removing demo_lpc_hw_i2c_slave_int.o(i.__i2c_slave_isr), (50 bytes).
    Removing demo_lpc_hw_i2c_slave_int.o(i.__i2c_slv_errorstat), (38 bytes).
    Removing demo_lpc_hw_i2c_slave_int.o(i.__i2c_slv_recv), (100 bytes).
    Removing demo_lpc_hw_i2c_slave_int.o(i.__i2c_slv_send), (80 bytes).
    Removing demo_lpc_hw_i2c_slave_int.o(i.__i2c_slv_sm_event), (92 bytes).
    Removing demo_lpc_hw_i2c_slave_int.o(i.amhw_lpc_i2c_int_enable), (4 bytes).
    Removing demo_lpc_hw_i2c_slave_int.o(i.demo_lpc_hw_i2c_slave_int_entry), (232 bytes).
    Removing demo_lpc_hw_i2c_slave_int.o(.data), (2 bytes).
    Removing demo_lpc_hw_i2c_slave_poll.o(i.__i2c_slave_event), (256 bytes).
    Removing demo_lpc_hw_i2c_slave_poll.o(i.__i2c_slave_init), (50 bytes).
    Removing demo_lpc_hw_i2c_slave_poll.o(i.amhw_lpc_i2c_mode_disable), (8 bytes).
    Removing demo_lpc_hw_i2c_slave_poll.o(i.amhw_lpc_i2c_slv_continue), (6 bytes).
    Removing demo_lpc_hw_i2c_slave_poll.o(i.demo_lpc_hw_i2c_slave_poll_entry), (20 bytes).
    Removing demo_lpc_hw_i2c_slave_poll.o(.bss), (32 bytes).
    Removing demo_lpc_hw_i2c_slave_poll.o(.data), (6 bytes).
    Removing demo_lpc_drv_sct_timing_pwm.o(i.__sct_evt_irq), (12 bytes).
    Removing demo_lpc_drv_sct_timing_pwm.o(i.am_lpc_sct_evt_build), (36 bytes).
    Removing demo_lpc_drv_sct_timing_pwm.o(i.demo_lpc_drv_sct_timing_pwm_entry), (216 bytes).
    Removing demo_lpc_hw_sct_1_32bit_pwm.o(i.__sct_pwm_disable), (14 bytes).
    Removing demo_lpc_hw_sct_1_32bit_pwm.o(i.__sct_pwm_duty_config), (84 bytes).
    Removing demo_lpc_hw_sct_1_32bit_pwm.o(i.__sct_pwm_enable), (12 bytes).
    Removing demo_lpc_hw_sct_1_32bit_pwm.o(i.__sct_pwm_init), (104 bytes).
    Removing demo_lpc_hw_sct_1_32bit_pwm.o(i.__sct_pwm_out_init), (144 bytes).
    Removing demo_lpc_hw_sct_1_32bit_pwm.o(i.__sct_pwm_period_config), (80 bytes).
    Removing demo_lpc_hw_sct_1_32bit_pwm.o(i.amhw_lpc_sct_ctrl_set), (8 bytes).
    Removing demo_lpc_hw_sct_1_32bit_pwm.o(i.amhw_lpc_sct_event_ctrl), (16 bytes).
    Removing demo_lpc_hw_sct_1_32bit_pwm.o(i.amhw_lpc_sct_event_state_enable), (30 bytes).
    Removing demo_lpc_hw_sct_1_32bit_pwm.o(i.amhw_lpc_sct_halt_check), (26 bytes).
    Removing demo_lpc_hw_sct_1_32bit_pwm.o(i.demo_lpc_hw_sct_1_32bit_pwm_entry), (104 bytes).
    Removing demo_lpc_hw_sct_1_32bit_timing.o(i.__sct0_irq_handler), (54 bytes).
    Removing demo_lpc_hw_sct_1_32bit_timing.o(i.__sct_timer_enable), (12 bytes).
    Removing demo_lpc_hw_sct_1_32bit_timing.o(i.__sct_timer_init), (244 bytes).
    Removing demo_lpc_hw_sct_1_32bit_timing.o(i.demo_lpc_hw_sct_1_32bit_timing_entry), (28 bytes).
    Removing demo_lpc_hw_sct_2_16bit_pwm.o(i.__prescale_and_match_calculate), (104 bytes).
    Removing demo_lpc_hw_sct_2_16bit_pwm.o(i.__sct_2_16bit_pwm_disable), (82 bytes).
    Removing demo_lpc_hw_sct_2_16bit_pwm.o(i.__sct_2_16bit_pwm_enable), (58 bytes).
    Removing demo_lpc_hw_sct_2_16bit_pwm.o(i.__sct_2_16bit_pwm_init), (134 bytes).
    Removing demo_lpc_hw_sct_2_16bit_pwm.o(i.__sct_pwm_duty_config), (132 bytes).
    Removing demo_lpc_hw_sct_2_16bit_pwm.o(i.__sct_pwm_init), (30 bytes).
    Removing demo_lpc_hw_sct_2_16bit_pwm.o(i.__sct_pwm_out_init), (178 bytes).
    Removing demo_lpc_hw_sct_2_16bit_pwm.o(i.__sct_pwm_period_config), (184 bytes).
    Removing demo_lpc_hw_sct_2_16bit_pwm.o(i.amhw_lpc_sct_ctrl_clr), (8 bytes).
    Removing demo_lpc_hw_sct_2_16bit_pwm.o(i.amhw_lpc_sct_ctrl_set), (8 bytes).
    Removing demo_lpc_hw_sct_2_16bit_pwm.o(i.amhw_lpc_sct_event_ctrl), (16 bytes).
    Removing demo_lpc_hw_sct_2_16bit_pwm.o(i.amhw_lpc_sct_event_state_enable), (30 bytes).
    Removing demo_lpc_hw_sct_2_16bit_pwm.o(i.amhw_lpc_sct_halt_check), (26 bytes).
    Removing demo_lpc_hw_sct_2_16bit_pwm.o(i.amhw_lpc_sct_out_set_enable), (30 bytes).
    Removing demo_lpc_hw_sct_2_16bit_pwm.o(i.demo_lpc_hw_sct_2_16bit_pwm_entry), (128 bytes).
    Removing demo_lpc_hw_sct_2_16bit_timing.o(i.__prescale_and_match_calculate), (104 bytes).
    Removing demo_lpc_hw_sct_2_16bit_timing.o(i.__sct0_irq_handler), (76 bytes).
    Removing demo_lpc_hw_sct_2_16bit_timing.o(i.__sct_2_16bit_init), (40 bytes).
    Removing demo_lpc_hw_sct_2_16bit_timing.o(i.__sct_2_16bit_timer_disable), (32 bytes).
    Removing demo_lpc_hw_sct_2_16bit_timing.o(i.__sct_2_16bit_timer_enable), (32 bytes).
    Removing demo_lpc_hw_sct_2_16bit_timing.o(i.__sct_2_16bit_timer_init), (330 bytes).
    Removing demo_lpc_hw_sct_2_16bit_timing.o(i.amhw_lpc_sct_ctrl_clr), (8 bytes).
    Removing demo_lpc_hw_sct_2_16bit_timing.o(i.amhw_lpc_sct_ctrl_set), (8 bytes).
    Removing demo_lpc_hw_sct_2_16bit_timing.o(i.amhw_lpc_sct_event_flag_chk), (24 bytes).
    Removing demo_lpc_hw_sct_2_16bit_timing.o(i.amhw_lpc_sct_event_flag_clr), (10 bytes).
    Removing demo_lpc_hw_sct_2_16bit_timing.o(i.amhw_lpc_sct_halt_check), (26 bytes).
    Removing demo_lpc_hw_sct_2_16bit_timing.o(i.demo_lpc_hw_sct_2_16bit_timing_entry), (96 bytes).
    Removing demo_lpc_hw_sct_2_16bit_timing.o(.data), (8 bytes).
    Removing demo_lpc_hw_sct_cap.o(i.__sct_cap_chan_config), (78 bytes).
    Removing demo_lpc_hw_sct_cap.o(i.__sct_cap_chan_enable), (76 bytes).
    Removing demo_lpc_hw_sct_cap.o(i.__sct_cap_init), (64 bytes).
    Removing demo_lpc_hw_sct_cap.o(i.__sct_cap_isr), (52 bytes).
    Removing demo_lpc_hw_sct_cap.o(i.amhw_lpc_sct_ctrl_set), (8 bytes).
    Removing demo_lpc_hw_sct_cap.o(i.amhw_lpc_sct_event_flag_clr), (10 bytes).
    Removing demo_lpc_hw_sct_cap.o(i.demo_lpc_hw_sct_cap_entry), (208 bytes).
    Removing demo_lpc_hw_sct_cap.o(.data), (1 bytes).
    Removing demo_lpc_hw_sct_multi_states.o(i.__sct_disable), (14 bytes).
    Removing demo_lpc_hw_sct_multi_states.o(i.__sct_enable), (12 bytes).
    Removing demo_lpc_hw_sct_multi_states.o(i.__sct_evt_init), (80 bytes).
    Removing demo_lpc_hw_sct_multi_states.o(i.__sct_init), (402 bytes).
    Removing demo_lpc_hw_sct_multi_states.o(i.__sct_match_init), (70 bytes).
    Removing demo_lpc_hw_sct_multi_states.o(i.amhw_lpc_sct_ctrl_set), (8 bytes).
    Removing demo_lpc_hw_sct_multi_states.o(i.amhw_lpc_sct_event_limit_enable), (30 bytes).
    Removing demo_lpc_hw_sct_multi_states.o(i.amhw_lpc_sct_out_clr_enable), (34 bytes).
    Removing demo_lpc_hw_sct_multi_states.o(i.amhw_lpc_sct_out_set_enable), (30 bytes).
    Removing demo_lpc_hw_sct_multi_states.o(i.demo_lpc_hw_sct_multi_states_entry), (28 bytes).
    Removing demo_lpc_hw_usart_poll.o(i.demo_lpc_hw_usart_poll_entry), (100 bytes).
    Removing demo_lpc_std_usart_flowctrl.o(i.demo_lpc_std_usart_flowctrl_entry), (136 bytes).
    Removing demo_lpc_std_usart_flowctrl.o(.bss), (368 bytes).
    Removing demo_lpc_hw_spi_master.o(i.__spi_master_hard_init), (136 bytes).
    Removing demo_lpc_hw_spi_master.o(i.__spi_sent_byte), (46 bytes).
    Removing demo_lpc_hw_spi_master.o(i.__spi_sent_str), (26 bytes).
    Removing demo_lpc_hw_spi_master.o(i.demo_lpc_hw_spi_master_entry), (40 bytes).
    Removing demo_lpc_hw_spi_slave.o(i.__spi_recive), (104 bytes).
    Removing demo_lpc_hw_spi_slave.o(i.__spi_slave_hard_init), (136 bytes).
    Removing demo_lpc_hw_spi_slave.o(i.demo_lpc_hw_spi_slave_entry), (108 bytes).
    Removing demo_lpc_hw_spi_slave.o(.bss), (255 bytes).
    Removing demo_lpc_hw_spi_slave.o(.data), (1 bytes).
    Removing demo_lpc_hw_wkt_timer.o(i.amhw_lpc_wkt_clksel_get), (10 bytes).
    Removing demo_lpc_hw_wkt_timer.o(i.amhw_lpc_wkt_count_set), (4 bytes).
    Removing demo_lpc_hw_wkt_timer.o(i.demo_lpc_hw_wkt_timer), (22 bytes).
    Removing demo_lpc_hw_wkt_timer.o(i.wkt_delayms), (100 bytes).
    Removing demo_lpc_std_wkt_timer.o(i.__wkt_callback), (32 bytes).
    Removing demo_lpc_std_wkt_timer.o(i.am_timer_enable), (20 bytes).
    Removing demo_lpc_std_wkt_timer.o(i.demo_lpc_std_wkt_timer_entry), (76 bytes).
    Removing demo_lpc_std_wkt_timer.o(.data), (4 bytes).
    Removing demo_lpc845_hw_acmp_poll.o(i.demo_lpc845_hw_acmp_poll_entry), (148 bytes).
    Removing demo_lpc845_hw_adc_dma.o(.rev16_text), (4 bytes).
    Removing demo_lpc845_hw_adc_dma.o(.revsh_text), (4 bytes).
    Removing demo_lpc845_hw_adc_dma.o(i.__adc_config), (88 bytes).
    Removing demo_lpc845_hw_adc_dma.o(i.__adc_dma_startup), (168 bytes).
    Removing demo_lpc845_hw_adc_dma.o(i.__dma_isr), (68 bytes).
    Removing demo_lpc845_hw_adc_dma.o(i.demo_lpc845_hw_adc_dma_entry), (264 bytes).
    Removing demo_lpc845_hw_adc_dma.o(.bss), (832 bytes).
    Removing demo_lpc845_hw_adc_dma.o(.data), (8 bytes).
    Removing demo_lpc845_hw_adc_thcmp.o(i.__adc_config), (180 bytes).
    Removing demo_lpc845_hw_adc_thcmp.o(i.__adc_isr), (120 bytes).
    Removing demo_lpc845_hw_adc_thcmp.o(i.amhw_lpc84x_adc_chan_data_get), (12 bytes).
    Removing demo_lpc845_hw_adc_thcmp.o(i.amhw_lpc84x_adc_flags_clr), (4 bytes).
    Removing demo_lpc845_hw_adc_thcmp.o(i.amhw_lpc84x_adc_thr_low_set), (16 bytes).
    Removing demo_lpc845_hw_adc_thcmp.o(i.demo_lpc845_hw_adc_thcmp_entry), (632 bytes).
    Removing demo_lpc845_hw_adc_thcmp.o(.conststring), (66 bytes).
    Removing demo_lpc845_hw_adc_thcmp.o(.data), (12 bytes).
    Removing demo_lpc845_hw_dac_buf_int.o(.rev16_text), (4 bytes).
    Removing demo_lpc845_hw_dac_buf_int.o(.revsh_text), (4 bytes).
    Removing demo_lpc845_hw_dac_buf_int.o(i.__lpc_dac_int), (48 bytes).
    Removing demo_lpc845_hw_dac_buf_int.o(i.amhw_lpc84x_clk_periph_enable), (44 bytes).
    Removing demo_lpc845_hw_dac_buf_int.o(i.demo_lpc_hw_dac_buf_int_entry), (356 bytes).
    Removing demo_lpc845_hw_dac_buf_int.o(.constdata), (128 bytes).
    Removing demo_lpc845_hw_dac_buf_int.o(.data), (4 bytes).
    Removing demo_lpc845_drv_dma_hwtrigger_burst.o(.rev16_text), (4 bytes).
    Removing demo_lpc845_drv_dma_hwtrigger_burst.o(.revsh_text), (4 bytes).
    Removing demo_lpc845_drv_dma_hwtrigger_burst.o(i.__buffer_printf), (116 bytes).
    Removing demo_lpc845_drv_dma_hwtrigger_burst.o(i.__dma_hwtrigger_bust_edge_test), (668 bytes).
    Removing demo_lpc845_drv_dma_hwtrigger_burst.o(i.__dma_hwtrigger_bust_level_test), (556 bytes).
    Removing demo_lpc845_drv_dma_hwtrigger_burst.o(i.__dma_hwtrigger_bust_wrap_test), (472 bytes).
    Removing demo_lpc845_drv_dma_hwtrigger_burst.o(i.demo_lpc845_drv_dma_hwtrigger_burst_entry), (80 bytes).
    Removing demo_lpc845_drv_dma_hwtrigger_burst.o(.bss), (96 bytes).
    Removing demo_lpc845_drv_dma_m2m.o(.rev16_text), (4 bytes).
    Removing demo_lpc845_drv_dma_m2m.o(.revsh_text), (4 bytes).
    Removing demo_lpc845_drv_dma_m2m.o(i.__dma_m2m_isr), (40 bytes).
    Removing demo_lpc845_drv_dma_m2m.o(i.__dma_memory_copy), (92 bytes).
    Removing demo_lpc845_drv_dma_m2m.o(i.demo_lpc845_drv_dma_m2m_entry), (100 bytes).
    Removing demo_lpc845_drv_dma_ping_pong.o(i.__dma_ping_pong_isr), (60 bytes).
    Removing demo_lpc845_drv_dma_ping_pong.o(i.demo_lpc845_drv_dma_ping_pong_entry), (376 bytes).
    Removing demo_lpc845_drv_dma_ping_pong.o(.bss), (32 bytes).
    Removing demo_lpc845_drv_dma_ping_pong.o(.data), (3 bytes).
    Removing demo_lpc845_hw_flash_ctrl.o(i.__cal_sign), (66 bytes).
    Removing demo_lpc845_hw_flash_ctrl.o(i.demo_lpc845_hw_flash_ctrl_entry), (160 bytes).
    Removing demo_lpc845_hw_gpio.o(i.demo_lpc845_hw_gpio_entry), (168 bytes).
    Removing demo_lpc845_hw_gpio_int.o(.rev16_text), (4 bytes).
    Removing demo_lpc845_hw_gpio_int.o(.revsh_text), (4 bytes).
    Removing demo_lpc845_hw_gpio_int.o(i.__hw_pint_isr), (64 bytes).
    Removing demo_lpc845_hw_gpio_int.o(i.demo_lpc845_hw_gpio_int_entry), (48 bytes).
    Removing demo_lpc845_hw_i2c_master_dma.o(.rev16_text), (4 bytes).
    Removing demo_lpc845_hw_i2c_master_dma.o(.revsh_text), (4 bytes).
    Removing demo_lpc845_hw_i2c_master_dma.o(i.__i2c_dma_isr), (132 bytes).
    Removing demo_lpc845_hw_i2c_master_dma.o(i.__i2c_dma_test), (308 bytes).
    Removing demo_lpc845_hw_i2c_master_dma.o(i.__i2c_mst_init), (80 bytes).
    Removing demo_lpc845_hw_i2c_master_dma.o(i.__i2c_mst_start), (148 bytes).
    Removing demo_lpc845_hw_i2c_master_dma.o(i.amhw_lpc_i2c_mstdat_write), (4 bytes).
    Removing demo_lpc845_hw_i2c_master_dma.o(i.demo_lpc845_hw_i2c_master_dma_entry), (64 bytes).
    Removing demo_lpc845_hw_i2c_master_dma.o(.data), (18 bytes).
    Removing demo_lpc845_hw_i2c_slave_dma.o(.rev16_text), (4 bytes).
    Removing demo_lpc845_hw_i2c_slave_dma.o(.revsh_text), (4 bytes).
    Removing demo_lpc845_hw_i2c_slave_dma.o(i.__dma_i2c_test), (128 bytes).
    Removing demo_lpc845_hw_i2c_slave_dma.o(i.__i2c_dma_isr), (64 bytes).
    Removing demo_lpc845_hw_i2c_slave_dma.o(i.__i2c_slave_init), (84 bytes).
    Removing demo_lpc845_hw_i2c_slave_dma.o(i.__i2c_slave_start), (184 bytes).
    Removing demo_lpc845_hw_i2c_slave_dma.o(i.amhw_lpc_i2c_mode_disable), (8 bytes).
    Removing demo_lpc845_hw_i2c_slave_dma.o(i.demo_lpc845_hw_i2c_slave_dma_entry), (172 bytes).
    Removing demo_lpc845_hw_i2c_slave_dma.o(.bss), (32 bytes).
    Removing demo_lpc845_hw_i2c_slave_dma.o(.data), (10 bytes).
    Removing demo_lpc845_hw_mrt.o(.rev16_text), (4 bytes).
    Removing demo_lpc845_hw_mrt.o(.revsh_text), (4 bytes).
    Removing demo_lpc845_hw_mrt.o(i.__mrt_irq_handler), (86 bytes).
    Removing demo_lpc845_hw_mrt.o(i.amhw_lpc_mrt_chan_pending_chk), (14 bytes).
    Removing demo_lpc845_hw_mrt.o(i.amhw_lpc_mrt_int_disable), (18 bytes).
    Removing demo_lpc845_hw_mrt.o(i.amhw_lpc_mrt_int_enable), (18 bytes).
    Removing demo_lpc845_hw_mrt.o(i.amhw_lpc_mrt_int_pending_clr), (10 bytes).
    Removing demo_lpc845_hw_mrt.o(i.amhw_lpc_mrt_intval_set), (20 bytes).
    Removing demo_lpc845_hw_mrt.o(i.amhw_lpc_mrt_mode_set), (22 bytes).
    Removing demo_lpc845_hw_mrt.o(i.demo_lpc845_hw_mrt_entry), (292 bytes).
    Removing demo_lpc845_hw_pmu_deeppowerdown.o(.rev16_text), (4 bytes).
    Removing demo_lpc845_hw_pmu_deeppowerdown.o(.revsh_text), (4 bytes).
    Removing demo_lpc845_hw_pmu_deeppowerdown.o(i.__deeppowerdown_wkt_isr), (48 bytes).
    Removing demo_lpc845_hw_pmu_deeppowerdown.o(i.__scb_scr_set), (12 bytes).
    Removing demo_lpc845_hw_pmu_deeppowerdown.o(i.__wkt_delayms_set), (56 bytes).
    Removing demo_lpc845_hw_pmu_deeppowerdown.o(i.__wkt_init), (184 bytes).
    Removing demo_lpc845_hw_pmu_deeppowerdown.o(i.amhw_lpc82x_pmu_gpdata_get), (10 bytes).
    Removing demo_lpc845_hw_pmu_deeppowerdown.o(i.amhw_lpc82x_pmu_gpdata_save), (10 bytes).
    Removing demo_lpc845_hw_pmu_deeppowerdown.o(i.amhw_lpc_wkt_count_set), (4 bytes).
    Removing demo_lpc845_hw_pmu_deeppowerdown.o(i.demo_lpc845_hw_pmu_deeppowerdown_entry), (280 bytes).
    Removing demo_lpc845_hw_pmu_deeppowerdown.o(.data), (1 bytes).
    Removing demo_lpc845_hw_pmu_deepsleep.o(.rev16_text), (4 bytes).
    Removing demo_lpc845_hw_pmu_deepsleep.o(.revsh_text), (4 bytes).
    Removing demo_lpc845_hw_pmu_deepsleep.o(i.__deepsleep_pint_isr), (32 bytes).
    Removing demo_lpc845_hw_pmu_deepsleep.o(i.__lpc84x_scb_scr_set), (12 bytes).
    Removing demo_lpc845_hw_pmu_deepsleep.o(i.demo_lpc845_hw_pmu_deepsleep_entry), (180 bytes).
    Removing demo_lpc845_hw_pmu_deepsleep.o(.data), (1 bytes).
    Removing demo_lpc845_hw_pmu_powerdown.o(.rev16_text), (4 bytes).
    Removing demo_lpc845_hw_pmu_powerdown.o(.revsh_text), (4 bytes).
    Removing demo_lpc845_hw_pmu_powerdown.o(i.__lpc84x_scb_scr_set), (12 bytes).
    Removing demo_lpc845_hw_pmu_powerdown.o(i.__powerdown_pint_isr), (32 bytes).
    Removing demo_lpc845_hw_pmu_powerdown.o(i.demo_lpc845_hw_pmu_powerdown_entry), (200 bytes).
    Removing demo_lpc845_hw_pmu_powerdown.o(.data), (1 bytes).
    Removing demo_lpc845_hw_pmu_sleep.o(.rev16_text), (4 bytes).
    Removing demo_lpc845_hw_pmu_sleep.o(.revsh_text), (4 bytes).
    Removing demo_lpc845_hw_pmu_sleep.o(i.__lpc82x_scb_scr_set), (12 bytes).
    Removing demo_lpc845_hw_pmu_sleep.o(i.__sleep_pint_isr), (32 bytes).
    Removing demo_lpc845_hw_pmu_sleep.o(i.demo_lpc845_hw_pmu_sleep_entry), (200 bytes).
    Removing demo_lpc845_hw_pmu_sleep.o(.data), (1 bytes).
    Removing demo_am845_std_sct_timer.o(i.__src_timing_callback), (12 bytes).
    Removing demo_am845_std_sct_timer.o(i.demo_lpc84x_std_sct_timer_entry), (76 bytes).
    Removing demo_am845_std_sct_pwm.o(i.am_pwm_config), (28 bytes).
    Removing demo_am845_std_sct_pwm.o(i.am_pwm_enable), (18 bytes).
    Removing demo_am845_std_sct_pwm.o(i.demo_lpc84x_std_sct_pwm_entry), (136 bytes).
    Removing demo_am845_std_sct_pwm.o(.conststring), (135 bytes).
    Removing demo_lpc845_hw_spi_slave_dma.o(.rev16_text), (4 bytes).
    Removing demo_lpc845_hw_spi_slave_dma.o(.revsh_text), (4 bytes).
    Removing demo_lpc845_hw_spi_slave_dma.o(i.__dma_isr), (40 bytes).
    Removing demo_lpc845_hw_spi_slave_dma.o(i.__dma_ping_pong_test), (168 bytes).
    Removing demo_lpc845_hw_spi_slave_dma.o(i.__spi_slv_init), (18 bytes).
    Removing demo_lpc845_hw_spi_slave_dma.o(i.__spi_slv_start), (24 bytes).
    Removing demo_lpc845_hw_spi_slave_dma.o(i.demo_lpc824_hw_spi_slave_dma_entry), (212 bytes).
    Removing demo_lpc845_hw_spi_slave_dma.o(.bss), (96 bytes).
    Removing demo_lpc845_hw_spi_slave_dma.o(.data), (2 bytes).
    Removing demo_lpc845_hw_clkout.o(.rev16_text), (4 bytes).
    Removing demo_lpc845_hw_clkout.o(.revsh_text), (4 bytes).
    Removing demo_lpc845_hw_clkout.o(i.demo_lpc845_hw_clkout_entry), (140 bytes).
    Removing demo_lpc845_hw_bod.o(.rev16_text), (4 bytes).
    Removing demo_lpc845_hw_bod.o(.revsh_text), (4 bytes).
    Removing demo_lpc845_hw_bod.o(i.__bod_irq_callback), (12 bytes).
    Removing demo_lpc845_hw_bod.o(i.demo_lpc845_hw_bod_entry), (176 bytes).
    Removing demo_lpc845_hw_usart_rx_dma.o(.rev16_text), (4 bytes).
    Removing demo_lpc845_hw_usart_rx_dma.o(.revsh_text), (4 bytes).
    Removing demo_lpc845_hw_usart_rx_dma.o(i.__rx_dma_callback), (80 bytes).
    Removing demo_lpc845_hw_usart_rx_dma.o(i.__usart_dma_receive), (72 bytes).
    Removing demo_lpc845_hw_usart_rx_dma.o(i.demo_lpc845_hw_usart_rx_dma_entry), (108 bytes).
    Removing demo_lpc845_hw_usart_rx_dma.o(.bss), (256 bytes).
    Removing demo_lpc845_hw_usart_rx_dma.o(.data), (4 bytes).
    Removing demo_lpc845_hw_usart_tx_dma.o(.rev16_text), (4 bytes).
    Removing demo_lpc845_hw_usart_tx_dma.o(.revsh_text), (4 bytes).
    Removing demo_lpc845_hw_usart_tx_dma.o(i.__tx_dma_callback), (80 bytes).
    Removing demo_lpc845_hw_usart_tx_dma.o(i.__usart_dma_send), (72 bytes).
    Removing demo_lpc845_hw_usart_tx_dma.o(i.demo_lpc845_hw_usart_tx_dma_entry), (140 bytes).
    Removing demo_lpc845_hw_usart_tx_dma.o(.bss), (256 bytes).
    Removing demo_lpc845_hw_usart_tx_dma.o(.data), (4 bytes).
    Removing demo_lpc824_hw_acmp_lad.o(i.demo_lpc824_hw_acmp_lad_entry), (204 bytes).
    Removing demo_lpc824_hw_acmp_int.o(i.__acmp_irq_handler), (36 bytes).
    Removing demo_lpc824_hw_acmp_int.o(i.demo_lpc824_hw_acmp_int_entry), (172 bytes).
    Removing demo_lpc824_hw_acmp_int.o(.data), (1 bytes).
    Removing demo_lpc845_hw_iap.o(.rev16_text), (4 bytes).
    Removing demo_lpc845_hw_iap.o(.revsh_text), (4 bytes).
    Removing demo_lpc845_hw_iap.o(i.__print_page_data), (144 bytes).
    Removing demo_lpc845_hw_iap.o(i.demo_lpc845_hw_iap_entry), (808 bytes).
    Removing demo_std_adc.o(i.__adc_code_get), (136 bytes).
    Removing demo_std_adc.o(i.am_adc_bits_get), (18 bytes).
    Removing demo_std_adc.o(i.demo_std_adc_entry), (208 bytes).
    Removing demo_std_adc_ntc.o(i.__adc_code_get), (136 bytes).
    Removing demo_std_adc_ntc.o(i.__ntc_res_to_temp), (100 bytes).
    Removing demo_std_adc_ntc.o(i.__ntc_temp_get_from_range), (64 bytes).
    Removing demo_std_adc_ntc.o(i.am_adc_bits_get), (18 bytes).
    Removing demo_std_adc_ntc.o(i.demo_std_adc_ntc_entry), (152 bytes).
    Removing demo_std_adc_ntc.o(.constdata), (432 bytes).
    Removing demo_std_buzzer.o(i.demo_std_buzzer_entry), (44 bytes).
    Removing demo_std_timer_cap.o(i.__cap_callback), (112 bytes).
    Removing demo_std_timer_cap.o(i.demo_std_timer_cap_entry), (148 bytes).
    Removing demo_std_timer_cap.o(.data), (13 bytes).
    Removing demo_std_crc.o(i.am_crc_cal), (22 bytes).
    Removing demo_std_crc.o(i.am_crc_final), (18 bytes).
    Removing demo_std_crc.o(i.am_crc_init), (18 bytes).
    Removing demo_std_crc.o(i.demo_std_crc_entry), (452 bytes).
    Removing demo_std_crc.o(.constdata), (8 bytes).
    Removing demo_std_crc.o(.data), (4 bytes).
    Removing demo_std_delay.o(i.demo_std_delay_entry), (26 bytes).
    Removing demo_std_gpio.o(i.demo_std_gpio_entry), (56 bytes).
    Removing demo_std_gpio_trigger.o(i.__gpio_isr), (52 bytes).
    Removing demo_std_gpio_trigger.o(i.demo_std_gpio_trigger_entry), (36 bytes).
    Removing demo_std_hc595_led.o(i.am_hc595_send), (46 bytes).
    Removing demo_std_hc595_led.o(i.demo_std_hc595_led_entry), (68 bytes).
    Removing demo_std_i2c_lm75.o(i.demo_std_i2c_lm75_entry), (156 bytes).
    Removing demo_std_i2c_master_async.o(i.__i2c_msg_callback), (44 bytes).
    Removing demo_std_i2c_master_async.o(i.am_i2c_mkmsg), (24 bytes).
    Removing demo_std_i2c_master_async.o(i.am_i2c_mktrans), (14 bytes).
    Removing demo_std_i2c_master_async.o(i.am_i2c_msg_start), (18 bytes).
    Removing demo_std_i2c_master_async.o(i.demo_std_i2c_master_async_entry), (400 bytes).
    Removing demo_std_i2c_master_sync.o(i.demo_std_i2c_master_sync_entry), (336 bytes).
    Removing demo_std_i2c_slave.o(i.__addr_matching), (20 bytes).
    Removing demo_std_i2c_slave.o(i.__rxbyte_put), (32 bytes).
    Removing demo_std_i2c_slave.o(i.__tran_stop), (12 bytes).
    Removing demo_std_i2c_slave.o(i.__txbyte_get), (36 bytes).
    Removing demo_std_i2c_slave.o(i.demo_std_i2c_slave_entry), (68 bytes).
    Removing demo_std_i2c_slave.o(.bss), (20 bytes).
    Removing demo_std_i2c_slave.o(.data), (24 bytes).
    Removing demo_std_i2c_slave_subaddr.o(i.__i2c_slv_dev_tran_finish_callback), (2 bytes).
    Removing demo_std_i2c_slave_subaddr.o(i.demo_std_i2c_slave_subaddr_entry), (64 bytes).
    Removing demo_std_i2c_slave_subaddr.o(.data), (80 bytes).
    Removing demo_std_4key.o(i.__input_key_proc), (344 bytes).
    Removing demo_std_4key.o(i.demo_std_4key_entry), (24 bytes).
    Removing demo_std_4key.o(.bss), (24 bytes).
    Removing demo_std_key.o(i.__input_key_proc), (108 bytes).
    Removing demo_std_key.o(i.demo_std_key_entry), (28 bytes).
    Removing demo_std_key.o(.bss), (24 bytes).
    Removing demo_std_key_digitron.o(i.__digitron_disp_key_code), (102 bytes).
    Removing demo_std_key_digitron.o(i.__input_key_proc), (136 bytes).
    Removing demo_std_key_digitron.o(i.demo_std_key_digitron_entry), (56 bytes).
    Removing demo_std_key_digitron.o(.bss), (24 bytes).
    Removing demo_std_key_digitron_rngbuf.o(i.__digitron_disp_key_code), (102 bytes).
    Removing demo_std_key_digitron_rngbuf.o(i.__input_key_cb), (100 bytes).
    Removing demo_std_key_digitron_rngbuf.o(i.__input_key_proc), (132 bytes).
    Removing demo_std_key_digitron_rngbuf.o(i.demo_std_key_digitron_rngbuf_entry), (132 bytes).
    Removing demo_std_key_digitron_rngbuf.o(.bss), (296 bytes).
    Removing demo_std_led.o(i.demo_std_led_entry), (34 bytes).
    Removing demo_std_led_water_light.o(i.demo_std_led_water_light_entry), (40 bytes).
    Removing demo_std_nvram.o(i.demo_std_nvram_entry), (344 bytes).
    Removing demo_std_timer_pwm.o(i.demo_std_timer_pwm_entry), (48 bytes).
    Removing demo_std_rtc.o(i.demo_std_rtc_entry), (192 bytes).
    Removing demo_std_rtc.o(.data), (36 bytes).
    Removing demo_std_softimer.o(i.demo_std_softimer_entry), (28 bytes).
    Removing demo_std_softimer.o(i.softimer_callback), (28 bytes).
    Removing demo_std_spi_flash.o(i.demo_std_spi_flash_entry), (96 bytes).
    Removing demo_std_spi_flash.o(i.flash_id_chk), (76 bytes).
    Removing demo_std_spi_flash.o(i.flash_isbusy_chk), (34 bytes).
    Removing demo_std_spi_flash.o(i.flash_wren), (26 bytes).
    Removing demo_std_spi_flash.o(i.spi_flash_erase), (68 bytes).
    Removing demo_std_spi_flash.o(i.spi_flash_read), (64 bytes).
    Removing demo_std_spi_flash.o(i.spi_flash_test_demo), (244 bytes).
    Removing demo_std_spi_flash.o(i.spi_flash_write), (72 bytes).
    Removing demo_std_spi_flash.o(.bss), (256 bytes).
    Removing demo_std_spi_flash.o(.data), (256 bytes).
    Removing demo_std_spi_master.o(i.__message_complete), (14 bytes).
    Removing demo_std_spi_master.o(i.__trans_once), (356 bytes).
    Removing demo_std_spi_master.o(i.demo_std_spi_master_entry), (16 bytes).
    Removing demo_std_spi_master.o(.bss), (60 bytes).
    Removing demo_std_spi_slave.o(i.__cs_active), (6 bytes).
    Removing demo_std_spi_slave.o(i.__cs_inactive), (92 bytes).
    Removing demo_std_spi_slave.o(i.__transfer_data), (28 bytes).
    Removing demo_std_spi_slave.o(i.demo_std_spi_slave_entry), (100 bytes).
    Removing demo_std_spi_slave.o(.bss), (80 bytes).
    Removing demo_std_spi_slave.o(.data), (12 bytes).
    Removing demo_std_timer_timing.o(i.__tim_timing_callback), (40 bytes).
    Removing demo_std_timer_timing.o(i.demo_std_timer_timing_entry), (164 bytes).
    Removing demo_std_wdt.o(i.demo_std_wdt_entry), (196 bytes).
    Removing demo_std_uart_polling.o(i.demo_std_uart_polling_entry), (44 bytes).
    Removing demo_std_uart_polling.o(.constdata), (33 bytes).
    Removing demo_std_uart_ringbuf.o(i.demo_std_uart_ringbuf_entry), (80 bytes).
    Removing demo_std_uart_ringbuf.o(.bss), (368 bytes).
    Removing demo_std_uart_ringbuf.o(.constdata), (45 bytes).
    Removing demo_std_uart_rs485.o(i.am_uart_ioctl), (22 bytes).
    Removing demo_std_uart_rs485.o(i.demo_std_uart_rs485_entry), (84 bytes).
    Removing demo_std_digitron_60s_counting.o(i.demo_std_digitron_60s_counting_entry), (172 bytes).
    Removing demo_std_digitron_temp.o(i.am_temp_read), (18 bytes).
    Removing demo_std_digitron_temp.o(i.demo_std_digitron_temp_entry), (192 bytes).
    Removing demo_lpc845_std_dac.o(.rev16_text), (4 bytes).
    Removing demo_lpc845_std_dac.o(.revsh_text), (4 bytes).
    Removing demo_lpc845_std_dac.o(i.demo_lpc_std_dac_entry), (152 bytes).
    Removing am_lpc84x_armcc_startup.o(HEAP), (512 bytes).
    Removing am_hwconf_arm_nvic.o(.rev16_text), (4 bytes).
    Removing am_hwconf_arm_nvic.o(.revsh_text), (4 bytes).
    Removing am_hwconf_arm_nvic.o(i.am_arm_nvic_inst_deinit), (8 bytes).
    Removing am_hwconf_arm_systick.o(.rev16_text), (4 bytes).
    Removing am_hwconf_arm_systick.o(.revsh_text), (4 bytes).
    Removing am_hwconf_arm_systick.o(i.am_arm_systick_inst_deinit), (12 bytes).
    Removing am_hwconf_fm175xx.o(i.am_fm175xx_inst_init), (32 bytes).
    Removing am_hwconf_fm175xx.o(.bss), (100 bytes).
    Removing am_hwconf_fm175xx.o(.constdata), (20 bytes).
    Removing am_hwconf_key_gpio.o(.rev16_text), (4 bytes).
    Removing am_hwconf_key_gpio.o(.revsh_text), (4 bytes).
    Removing am_hwconf_led_gpio.o(.rev16_text), (4 bytes).
    Removing am_hwconf_led_gpio.o(.revsh_text), (4 bytes).
    Removing am_hwconf_lm75.o(.rev16_text), (4 bytes).
    Removing am_hwconf_lm75.o(.revsh_text), (4 bytes).
    Removing am_hwconf_lm75.o(i.am_temp_lm75_inst_init), (28 bytes).
    Removing am_hwconf_lm75.o(.bss), (20 bytes).
    Removing am_hwconf_lm75.o(.constdata), (1 bytes).
    Removing am_hwconf_lpc84x_adc0_dma.o(.rev16_text), (4 bytes).
    Removing am_hwconf_lpc84x_adc0_dma.o(.revsh_text), (4 bytes).
    Removing am_hwconf_lpc84x_adc0_dma.o(i.__lpc84x_adc0_dma_plfm_deinit), (68 bytes).
    Removing am_hwconf_lpc84x_adc0_dma.o(i.__lpc84x_adc0_dma_plfm_init), (108 bytes).
    Removing am_hwconf_lpc84x_adc0_dma.o(i.am_lpc84x_adc0_dma_inst_deinit), (12 bytes).
    Removing am_hwconf_lpc84x_adc0_dma.o(i.am_lpc84x_adc0_dma_inst_init), (20 bytes).
    Removing am_hwconf_lpc84x_adc0_dma.o(.bss), (112 bytes).
    Removing am_hwconf_lpc84x_adc0_dma.o(.constdata), (24 bytes).
    Removing am_hwconf_lpc84x_adc0_int.o(.rev16_text), (4 bytes).
    Removing am_hwconf_lpc84x_adc0_int.o(.revsh_text), (4 bytes).
    Removing am_hwconf_lpc84x_adc0_int.o(i.__lpc84x_adc0_int_plfm_deinit), (68 bytes).
    Removing am_hwconf_lpc84x_adc0_int.o(i.__lpc84x_adc0_int_plfm_init), (116 bytes).
    Removing am_hwconf_lpc84x_adc0_int.o(i.am_lpc84x_adc0_int_inst_deinit), (12 bytes).
    Removing am_hwconf_lpc84x_adc0_int.o(i.am_lpc84x_adc0_int_inst_init), (20 bytes).
    Removing am_hwconf_lpc84x_adc0_int.o(.bss), (56 bytes).
    Removing am_hwconf_lpc84x_adc0_int.o(.constdata), (24 bytes).
    Removing am_hwconf_lpc84x_clk.o(.rev16_text), (4 bytes).
    Removing am_hwconf_lpc84x_clk.o(.revsh_text), (4 bytes).
    Removing am_hwconf_lpc84x_crc.o(.rev16_text), (4 bytes).
    Removing am_hwconf_lpc84x_crc.o(.revsh_text), (4 bytes).
    Removing am_hwconf_lpc84x_crc.o(i.__lpc84x_crc_plfm_deinit), (48 bytes).
    Removing am_hwconf_lpc84x_crc.o(i.__lpc84x_crc_plfm_init), (48 bytes).
    Removing am_hwconf_lpc84x_crc.o(i.am_lpc84x_crc_inst_deinit), (8 bytes).
    Removing am_hwconf_lpc84x_crc.o(i.am_lpc84x_crc_inst_init), (20 bytes).
    Removing am_hwconf_lpc84x_crc.o(.bss), (16 bytes).
    Removing am_hwconf_lpc84x_crc.o(.constdata), (12 bytes).
    Removing am_hwconf_lpc84x_dac0.o(.rev16_text), (4 bytes).
    Removing am_hwconf_lpc84x_dac0.o(.revsh_text), (4 bytes).
    Removing am_hwconf_lpc84x_dac0.o(i.__lpc84x_plfm_dac0_deinit), (48 bytes).
    Removing am_hwconf_lpc84x_dac0.o(i.__lpc84x_plfm_dac0_init), (232 bytes).
    Removing am_hwconf_lpc84x_dac0.o(i.am_lpc84x_dac0_inst_deinit), (12 bytes).
    Removing am_hwconf_lpc84x_dac0.o(i.am_lpc84x_dac0_inst_init), (20 bytes).
    Removing am_hwconf_lpc84x_dac0.o(i.amhw_lpc84x_clk_periph_enable), (44 bytes).
    Removing am_hwconf_lpc84x_dac0.o(.bss), (16 bytes).
    Removing am_hwconf_lpc84x_dac0.o(.constdata), (20 bytes).
    Removing am_hwconf_lpc84x_dma.o(.rev16_text), (4 bytes).
    Removing am_hwconf_lpc84x_dma.o(.revsh_text), (4 bytes).
    Removing am_hwconf_lpc84x_dma.o(i.am_lpc84x_dma_inst_deinit), (8 bytes).
    Removing am_hwconf_lpc84x_gpio.o(.rev16_text), (4 bytes).
    Removing am_hwconf_lpc84x_gpio.o(.revsh_text), (4 bytes).
    Removing am_hwconf_lpc84x_gpio.o(i.am_lpc84x_gpio_inst_deinit), (8 bytes).
    Removing am_hwconf_lpc84x_i2c0.o(.rev16_text), (4 bytes).
    Removing am_hwconf_lpc84x_i2c0.o(.revsh_text), (4 bytes).
    Removing am_hwconf_lpc84x_i2c0.o(i.__lpc84x_i2c0_plfm_deinit), (56 bytes).
    Removing am_hwconf_lpc84x_i2c0.o(i.__lpc84x_i2c0_plfm_init), (84 bytes).
    Removing am_hwconf_lpc84x_i2c0.o(i.am_lpc84x_i2c0_inst_deinit), (12 bytes).
    Removing am_hwconf_lpc84x_i2c0.o(i.am_lpc84x_i2c0_inst_init), (20 bytes).
    Removing am_hwconf_lpc84x_i2c0.o(i.amhw_lpc84x_syscon_periph_reset), (76 bytes).
    Removing am_hwconf_lpc84x_i2c0.o(.bss), (40 bytes).
    Removing am_hwconf_lpc84x_i2c0.o(.constdata), (28 bytes).
    Removing am_hwconf_lpc84x_i2c1.o(.rev16_text), (4 bytes).
    Removing am_hwconf_lpc84x_i2c1.o(.revsh_text), (4 bytes).
    Removing am_hwconf_lpc84x_i2c1.o(i.__lpc84x_i2c1_plfm_deinit), (56 bytes).
    Removing am_hwconf_lpc84x_i2c1.o(i.__lpc84x_i2c1_plfm_init), (88 bytes).
    Removing am_hwconf_lpc84x_i2c1.o(i.am_lpc84x_i2c1_inst_deinit), (12 bytes).
    Removing am_hwconf_lpc84x_i2c1.o(i.am_lpc84x_i2c1_inst_init), (20 bytes).
    Removing am_hwconf_lpc84x_i2c1.o(i.amhw_lpc84x_syscon_periph_reset), (76 bytes).
    Removing am_hwconf_lpc84x_i2c1.o(.bss), (40 bytes).
    Removing am_hwconf_lpc84x_i2c1.o(.constdata), (28 bytes).
    Removing am_hwconf_lpc84x_i2c2.o(.rev16_text), (4 bytes).
    Removing am_hwconf_lpc84x_i2c2.o(.revsh_text), (4 bytes).
    Removing am_hwconf_lpc84x_i2c2.o(i.__lpc84x_i2c2_plfm_deinit), (56 bytes).
    Removing am_hwconf_lpc84x_i2c2.o(i.__lpc84x_i2c2_plfm_init), (88 bytes).
    Removing am_hwconf_lpc84x_i2c2.o(i.am_lpc84x_i2c2_inst_deinit), (12 bytes).
    Removing am_hwconf_lpc84x_i2c2.o(i.am_lpc84x_i2c2_inst_init), (20 bytes).
    Removing am_hwconf_lpc84x_i2c2.o(i.amhw_lpc84x_syscon_periph_reset), (76 bytes).
    Removing am_hwconf_lpc84x_i2c2.o(.bss), (40 bytes).
    Removing am_hwconf_lpc84x_i2c2.o(.constdata), (28 bytes).
    Removing am_hwconf_lpc84x_i2c3.o(.rev16_text), (4 bytes).
    Removing am_hwconf_lpc84x_i2c3.o(.revsh_text), (4 bytes).
    Removing am_hwconf_lpc84x_i2c3.o(i.__lpc84x_i2c3_plfm_deinit), (56 bytes).
    Removing am_hwconf_lpc84x_i2c3.o(i.__lpc84x_i2c3_plfm_init), (88 bytes).
    Removing am_hwconf_lpc84x_i2c3.o(i.am_lpc84x_i2c3_inst_deinit), (12 bytes).
    Removing am_hwconf_lpc84x_i2c3.o(i.am_lpc84x_i2c3_inst_init), (20 bytes).
    Removing am_hwconf_lpc84x_i2c3.o(i.amhw_lpc84x_syscon_periph_reset), (76 bytes).
    Removing am_hwconf_lpc84x_i2c3.o(.bss), (40 bytes).
    Removing am_hwconf_lpc84x_i2c3.o(.constdata), (28 bytes).
    Removing am_hwconf_lpc84x_mrt.o(.rev16_text), (4 bytes).
    Removing am_hwconf_lpc84x_mrt.o(.revsh_text), (4 bytes).
    Removing am_hwconf_lpc84x_mrt.o(i.am_lpc84x_mrt_inst_deinit), (12 bytes).
    Removing am_hwconf_lpc84x_sct0.o(.rev16_text), (4 bytes).
    Removing am_hwconf_lpc84x_sct0.o(.revsh_text), (4 bytes).
    Removing am_hwconf_lpc84x_sct0.o(i.__lpc84x_sct0_plfm_deinit), (56 bytes).
    Removing am_hwconf_lpc84x_sct0.o(i.__lpc84x_sct0_plfm_init), (64 bytes).
    Removing am_hwconf_lpc84x_sct0.o(i.am_lpc84x_sct0_inst_deinit), (12 bytes).
    Removing am_hwconf_lpc84x_sct0.o(i.am_lpc84x_sct0_inst_init), (20 bytes).
    Removing am_hwconf_lpc84x_sct0.o(i.amhw_lpc84x_syscon_periph_reset), (76 bytes).
    Removing am_hwconf_lpc84x_sct0.o(.bss), (64 bytes).
    Removing am_hwconf_lpc84x_sct0.o(.constdata), (44 bytes).
    Removing am_hwconf_lpc84x_sct0.o(.data), (16 bytes).
    Removing am_hwconf_lpc84x_sct0_pwm.o(.rev16_text), (4 bytes).
    Removing am_hwconf_lpc84x_sct0_pwm.o(.revsh_text), (4 bytes).
    Removing am_hwconf_lpc84x_sct0_pwm.o(i.am_lpc84x_sct0_pwm_inst_deinit), (12 bytes).
    Removing am_hwconf_lpc84x_sct0_timing.o(.rev16_text), (4 bytes).
    Removing am_hwconf_lpc84x_sct0_timing.o(.revsh_text), (4 bytes).
    Removing am_hwconf_lpc84x_sct0_timing.o(i.__lpc84x_sct0_timing_plfm_deinit), (56 bytes).
    Removing am_hwconf_lpc84x_sct0_timing.o(i.__lpc84x_sct0_timing_plfm_init), (64 bytes).
    Removing am_hwconf_lpc84x_sct0_timing.o(i.am_lpc84x_sct0_timing_inst_deinit), (12 bytes).
    Removing am_hwconf_lpc84x_sct0_timing.o(i.am_lpc84x_sct0_timing_inst_init), (20 bytes).
    Removing am_hwconf_lpc84x_sct0_timing.o(i.amhw_lpc84x_syscon_periph_reset), (76 bytes).
    Removing am_hwconf_lpc84x_sct0_timing.o(.bss), (28 bytes).
    Removing am_hwconf_lpc84x_sct0_timing.o(.constdata), (24 bytes).
    Removing am_hwconf_lpc84x_spi0_dma.o(.rev16_text), (4 bytes).
    Removing am_hwconf_lpc84x_spi0_dma.o(.revsh_text), (4 bytes).
    Removing am_hwconf_lpc84x_spi0_dma.o(i.__lpc84x_spi0_dma_plfm_deinit), (80 bytes).
    Removing am_hwconf_lpc84x_spi0_dma.o(i.__lpc84x_spi0_dma_plfm_init), (92 bytes).
    Removing am_hwconf_lpc84x_spi0_dma.o(i.am_lpc84x_spi0_dma_inst_deinit), (12 bytes).
    Removing am_hwconf_lpc84x_spi0_dma.o(i.am_lpc84x_spi0_dma_inst_init), (20 bytes).
    Removing am_hwconf_lpc84x_spi0_dma.o(i.amhw_lpc84x_syscon_periph_reset), (76 bytes).
    Removing am_hwconf_lpc84x_spi0_dma.o(.bss), (128 bytes).
    Removing am_hwconf_lpc84x_spi0_dma.o(.constdata), (32 bytes).
    Removing am_hwconf_lpc84x_spi0_int.o(.rev16_text), (4 bytes).
    Removing am_hwconf_lpc84x_spi0_int.o(.revsh_text), (4 bytes).
    Removing am_hwconf_lpc84x_spi0_int.o(i.__lpc84x_spi0_int_plfm_deinit), (80 bytes).
    Removing am_hwconf_lpc84x_spi0_int.o(i.__lpc84x_spi0_int_plfm_init), (92 bytes).
    Removing am_hwconf_lpc84x_spi0_int.o(i.am_lpc84x_spi0_int_inst_deinit), (12 bytes).
    Removing am_hwconf_lpc84x_spi0_int.o(i.am_lpc84x_spi0_int_inst_init), (20 bytes).
    Removing am_hwconf_lpc84x_spi0_int.o(i.amhw_lpc84x_syscon_periph_reset), (76 bytes).
    Removing am_hwconf_lpc84x_spi0_int.o(.bss), (52 bytes).
    Removing am_hwconf_lpc84x_spi0_int.o(.constdata), (20 bytes).
    Removing am_hwconf_lpc84x_spi1_dma.o(.rev16_text), (4 bytes).
    Removing am_hwconf_lpc84x_spi1_dma.o(.revsh_text), (4 bytes).
    Removing am_hwconf_lpc84x_spi1_dma.o(i.__lpc84x_spi1_dma_plfm_deinit), (80 bytes).
    Removing am_hwconf_lpc84x_spi1_dma.o(i.__lpc84x_spi1_dma_plfm_init), (92 bytes).
    Removing am_hwconf_lpc84x_spi1_dma.o(i.am_lpc84x_spi1_dma_inst_deinit), (12 bytes).
    Removing am_hwconf_lpc84x_spi1_dma.o(i.am_lpc84x_spi1_dma_inst_init), (20 bytes).
    Removing am_hwconf_lpc84x_spi1_dma.o(i.amhw_lpc84x_syscon_periph_reset), (76 bytes).
    Removing am_hwconf_lpc84x_spi1_dma.o(.bss), (128 bytes).
    Removing am_hwconf_lpc84x_spi1_dma.o(.constdata), (32 bytes).
    Removing am_hwconf_lpc84x_spi1_int.o(.rev16_text), (4 bytes).
    Removing am_hwconf_lpc84x_spi1_int.o(.revsh_text), (4 bytes).
    Removing am_hwconf_lpc84x_spi1_int.o(i.__lpc84x_spi1_int_plfm_deinit), (80 bytes).
    Removing am_hwconf_lpc84x_spi1_int.o(i.__lpc84x_spi1_int_plfm_init), (92 bytes).
    Removing am_hwconf_lpc84x_spi1_int.o(i.am_lpc84x_spi1_int_inst_deinit), (12 bytes).
    Removing am_hwconf_lpc84x_spi1_int.o(i.am_lpc84x_spi1_int_inst_init), (20 bytes).
    Removing am_hwconf_lpc84x_spi1_int.o(i.amhw_lpc84x_syscon_periph_reset), (76 bytes).
    Removing am_hwconf_lpc84x_spi1_int.o(.bss), (52 bytes).
    Removing am_hwconf_lpc84x_spi1_int.o(.constdata), (20 bytes).
    Removing am_hwconf_lpc84x_usart0.o(.rev16_text), (4 bytes).
    Removing am_hwconf_lpc84x_usart0.o(.revsh_text), (4 bytes).
    Removing am_hwconf_lpc84x_usart0.o(i.am_lpc84x_usart0_inst_deinit), (12 bytes).
    Removing am_hwconf_lpc84x_usart1.o(.rev16_text), (4 bytes).
    Removing am_hwconf_lpc84x_usart1.o(.revsh_text), (4 bytes).
    Removing am_hwconf_lpc84x_usart1.o(i.__lpc84x_usart1_plfm_deinit), (76 bytes).
    Removing am_hwconf_lpc84x_usart1.o(i.__lpc84x_usart1_plfm_init), (92 bytes).
    Removing am_hwconf_lpc84x_usart1.o(i.am_lpc84x_usart1_inst_deinit), (12 bytes).
    Removing am_hwconf_lpc84x_usart1.o(i.am_lpc84x_usart1_inst_init), (20 bytes).
    Removing am_hwconf_lpc84x_usart1.o(i.amhw_lpc84x_syscon_periph_reset), (76 bytes).
    Removing am_hwconf_lpc84x_usart1.o(.bss), (52 bytes).
    Removing am_hwconf_lpc84x_usart1.o(.constdata), (24 bytes).
    Removing am_hwconf_lpc84x_usart2.o(.rev16_text), (4 bytes).
    Removing am_hwconf_lpc84x_usart2.o(.revsh_text), (4 bytes).
    Removing am_hwconf_lpc84x_usart2.o(i.__lpc84x_usart2_plfm_deinit), (76 bytes).
    Removing am_hwconf_lpc84x_usart2.o(i.__lpc84x_usart2_plfm_init), (92 bytes).
    Removing am_hwconf_lpc84x_usart2.o(i.am_lpc84x_usart2_inst_deinit), (12 bytes).
    Removing am_hwconf_lpc84x_usart2.o(i.am_lpc84x_usart2_inst_init), (20 bytes).
    Removing am_hwconf_lpc84x_usart2.o(i.amhw_lpc84x_syscon_periph_reset), (76 bytes).
    Removing am_hwconf_lpc84x_usart2.o(.bss), (52 bytes).
    Removing am_hwconf_lpc84x_usart2.o(.constdata), (24 bytes).
    Removing am_hwconf_lpc84x_usart3.o(.rev16_text), (4 bytes).
    Removing am_hwconf_lpc84x_usart3.o(.revsh_text), (4 bytes).
    Removing am_hwconf_lpc84x_usart3.o(i.__lpc84x_usart3_plfm_deinit), (76 bytes).
    Removing am_hwconf_lpc84x_usart3.o(i.__lpc84x_usart3_plfm_init), (92 bytes).
    Removing am_hwconf_lpc84x_usart3.o(i.am_lpc84x_usart3_inst_deinit), (12 bytes).
    Removing am_hwconf_lpc84x_usart3.o(i.am_lpc84x_usart3_inst_init), (20 bytes).
    Removing am_hwconf_lpc84x_usart3.o(i.amhw_lpc84x_syscon_periph_reset), (76 bytes).
    Removing am_hwconf_lpc84x_usart3.o(.bss), (52 bytes).
    Removing am_hwconf_lpc84x_usart3.o(.constdata), (24 bytes).
    Removing am_hwconf_lpc84x_usart4.o(.rev16_text), (4 bytes).
    Removing am_hwconf_lpc84x_usart4.o(.revsh_text), (4 bytes).
    Removing am_hwconf_lpc84x_usart4.o(i.__lpc84x_usart4_plfm_deinit), (76 bytes).
    Removing am_hwconf_lpc84x_usart4.o(i.__lpc84x_usart4_plfm_init), (92 bytes).
    Removing am_hwconf_lpc84x_usart4.o(i.am_lpc84x_usart4_inst_deinit), (12 bytes).
    Removing am_hwconf_lpc84x_usart4.o(i.am_lpc84x_usart4_inst_init), (20 bytes).
    Removing am_hwconf_lpc84x_usart4.o(i.amhw_lpc84x_syscon_periph_reset), (76 bytes).
    Removing am_hwconf_lpc84x_usart4.o(.bss), (52 bytes).
    Removing am_hwconf_lpc84x_usart4.o(.constdata), (24 bytes).
    Removing am_hwconf_lpc84x_wkt.o(.rev16_text), (4 bytes).
    Removing am_hwconf_lpc84x_wkt.o(.revsh_text), (4 bytes).
    Removing am_hwconf_lpc84x_wkt.o(i.__lpc84x_wkt_plfm_clk_init), (116 bytes).
    Removing am_hwconf_lpc84x_wkt.o(i.__lpc84x_wkt_plfm_deinit), (56 bytes).
    Removing am_hwconf_lpc84x_wkt.o(i.__lpc84x_wkt_plfm_init), (56 bytes).
    Removing am_hwconf_lpc84x_wkt.o(i.am_lpc84x_wkt_inst_deinit), (12 bytes).
    Removing am_hwconf_lpc84x_wkt.o(i.am_lpc84x_wkt_inst_init), (20 bytes).
    Removing am_hwconf_lpc84x_wkt.o(i.amhw_lpc84x_syscon_periph_reset), (76 bytes).
    Removing am_hwconf_lpc84x_wkt.o(i.amhw_lpc_wkt_clksel_cfg), (16 bytes).
    Removing am_hwconf_lpc84x_wkt.o(.bss), (20 bytes).
    Removing am_hwconf_lpc84x_wkt.o(.constdata), (24 bytes).
    Removing am_hwconf_lpc84x_wwdt.o(.rev16_text), (4 bytes).
    Removing am_hwconf_lpc84x_wwdt.o(.revsh_text), (4 bytes).
    Removing am_hwconf_lpc84x_wwdt.o(i.__lpc84x_wwdt_plfm_deinit), (48 bytes).
    Removing am_hwconf_lpc84x_wwdt.o(i.__lpc84x_wwdt_plfm_init), (88 bytes).
    Removing am_hwconf_lpc84x_wwdt.o(i.am_lpc84x_wwdt_inst_deinit), (12 bytes).
    Removing am_hwconf_lpc84x_wwdt.o(i.am_lpc84x_wwdt_inst_init), (20 bytes).
    Removing am_hwconf_lpc84x_wwdt.o(.bss), (12 bytes).
    Removing am_hwconf_lpc84x_wwdt.o(.constdata), (16 bytes).
    Removing am_hwconf_system_tick_softimer.o(.rev16_text), (4 bytes).
    Removing am_hwconf_system_tick_softimer.o(.revsh_text), (4 bytes).
    Removing am_hwconf_system_tick_softimer.o(i.__system_tick_callback), (10 bytes).
    Removing am_hwconf_system_tick_softimer.o(i.am_system_tick_inst_init), (88 bytes).
    Removing am_board.o(.rev16_text), (4 bytes).
    Removing am_board.o(.revsh_text), (4 bytes).
    Removing am_hwconf_lpc82x_spi0_poll.o(.rev16_text), (4 bytes).
    Removing am_hwconf_lpc82x_spi0_poll.o(.revsh_text), (4 bytes).
    Removing am_hwconf_lpc82x_spi0_poll.o(i.__lpc84x_spi0_poll_plfm_deinit), (80 bytes).
    Removing am_hwconf_lpc82x_spi0_poll.o(i.__lpc84x_spi0_poll_plfm_init), (92 bytes).
    Removing am_hwconf_lpc82x_spi0_poll.o(i.am_lpc84x_spi0_poll_inst_deinit), (12 bytes).
    Removing am_hwconf_lpc82x_spi0_poll.o(i.am_lpc84x_spi0_poll_inst_init), (20 bytes).
    Removing am_hwconf_lpc82x_spi0_poll.o(i.amhw_lpc84x_syscon_periph_reset), (76 bytes).
    Removing am_hwconf_lpc82x_spi0_poll.o(.bss), (60 bytes).
    Removing am_hwconf_lpc82x_spi0_poll.o(.constdata), (20 bytes).
    Removing am_fm175xx.o(i.__calibra_read_adc_result), (126 bytes).
    Removing am_fm175xx.o(i.__cfg_tpd), (16 bytes).
    Removing am_fm175xx.o(i.__flush_fifo), (16 bytes).
    Removing am_fm175xx.o(i.__fm175xx_lpcd_isr), (64 bytes).
    Removing am_fm175xx.o(i.__isr), (674 bytes).
    Removing am_fm175xx.o(i.__lpcd_adc_ref_set), (172 bytes).
    Removing am_fm175xx.o(i.__lpcd_detectsensitive_set), (98 bytes).
    Removing am_fm175xx.o(i.__lpcd_set_pga), (266 bytes).
    Removing am_fm175xx.o(i.__message_complete), (14 bytes).
    Removing am_fm175xx.o(i.__picca_anticoll_by_uid), (622 bytes).
    Removing am_fm175xx.o(i.__read_fifo), (156 bytes).
    Removing am_fm175xx.o(i.__reset_cmd_info), (16 bytes).
    Removing am_fm175xx.o(i.__set_tpd), (34 bytes).
    Removing am_fm175xx.o(i.__spi_init), (20 bytes).
    Removing am_fm175xx.o(i.__timer_callback), (34 bytes).
    Removing am_fm175xx.o(i.__wait_for_lpcd_irq), (62 bytes).
    Removing am_fm175xx.o(i.__write_fifo), (124 bytes).
    Removing am_fm175xx.o(i.am_fm175xx_check), (84 bytes).
    Removing am_fm175xx.o(i.am_fm175xx_close), (22 bytes).
    Removing am_fm175xx.o(i.am_fm175xx_clr_bit), (32 bytes).
    Removing am_fm175xx.o(i.am_fm175xx_cmd), (400 bytes).
    Removing am_fm175xx.o(i.am_fm175xx_config), (54 bytes).
    Removing am_fm175xx.o(i.am_fm175xx_crypto1), (120 bytes).
    Removing am_fm175xx.o(i.am_fm175xx_dis_crypto1), (16 bytes).
    Removing am_fm175xx.o(i.am_fm175xx_exchange_block), (94 bytes).
    Removing am_fm175xx.o(i.am_fm175xx_exit_lpcd_config), (42 bytes).
    Removing am_fm175xx.o(i.am_fm175xx_get_coll_pos), (8 bytes).
    Removing am_fm175xx.o(i.am_fm175xx_get_extend_reg), (34 bytes).
    Removing am_fm175xx.o(i.am_fm175xx_get_reg), (104 bytes).
    Removing am_fm175xx.o(i.am_fm175xx_get_reg_ext), (30 bytes).
    Removing am_fm175xx.o(i.am_fm175xx_get_tx_mode), (12 bytes).
    Removing am_fm175xx.o(i.am_fm175xx_init), (332 bytes).
    Removing am_fm175xx.o(i.am_fm175xx_lpcd_calibra), (206 bytes).
    Removing am_fm175xx.o(i.am_fm175xx_lpcd_cb_set), (6 bytes).
    Removing am_fm175xx.o(i.am_fm175xx_lpcd_init), (124 bytes).
    Removing am_fm175xx.o(i.am_fm175xx_lpcd_mode_entry), (24 bytes).
    Removing am_fm175xx.o(i.am_fm175xx_lpcd_mode_exit), (24 bytes).
    Removing am_fm175xx.o(i.am_fm175xx_lpcd_para_init), (118 bytes).
    Removing am_fm175xx.o(i.am_fm175xx_lpcd_reg_init), (274 bytes).
    Removing am_fm175xx.o(i.am_fm175xx_modify_reg), (52 bytes).
    Removing am_fm175xx.o(i.am_fm175xx_pause_carrier), (52 bytes).
    Removing am_fm175xx.o(i.am_fm175xx_picca_active), (280 bytes).
    Removing am_fm175xx.o(i.am_fm175xx_picca_anticoll), (96 bytes).
    Removing am_fm175xx.o(i.am_fm175xx_picca_authent), (150 bytes).
    Removing am_fm175xx.o(i.am_fm175xx_picca_deselect), (98 bytes).
    Removing am_fm175xx.o(i.am_fm175xx_picca_halt), (102 bytes).
    Removing am_fm175xx.o(i.am_fm175xx_picca_pps_set), (120 bytes).
    Removing am_fm175xx.o(i.am_fm175xx_picca_prot_parse), (182 bytes).
    Removing am_fm175xx.o(i.am_fm175xx_picca_rats_get), (128 bytes).
    Removing am_fm175xx.o(i.am_fm175xx_picca_read), (114 bytes).
    Removing am_fm175xx.o(i.am_fm175xx_picca_request), (178 bytes).
    Removing am_fm175xx.o(i.am_fm175xx_picca_select), (214 bytes).
    Removing am_fm175xx.o(i.am_fm175xx_picca_transfer), (672 bytes).
    Removing am_fm175xx.o(i.am_fm175xx_picca_val_get), (122 bytes).
    Removing am_fm175xx.o(i.am_fm175xx_picca_val_operate), (196 bytes).
    Removing am_fm175xx.o(i.am_fm175xx_picca_val_set), (52 bytes).
    Removing am_fm175xx.o(i.am_fm175xx_picca_write), (146 bytes).
    Removing am_fm175xx.o(i.am_fm175xx_piccb_active), (106 bytes).
    Removing am_fm175xx.o(i.am_fm175xx_piccb_attrib), (130 bytes).
    Removing am_fm175xx.o(i.am_fm175xx_piccb_guid), (120 bytes).
    Removing am_fm175xx.o(i.am_fm175xx_piccb_halt), (80 bytes).
    Removing am_fm175xx.o(i.am_fm175xx_piccb_request), (78 bytes).
    Removing am_fm175xx.o(i.am_fm175xx_reset), (72 bytes).
    Removing am_fm175xx.o(i.am_fm175xx_set_bit), (32 bytes).
    Removing am_fm175xx.o(i.am_fm175xx_set_crc), (80 bytes).
    Removing am_fm175xx.o(i.am_fm175xx_set_extend_reg), (56 bytes).
    Removing am_fm175xx.o(i.am_fm175xx_set_iso_type), (156 bytes).
    Removing am_fm175xx.o(i.am_fm175xx_set_keep_after_coll), (20 bytes).
    Removing am_fm175xx.o(i.am_fm175xx_set_reg), (104 bytes).
    Removing am_fm175xx.o(i.am_fm175xx_set_reg_ext), (46 bytes).
    Removing am_fm175xx.o(i.am_fm175xx_set_rx_align), (42 bytes).
    Removing am_fm175xx.o(i.am_fm175xx_set_tmo), (164 bytes).
    Removing am_fm175xx.o(i.am_fm175xx_set_tx_last_bits), (18 bytes).
    Removing am_fm175xx.o(i.am_fm175xx_set_tx_mode), (46 bytes).
    Removing am_fm175xx.o(i.am_fm175xx_turn_carrier_wave), (68 bytes).
    Removing am_fm175xx.o(i.am_spi_mktrans), (28 bytes).
    Removing am_fm175xx.o(i.am_spi_msg_init), (36 bytes).
    Removing am_fm175xx.o(i.am_spi_msg_start), (22 bytes).
    Removing am_fm175xx.o(i.am_spi_trans_add_tail), (22 bytes).
    Removing am_fm175xx.o(.constdata), (44 bytes).
    Removing am_fm175xx.o(.data), (1 bytes).
    Removing fmul.o(.text), (122 bytes).
    Removing dadd.o(.text), (356 bytes).
    Removing dmul.o(.text), (208 bytes).
    Removing ddiv.o(.text), (240 bytes).
    Removing ffixi.o(.text), (50 bytes).
    Removing ffixui.o(.text), (40 bytes).
    Removing dfixi.o(.text), (72 bytes).
    Removing f2d.o(.text), (40 bytes).
    Removing cdrcmple.o(.text), (40 bytes).
    Removing d2f.o(.text), (56 bytes).
    Removing cfcmple.o(.text), (20 bytes).
    Removing cfrcmple.o(.text), (20 bytes).
    Removing depilogue.o(.text), (190 bytes).
    Removing dfixul.o(.text), (64 bytes).
    Removing depilogue.o(i.__ARM_clz), (46 bytes).

2080 unused section(s) (total 167512 bytes) removed from the image.
