Component: ARM Compiler 5.06 update 1 (build 61) Tool: armlink [4d35a8]

==============================================================================

Section Cross References

    am_assert.o(i.am_assert_msg) refers to am_kprintf.o(i.am_kprintf) for am_kprintf
    am_bsp_microlib.o(i.am_bsp_microlib_init) refers to am_microlib_adapter.o(i.am_microlib_adapter_init) for am_microlib_adapter_init
    am_bsp_microlib.o(i.am_bsp_microlib_init) refers to am_bsp_microlib.o(.data) for g_microlib_adapter_ops
    am_bsp_microlib.o(.data) refers to am_bsp_microlib.o(i.__dbg_fputc) for __dbg_fputc
    am_bsp_microlib.o(.data) refers to am_bsp_microlib.o(i.__dbg_fgetc) for __dbg_fgetc
    am_bsp_system_heap.o(i.am_bsp_system_heap_init) refers to am_memheap.o(i.am_memheap_init) for am_memheap_init
    am_bsp_system_heap.o(i.am_bsp_system_heap_init) refers to am_bsp_system_heap.o(.bss) for __g_system_heap
    am_bsp_system_heap.o(i.am_mem_align) refers to am_memheap.o(i.am_memheap_alloc) for am_memheap_alloc
    am_bsp_system_heap.o(i.am_mem_align) refers to am_bsp_system_heap.o(.bss) for __g_system_heap
    am_bsp_system_heap.o(i.am_mem_alloc) refers to am_bsp_system_heap.o(i.am_mem_align) for am_mem_align
    am_bsp_system_heap.o(i.am_mem_calloc) refers to am_bsp_system_heap.o(i.am_mem_alloc) for am_mem_alloc
    am_bsp_system_heap.o(i.am_mem_calloc) refers to memseta.o(.text) for __aeabi_memclr
    am_bsp_system_heap.o(i.am_mem_free) refers to am_memheap.o(i.am_memheap_free) for am_memheap_free
    am_bsp_system_heap.o(i.am_mem_realloc) refers to am_bsp_system_heap.o(i.am_mem_alloc) for am_mem_alloc
    am_bsp_system_heap.o(i.am_mem_realloc) refers to am_memheap.o(i.am_memheap_realloc) for am_memheap_realloc
    am_bsp_system_heap.o(i.am_mem_realloc) refers to am_bsp_system_heap.o(.bss) for __g_system_heap
    am_bsp_system_heap.o(i.am_mem_size) refers to am_memheap.o(i.am_memheap_memsize) for am_memheap_memsize
    am_bsp_system_heap.o(i.am_mem_size) refers to am_bsp_system_heap.o(.bss) for __g_system_heap
    am_bsp_isr_defer_pendsv.o(i.PendSV_Handler) refers to am_isr_defer.o(i.am_isr_defer_job_process) for am_isr_defer_job_process
    am_bsp_isr_defer_pendsv.o(i.am_bsp_isr_defer_pendsv_init) refers to am_isr_defer.o(i.am_isr_defer_init) for am_isr_defer_init
    am_bsp_isr_defer_pendsv.o(i.am_bsp_isr_defer_pendsv_init) refers to am_bsp_isr_defer_pendsv.o(i.__isr_defer_trigger) for __isr_defer_trigger
    am_bsp_delay_timer.o(i.__delay) refers to am_bsp_delay_timer.o(i.__timer_count_get) for __timer_count_get
    am_bsp_delay_timer.o(i.__delay) refers to am_bsp_delay_timer.o(.bss) for __g_delay_timer
    am_bsp_delay_timer.o(i.__delay_by_factor_ticks_cal) refers to am_bsp_delay_timer.o(i.__timer_count_get) for __timer_count_get
    am_bsp_delay_timer.o(i.__delay_by_factor_ticks_cal) refers to am_bsp_delay_timer.o(i.__delay_by_factor) for __delay_by_factor
    am_bsp_delay_timer.o(i.__delay_by_factor_ticks_cal) refers to am_bsp_delay_timer.o(i.__time_ticks_cal) for __time_ticks_cal
    am_bsp_delay_timer.o(i.__delay_by_fator_cal) refers to am_bsp_delay_timer.o(i.__delay_by_factor_ticks_cal) for __delay_by_factor_ticks_cal
    am_bsp_delay_timer.o(i.__delay_by_fator_cal) refers to uidiv.o(.text) for __aeabi_uidivmod
    am_bsp_delay_timer.o(i.__delay_by_fator_cal) refers to am_bsp_delay_timer.o(i.__timer_count_get) for __timer_count_get
    am_bsp_delay_timer.o(i.__delay_by_fator_cal) refers to am_bsp_delay_timer.o(i.am_udelay) for am_udelay
    am_bsp_delay_timer.o(i.__delay_by_fator_cal) refers to am_bsp_delay_timer.o(i.__time_ticks_cal) for __time_ticks_cal
    am_bsp_delay_timer.o(i.__delay_by_fator_cal) refers to am_bsp_delay_timer.o(.bss) for __g_delay_timer
    am_bsp_delay_timer.o(i.__delay_cali_ticks_cal) refers to am_bsp_delay_timer.o(i.__timer_count_get) for __timer_count_get
    am_bsp_delay_timer.o(i.__delay_cali_ticks_cal) refers to am_bsp_delay_timer.o(i.am_udelay) for am_udelay
    am_bsp_delay_timer.o(i.__delay_cali_ticks_cal) refers to am_bsp_delay_timer.o(i.__time_ticks_cal) for __time_ticks_cal
    am_bsp_delay_timer.o(i.__delay_cali_ticks_cal) refers to am_bsp_delay_timer.o(.bss) for __g_delay_timer
    am_bsp_delay_timer.o(i.__delay_count_get_ticks_cal) refers to am_bsp_delay_timer.o(i.__timer_count_get) for __timer_count_get
    am_bsp_delay_timer.o(i.__delay_count_get_ticks_cal) refers to am_bsp_delay_timer.o(i.__time_ticks_cal) for __time_ticks_cal
    am_bsp_delay_timer.o(i.__delay_count_get_ticks_cal) refers to am_bsp_delay_timer.o(.bss) for __g_delay_timer
    am_bsp_delay_timer.o(i.__time_ticks_cal) refers to am_bsp_delay_timer.o(.bss) for __g_delay_timer
    am_bsp_delay_timer.o(i.__timer_count_get) refers to am_bsp_delay_timer.o(.bss) for __g_delay_timer
    am_bsp_delay_timer.o(i.am_bsp_delay_timer_init) refers to am_timer.o(i.am_timer_count_freq_get) for am_timer_count_freq_get
[...]
    am_list_del_init                         0x00002bd9   Thumb Code    26  am_softimer.o(i.am_list_del_init)
    i.am_list_empty                          0x00002bf2   Section        0  am_softimer.o(i.am_list_empty)
    am_list_empty                            0x00002bf3   Thumb Code    16  am_softimer.o(i.am_list_empty)
    i.am_lpc82x_clk_init                     0x00002c04   Section        0  am_lpc82x_clk.o(i.am_lpc82x_clk_init)
    i.am_lpc82x_clk_inst_init                0x00002cdc   Section        0  am_hwconf_lpc82x_clk.o(i.am_lpc82x_clk_inst_init)
    i.am_lpc82x_dma_init                     0x00002cf0   Section        0  am_lpc82x_dma.o(i.am_lpc82x_dma_init)
    i.am_lpc82x_dma_inst_init                0x00002de0   Section        0  am_hwconf_lpc82x_dma.o(i.am_lpc82x_dma_inst_init)
    i.am_lpc82x_gpio_init                    0x00002df4   Section        0  am_lpc82x_gpio.o(i.am_lpc82x_gpio_init)
    i.am_lpc82x_gpio_inst_init               0x00002e74   Section        0  am_hwconf_lpc82x_gpio.o(i.am_lpc82x_gpio_inst_init)
    i.am_lpc82x_mrt_inst_init                0x00002e88   Section        0  am_hwconf_lpc82x_mrt.o(i.am_lpc82x_mrt_inst_init)
    i.am_lpc82x_sct0_pwm_inst_init           0x00002e9c   Section        0  am_hwconf_lpc82x_sct0_pwm.o(i.am_lpc82x_sct0_pwm_inst_init)
    i.am_lpc82x_usart0_inst_init             0x00002eb0   Section        0  am_hwconf_lpc82x_usart0.o(i.am_lpc82x_usart0_inst_init)
    i.am_lpc_mrt_init                        0x00002ec4   Section        0  am_lpc_mrt.o(i.am_lpc_mrt_init)
    i.am_lpc_sct_pwm_init                    0x00002f38   Section        0  am_lpc_sct_pwm.o(i.am_lpc_sct_pwm_init)
    i.am_lpc_usart_init                      0x00002f6c   Section        0  am_lpc_usart.o(i.am_lpc_usart_init)
    i.am_main                                0x000030a8   Section        0  main.o(i.am_main)
    i.am_mdelay                              0x000030d0   Section        0  am_bsp_delay_timer.o(i.am_mdelay)
    i.am_memheap_init                        0x000030f8   Section        0  am_memheap.o(i.am_memheap_init)
    i.am_microlib_adapter_init               0x0000317c   Section        0  am_microlib_adapter.o(i.am_microlib_adapter_init)
    i.am_nvram_init                          0x0000318c   Section        0  am_nvram.o(i.am_nvram_init)
    i.am_nvram_inst_init                     0x000031a4   Section        0  am_servconf_nvram.o(i.am_nvram_inst_init)
    i.am_softimer_init                       0x000031b4   Section        0  am_softimer.o(i.am_softimer_init)
    i.am_softimer_module_init                0x000031e8   Section        0  am_softimer.o(i.am_softimer_module_init)
    i.am_softimer_module_tick                0x0000320c   Section        0  am_softimer.o(i.am_softimer_module_tick)
    i.am_softimer_start                      0x00003284   Section        0  am_softimer.o(i.am_softimer_start)
    i.am_softimer_stop                       0x000032bc   Section        0  am_softimer.o(i.am_softimer_stop)
    i.am_system_module_init                  0x000032d4   Section        0  am_system.o(i.am_system_module_init)
    i.am_system_module_tick                  0x000032ec   Section        0  am_system.o(i.am_system_module_tick)
    i.am_system_tick_softimer_inst_init      0x0000330c   Section        0  am_hwconf_system_tick_softimer.o(i.am_system_tick_softimer_inst_init)
    i.am_timer_callback_set                  0x00003354   Section        0  am_hwconf_system_tick_softimer.o(i.am_timer_callback_set)
    am_timer_callback_set                    0x00003355   Thumb Code    28  am_hwconf_system_tick_softimer.o(i.am_timer_callback_set)
    i.am_timer_clkin_freq_get                0x00003370   Section        0  am_timer.o(i.am_timer_clkin_freq_get)
    am_timer_clkin_freq_get                  0x00003371   Thumb Code    18  am_timer.o(i.am_timer_clkin_freq_get)
    i.am_timer_count_freq_get                0x00003382   Section        0  am_timer.o(i.am_timer_count_freq_get)
    i.am_timer_enable_us                     0x000033c8   Section        0  am_timer.o(i.am_timer_enable_us)
    i.am_uart_poll_putchar                   0x0000346c   Section        0  am_vdebug.o(i.am_uart_poll_putchar)
    am_uart_poll_putchar                     0x0000346d   Thumb Code    18  am_vdebug.o(i.am_uart_poll_putchar)
    i.am_udelay                              0x00003480   Section        0  am_bsp_delay_timer.o(i.am_udelay)
    i.am_vfprintf_do                         0x000034fc   Section        0  am_vfprintf_do.o(i.am_vfprintf_do)
    i.amhw_arm_nvic_m0_priority_set          0x000036dc   Section        0  am_arm_nvic.o(i.amhw_arm_nvic_m0_priority_set)
    amhw_arm_nvic_m0_priority_set            0x000036dd   Thumb Code   126  am_arm_nvic.o(i.amhw_arm_nvic_m0_priority_set)
    i.amhw_arm_systick_disable               0x00003764   Section        0  am_arm_systick.o(i.amhw_arm_systick_disable)
    amhw_arm_systick_disable                 0x00003765   Thumb Code    10  am_arm_systick.o(i.amhw_arm_systick_disable)
    i.amhw_arm_systick_int_disable           0x0000376e   Section        0  am_arm_systick.o(i.amhw_arm_systick_int_disable)
    amhw_arm_systick_int_disable             0x0000376f   Thumb Code    10  am_arm_systick.o(i.amhw_arm_systick_int_disable)
    i.amhw_arm_systick_int_enable            0x00003778   Section        0  am_arm_systick.o(i.amhw_arm_systick_int_enable)
    amhw_arm_systick_int_enable              0x00003779   Thumb Code    10  am_arm_systick.o(i.amhw_arm_systick_int_enable)
    i.amhw_lpc82x_clk_main_clkrate_get       0x00003784   Section        0  amhw_lpc82x_clk.o(i.amhw_lpc82x_clk_main_clkrate_get)
    i.amhw_lpc82x_clk_periph_disable         0x000037d0   Section        0  am_hwconf_lpc82x_gpio.o(i.amhw_lpc82x_clk_periph_disable)
    amhw_lpc82x_clk_periph_disable           0x000037d1   Thumb Code    16  am_hwconf_lpc82x_gpio.o(i.amhw_lpc82x_clk_periph_disable)
    i.amhw_lpc82x_clk_periph_enable          0x000037e4   Section        0  am_hwconf_lpc82x_gpio.o(i.amhw_lpc82x_clk_periph_enable)
    amhw_lpc82x_clk_periph_enable            0x000037e5   Thumb Code    16  am_hwconf_lpc82x_gpio.o(i.amhw_lpc82x_clk_periph_enable)
    i.amhw_lpc82x_clk_pll_bypass_set         0x000037f8   Section        0  am_lpc82x_clk.o(i.amhw_lpc82x_clk_pll_bypass_set)
    amhw_lpc82x_clk_pll_bypass_set           0x000037f9   Thumb Code    62  am_lpc82x_clk.o(i.amhw_lpc82x_clk_pll_bypass_set)
    i.amhw_lpc82x_clk_pllin_rate_get         0x0000383c   Section        0  amhw_lpc82x_clk.o(i.amhw_lpc82x_clk_pllin_rate_get)
    i.amhw_lpc82x_clk_pllout_rate_get        0x00003870   Section        0  amhw_lpc82x_clk.o(i.amhw_lpc82x_clk_pllout_rate_get)
    i.amhw_lpc82x_clk_system_clkrate_get     0x0000388c   Section        0  amhw_lpc82x_clk.o(i.amhw_lpc82x_clk_system_clkrate_get)
    i.amhw_lpc82x_clk_usart_baseclkrate_get  0x000038ac   Section        0  amhw_lpc82x_clk.o(i.amhw_lpc82x_clk_usart_baseclkrate_get)
    i.amhw_lpc82x_clk_usart_baseclkrate_set  0x00003928   Section        0  amhw_lpc82x_clk.o(i.amhw_lpc82x_clk_usart_baseclkrate_set)
    i.amhw_lpc82x_clk_wdt_rate_get           0x0000397c   Section        0  amhw_lpc82x_clk.o(i.amhw_lpc82x_clk_wdt_rate_get)
    i.amhw_lpc82x_dma_chan_error_clr         0x00003a68   Section        0  am_lpc82x_dma.o(i.amhw_lpc82x_dma_chan_error_clr)
    amhw_lpc82x_dma_chan_error_clr           0x00003a69   Thumb Code     8  am_lpc82x_dma.o(i.amhw_lpc82x_dma_chan_error_clr)
    i.amhw_lpc82x_dma_chan_inta_clr          0x00003a70   Section        0  am_lpc82x_dma.o(i.amhw_lpc82x_dma_chan_inta_clr)
    amhw_lpc82x_dma_chan_inta_clr            0x00003a71   Thumb Code     8  am_lpc82x_dma.o(i.amhw_lpc82x_dma_chan_inta_clr)
    i.amhw_lpc82x_dma_chan_inta_isactive     0x00003a78   Section        0  am_lpc82x_dma.o(i.amhw_lpc82x_dma_chan_inta_isactive)
    amhw_lpc82x_dma_chan_inta_isactive       0x00003a79   Thumb Code    22  am_lpc82x_dma.o(i.amhw_lpc82x_dma_chan_inta_isactive)
    i.amhw_lpc82x_dma_chan_intb_clr          0x00003a8e   Section        0  am_lpc82x_dma.o(i.amhw_lpc82x_dma_chan_intb_clr)
    amhw_lpc82x_dma_chan_intb_clr            0x00003a8f   Thumb Code     8  am_lpc82x_dma.o(i.amhw_lpc82x_dma_chan_intb_clr)
    i.amhw_lpc82x_dma_chan_intb_isactive     0x00003a96   Section        0  am_lpc82x_dma.o(i.amhw_lpc82x_dma_chan_intb_isactive)
    amhw_lpc82x_dma_chan_intb_isactive       0x00003a97   Thumb Code    22  am_lpc82x_dma.o(i.amhw_lpc82x_dma_chan_intb_isactive)
    i.amhw_lpc82x_dma_chan_isactive          0x00003aac   Section        0  am_lpc82x_dma.o(i.amhw_lpc82x_dma_chan_isactive)
    amhw_lpc82x_dma_chan_isactive            0x00003aad   Thumb Code    22  am_lpc82x_dma.o(i.amhw_lpc82x_dma_chan_isactive)
    i.amhw_lpc82x_dma_chan_iserror           0x00003ac2   Section        0  am_lpc82x_dma.o(i.amhw_lpc82x_dma_chan_iserror)
    amhw_lpc82x_dma_chan_iserror             0x00003ac3   Thumb Code    22  am_lpc82x_dma.o(i.amhw_lpc82x_dma_chan_iserror)
    i.amhw_lpc82x_dma_chan_xfercfg_set       0x00003ad8   Section        0  am_lpc82x_dma.o(i.amhw_lpc82x_dma_chan_xfercfg_set)
    amhw_lpc82x_dma_chan_xfercfg_set         0x00003ad9   Thumb Code    16  am_lpc82x_dma.o(i.amhw_lpc82x_dma_chan_xfercfg_set)
    i.amhw_lpc82x_gpio_pin_dir_output        0x00003ae8   Section        0  am_lpc82x_gpio.o(i.amhw_lpc82x_gpio_pin_dir_output)
    amhw_lpc82x_gpio_pin_dir_output          0x00003ae9   Thumb Code    14  am_lpc82x_gpio.o(i.amhw_lpc82x_gpio_pin_dir_output)
    i.amhw_lpc82x_swm_fixed_func_disable     0x00003af6   Section        0  amhw_lpc82x_swm.o(i.amhw_lpc82x_swm_fixed_func_disable)
    amhw_lpc82x_swm_fixed_func_disable       0x00003af7   Thumb Code    20  amhw_lpc82x_swm.o(i.amhw_lpc82x_swm_fixed_func_disable)
    i.amhw_lpc82x_swm_fixed_func_enable      0x00003b0a   Section        0  amhw_lpc82x_swm.o(i.amhw_lpc82x_swm_fixed_func_enable)
    amhw_lpc82x_swm_fixed_func_enable        0x00003b0b   Thumb Code    20  amhw_lpc82x_swm.o(i.amhw_lpc82x_swm_fixed_func_enable)
    i.amhw_lpc82x_swm_moved_func_cfg         0x00003b1e   Section        0  am_lpc82x_gpio.o(i.amhw_lpc82x_swm_moved_func_cfg)
    amhw_lpc82x_swm_moved_func_cfg           0x00003b1f   Thumb Code    38  am_lpc82x_gpio.o(i.amhw_lpc82x_swm_moved_func_cfg)
    i.amhw_lpc82x_swm_pin_fixed_func_disable 0x00003b44   Section        0  amhw_lpc82x_swm.o(i.amhw_lpc82x_swm_pin_fixed_func_disable)
    i.amhw_lpc82x_swm_pin_fixed_func_enable  0x00003bc8   Section        0  amhw_lpc82x_swm.o(i.amhw_lpc82x_swm_pin_fixed_func_enable)
    i.amhw_lpc82x_syscon_periph_reset        0x00003c98   Section        0  am_hwconf_lpc82x_gpio.o(i.amhw_lpc82x_syscon_periph_reset)
    amhw_lpc82x_syscon_periph_reset          0x00003c99   Thumb Code    30  am_hwconf_lpc82x_gpio.o(i.amhw_lpc82x_syscon_periph_reset)
    i.amhw_lpc82x_syscon_periph_reset        0x00003cbc   Section        0  am_hwconf_lpc82x_mrt.o(i.amhw_lpc82x_syscon_periph_reset)
    amhw_lpc82x_syscon_periph_reset          0x00003cbd   Thumb Code    30  am_hwconf_lpc82x_mrt.o(i.amhw_lpc82x_syscon_periph_reset)
    i.amhw_lpc82x_syscon_periph_reset        0x00003ce0   Section        0  am_hwconf_lpc82x_sct0_pwm.o(i.amhw_lpc82x_syscon_periph_reset)
    amhw_lpc82x_syscon_periph_reset          0x00003ce1   Thumb Code    30  am_hwconf_lpc82x_sct0_pwm.o(i.amhw_lpc82x_syscon_periph_reset)
    i.amhw_lpc82x_syscon_periph_reset        0x00003d04   Section        0  am_hwconf_lpc82x_usart0.o(i.amhw_lpc82x_syscon_periph_reset)
    amhw_lpc82x_syscon_periph_reset          0x00003d05   Thumb Code    30  am_hwconf_lpc82x_usart0.o(i.amhw_lpc82x_syscon_periph_reset)
    i.amhw_lpc82x_syscon_powerup             0x00003d28   Section        0  am_lpc82x_clk.o(i.amhw_lpc82x_syscon_powerup)
    amhw_lpc82x_syscon_powerup               0x00003d29   Thumb Code    12  am_lpc82x_clk.o(i.amhw_lpc82x_syscon_powerup)
    i.amhw_lpc_mrt_int_disable               0x00003d38   Section        0  am_lpc_mrt.o(i.amhw_lpc_mrt_int_disable)
    amhw_lpc_mrt_int_disable                 0x00003d39   Thumb Code    18  am_lpc_mrt.o(i.amhw_lpc_mrt_int_disable)
    i.amhw_lpc_mrt_int_enable                0x00003d4a   Section        0  am_lpc_mrt.o(i.amhw_lpc_mrt_int_enable)
    amhw_lpc_mrt_int_enable                  0x00003d4b   Thumb Code    18  am_lpc_mrt.o(i.amhw_lpc_mrt_int_enable)
    i.amhw_lpc_mrt_int_flag_clr              0x00003d5c   Section        0  am_lpc_mrt.o(i.amhw_lpc_mrt_int_flag_clr)
    amhw_lpc_mrt_int_flag_clr                0x00003d5d   Thumb Code    18  am_lpc_mrt.o(i.amhw_lpc_mrt_int_flag_clr)
    i.amhw_lpc_mrt_int_pending_clr           0x00003d6e   Section        0  am_lpc_mrt.o(i.amhw_lpc_mrt_int_pending_clr)
    amhw_lpc_mrt_int_pending_clr             0x00003d6f   Thumb Code    10  am_lpc_mrt.o(i.amhw_lpc_mrt_int_pending_clr)
    i.amhw_lpc_mrt_intval_set                0x00003d78   Section        0  am_lpc_mrt.o(i.amhw_lpc_mrt_intval_set)
    amhw_lpc_mrt_intval_set                  0x00003d79   Thumb Code    20  am_lpc_mrt.o(i.amhw_lpc_mrt_intval_set)
    i.amhw_lpc_sct_conflict_res_config       0x00003d8c   Section        0  amhw_lpc_sct.o(i.amhw_lpc_sct_conflict_res_config)
    i.amhw_lpc_sct_ctrl_set                  0x00003da8   Section        0  am_lpc_sct_pwm.o(i.amhw_lpc_sct_ctrl_set)
    amhw_lpc_sct_ctrl_set                    0x00003da9   Thumb Code     8  am_lpc_sct_pwm.o(i.amhw_lpc_sct_ctrl_set)
    i.amhw_lpc_sct_event_ctrl                0x00003db0   Section        0  am_lpc_sct_pwm.o(i.amhw_lpc_sct_event_ctrl)
    amhw_lpc_sct_event_ctrl                  0x00003db1   Thumb Code    16  am_lpc_sct_pwm.o(i.amhw_lpc_sct_event_ctrl)
    i.amhw_lpc_sct_event_state_enable        0x00003dc0   Section        0  am_lpc_sct_pwm.o(i.amhw_lpc_sct_event_state_enable)
    amhw_lpc_sct_event_state_enable          0x00003dc1   Thumb Code    30  am_lpc_sct_pwm.o(i.amhw_lpc_sct_event_state_enable)
    i.amhw_lpc_sct_halt_check                0x00003dde   Section        0  am_lpc_sct_pwm.o(i.amhw_lpc_sct_halt_check)
    amhw_lpc_sct_halt_check                  0x00003ddf   Thumb Code    26  am_lpc_sct_pwm.o(i.amhw_lpc_sct_halt_check)
    i.amhw_lpc_sct_mat_reload_val_set        0x00003df8   Section        0  amhw_lpc_sct.o(i.amhw_lpc_sct_mat_reload_val_set)
    i.amhw_lpc_sct_mat_val_set               0x00003e2c   Section        0  amhw_lpc_sct.o(i.amhw_lpc_sct_mat_val_set)
    i.amhw_lpc_sct_output_dir_ctrl           0x00003e80   Section        0  amhw_lpc_sct.o(i.amhw_lpc_sct_output_dir_ctrl)
    i.amhw_lpc_sct_prescale_set              0x00003e9c   Section        0  amhw_lpc_sct.o(i.amhw_lpc_sct_prescale_set)
    i.amhw_lpc_sct_regmode_config            0x00003ef4   Section        0  amhw_lpc_sct.o(i.amhw_lpc_sct_regmode_config)
    i.amhw_lpc_usart_baudrate_set            0x00003f46   Section        0  amhw_lpc_usart.o(i.amhw_lpc_usart_baudrate_set)
    i.amhw_lpc_usart_cfg_clr                 0x00003fec   Section        0  am_lpc_usart.o(i.amhw_lpc_usart_cfg_clr)
    amhw_lpc_usart_cfg_clr                   0x00003fed   Thumb Code     8  am_lpc_usart.o(i.amhw_lpc_usart_cfg_clr)
    i.amhw_lpc_usart_cfg_set                 0x00003ff4   Section        0  am_lpc_usart.o(i.amhw_lpc_usart_cfg_set)
    amhw_lpc_usart_cfg_set                   0x00003ff5   Thumb Code     8  am_lpc_usart.o(i.amhw_lpc_usart_cfg_set)
    i.amhw_lpc_usart_disable                 0x00003ffc   Section        0  am_lpc_usart.o(i.amhw_lpc_usart_disable)
    amhw_lpc_usart_disable                   0x00003ffd   Thumb Code    10  am_lpc_usart.o(i.amhw_lpc_usart_disable)
    i.amhw_lpc_usart_enable                  0x00004006   Section        0  am_lpc_usart.o(i.amhw_lpc_usart_enable)
    amhw_lpc_usart_enable                    0x00004007   Thumb Code    10  am_lpc_usart.o(i.amhw_lpc_usart_enable)
    i.amhw_lpc_usart_int_disable             0x00004010   Section        0  am_lpc_usart.o(i.amhw_lpc_usart_int_disable)
    amhw_lpc_usart_int_disable               0x00004011   Thumb Code     4  am_lpc_usart.o(i.amhw_lpc_usart_int_disable)
    i.amhw_lpc_usart_int_enable              0x00004014   Section        0  am_lpc_usart.o(i.amhw_lpc_usart_int_enable)
    amhw_lpc_usart_int_enable                0x00004015   Thumb Code     8  am_lpc_usart.o(i.amhw_lpc_usart_int_enable)
    i.amhw_lpc_usart_stat_get                0x0000401c   Section        0  am_lpc_usart.o(i.amhw_lpc_usart_stat_get)
    amhw_lpc_usart_stat_get                  0x0000401d   Thumb Code     6  am_lpc_usart.o(i.amhw_lpc_usart_stat_get)
    i.amhw_lpc_usart_txdata_write            0x00004022   Section        0  am_lpc_usart.o(i.amhw_lpc_usart_txdata_write)
    amhw_lpc_usart_txdata_write              0x00004023   Thumb Code     4  am_lpc_usart.o(i.amhw_lpc_usart_txdata_write)
    i.demo_am824_core_std_led_entry          0x00004028   Section        0  demo_am824_core_std_led.o(i.demo_am824_core_std_led_entry)
    i.demo_std_led_entry                     0x00004054   Section        0  demo_std_led.o(i.demo_std_led_entry)
    i.main                                   0x00004076   Section        0  am_prj_config.o(i.main)
    .constdata                               0x00004098   Section       44  am_arm_systick.o(.constdata)
    __g_systick_info                         0x00004098   Data           8  am_arm_systick.o(.constdata)
    __g_systick_drv_funcs                    0x000040a0   Data          36  am_arm_systick.o(.constdata)
    .constdata                               0x000040c4   Section        4  am_buzzer_pwm.o(.constdata)
    __g_buzzer_pwm_drv_funcs                 0x000040c4   Data           4  am_buzzer_pwm.o(.constdata)
    .constdata                               0x000040c8   Section        8  am_led_gpio.o(.constdata)
    __g_led_gpio_drv_funcs                   0x000040c8   Data           8  am_led_gpio.o(.constdata)
    .constdata                               0x000040d0   Section      256  am_jobq.o(.constdata)
    __ffs8_table                             0x000040d0   Data         256  am_jobq.o(.constdata)
    .constdata                               0x000041d0   Section       29  amhw_lpc82x_iocon.o(.constdata)
    .constdata                               0x000041ed   Section       29  amhw_lpc82x_swm.o(.constdata)
    amhw_lpc82x_swm_fixedfunc_offset_pin     0x000041ed   Data          29  amhw_lpc82x_swm.o(.constdata)
    .constdata                               0x0000420c   Section       44  am_lpc_mrt.o(.constdata)
    __g_mrt_timing_info                      0x0000420c   Data           8  am_lpc_mrt.o(.constdata)
    __g_mrt_drv_funcs                        0x00004214   Data          36  am_lpc_mrt.o(.constdata)
    .constdata                               0x00004238   Section       12  am_lpc_sct_pwm.o(.constdata)
    __g_sct_pwm_drv_funcs                    0x00004238   Data          12  am_lpc_sct_pwm.o(.constdata)
    .constdata                               0x00004244   Section       20  am_lpc_usart.o(.constdata)
    __g_uart_drv_funcs                       0x00004244   Data          20  am_lpc_usart.o(.constdata)
    .constdata                               0x00004258   Section       40  am_hwconf_arm_nvic.o(.constdata)
    __g_arm_nvic_devinfo                     0x00004258   Data          40  am_hwconf_arm_nvic.o(.constdata)
    .constdata                               0x00004280   Section       20  am_hwconf_arm_systick.o(.constdata)
    __g_arm_systick_devinfo                  0x00004280   Data          20  am_hwconf_arm_systick.o(.constdata)
    .constdata                               0x00004294   Section       28  am_hwconf_key_gpio.o(.constdata)
    __g_key_pins                             0x00004294   Data           4  am_hwconf_key_gpio.o(.constdata)
    __g_key_codes                            0x00004298   Data           4  am_hwconf_key_gpio.o(.constdata)
    __g_key_gpio_devinfo                     0x0000429c   Data          20  am_hwconf_key_gpio.o(.constdata)
    .constdata                               0x000042b0   Section       24  am_hwconf_led_gpio.o(.constdata)
    __g_led_pins                             0x000042b0   Data           8  am_hwconf_led_gpio.o(.constdata)
    __g_led_gpio_devinfo                     0x000042b8   Data          16  am_hwconf_led_gpio.o(.constdata)
    .constdata                               0x000042c8   Section       16  am_hwconf_lpc82x_clk.o(.constdata)
    __g_lpc82x_clk_devinfo                   0x000042c8   Data          16  am_hwconf_lpc82x_clk.o(.constdata)
    .constdata                               0x000042d8   Section       32  am_hwconf_lpc82x_dma.o(.constdata)
    __g_lpc82x_dma_devinfo                   0x000042d8   Data          32  am_hwconf_lpc82x_dma.o(.constdata)
    .constdata                               0x000042f8   Section       44  am_hwconf_lpc82x_gpio.o(.constdata)
    __g_lpc82x_gpio_devinfo                  0x000042f8   Data          44  am_hwconf_lpc82x_gpio.o(.constdata)
    .constdata                               0x00004324   Section       24  am_hwconf_lpc82x_mrt.o(.constdata)
    __g_lpc82x_mrt_devinfo                   0x00004324   Data          24  am_hwconf_lpc82x_mrt.o(.constdata)
    .constdata                               0x0000433c   Section       24  am_hwconf_lpc82x_sct0_pwm.o(.constdata)
    __g_lpc82x_pwm_devinfo                   0x0000433c   Data          24  am_hwconf_lpc82x_sct0_pwm.o(.constdata)
    .constdata                               0x00004354   Section       24  am_hwconf_lpc82x_usart0.o(.constdata)
    __g_lpc82x_usart0_devinfo                0x00004354   Data          24  am_hwconf_lpc82x_usart0.o(.constdata)
    .constdata                               0x0000436c   Section       16  am_servconf_event_input.o(.constdata)
    __g_event_input_key_info                 0x0000436c   Data          16  am_servconf_event_input.o(.constdata)
    .constdata                               0x0000437c   Section       40  am_servconf_nvram.o(.constdata)
    __g_nvram_cfg_segs                       0x0000437c   Data          40  am_servconf_nvram.o(.constdata)
    .conststring                             0x000043a4   Section       17  am_servconf_nvram.o(.conststring)
    .data                                    0x10000000   Section        8  am_bsp_microlib.o(.data)
    g_microlib_adapter_ops                   0x10000000   Data           8  am_bsp_microlib.o(.data)
    .data                                    0x10000008   Section      292  am_bsp_isr_defer_pendsv.o(.data)
    __isr_defer_jobq_info                    0x10000008   Data         288  am_bsp_isr_defer_pendsv.o(.data)
    .data                                    0x1000012c   Section        4  am_arm_nvic.o(.data)
    __gp_nvic_dev                            0x1000012c   Data           4  am_arm_nvic.o(.data)
    .data                                    0x10000130   Section        4  am_arm_systick.o(.data)
    __gp_systick_dev                         0x10000130   Data           4  am_arm_systick.o(.data)
    .data                                    0x10000134   Section       20  am_microlib_adapter.o(.data)
    __g_adapter                              0x10000134   Data           8  am_microlib_adapter.o(.data)
    .data                                    0x10000148   Section        4  am_buzzer_dev.o(.data)
    __gp_buzzer_dev                          0x10000148   Data           4  am_buzzer_dev.o(.data)
    .data                                    0x1000014c   Section        8  am_event_category_input.o(.data)
    __g_category_input                       0x1000014c   Data           8  am_event_category_input.o(.data)
    .data                                    0x10000154   Section        4  am_event_input_key.o(.data)
    __gp_event_input_key_info                0x10000154   Data           4  am_event_input_key.o(.data)
    .data                                    0x10000158   Section        4  am_led_dev.o(.data)
    __gp_head                                0x10000158   Data           4  am_led_dev.o(.data)
    .data                                    0x1000015c   Section        8  am_nvram.o(.data)
    __gp_nvram_dev_list                      0x1000015c   Data           4  am_nvram.o(.data)
    __gp_seg_list                            0x10000160   Data           4  am_nvram.o(.data)
    .data                                    0x10000164   Section        8  am_system.o(.data)
    __g_systick                              0x10000164   Data           4  am_system.o(.data)
    __g_clkrate                              0x10000168   Data           4  am_system.o(.data)
    .data                                    0x1000016c   Section       12  am_isr_defer.o(.data)
    __g_isr_defer_handle                     0x1000016c   Data           4  am_isr_defer.o(.data)
    __gpfn_trigger_cb                        0x10000170   Data           4  am_isr_defer.o(.data)
    __gp_cb_arg                              0x10000174   Data           4  am_isr_defer.o(.data)
    .data                                    0x10000178   Section       12  am_koutput.o(.data)
    .data                                    0x10000184   Section       12  am_softimer.o(.data)
    __g_hwtimer_freq                         0x10000184   Data           4  am_softimer.o(.data)
    g_softimer_head                          0x10000188   Data           8  am_softimer.o(.data)
    .data                                    0x10000190   Section        4  am_vdebug.o(.data)
    .data                                    0x10000194   Section        4  am_lpc82x_dma.o(.data)
    .data                                    0x10000198   Section        4  am_lpc82x_gpio.o(.data)
    .data                                    0x1000019c   Section        8  am_hwconf_arm_nvic.o(.data)
    __g_arm_nvic_dev                         0x1000019c   Data           8  am_hwconf_arm_nvic.o(.data)
    .data                                    0x100001a4   Section        4  am_hwconf_lpc82x_dma.o(.data)
    __g_lpc82x_dma_dev                       0x100001a4   Data           4  am_hwconf_lpc82x_dma.o(.data)
    .data                                    0x100001a8   Section        8  am_hwconf_lpc82x_gpio.o(.data)
    __g_gpio_infomap                         0x100001a8   Data           8  am_hwconf_lpc82x_gpio.o(.data)
    .data                                    0x100001b0   Section       72  am_hwconf_lpc82x_sct0_pwm.o(.data)
    __g_sct0_pwm_ioinfo_list                 0x100001b0   Data          72  am_hwconf_lpc82x_sct0_pwm.o(.data)
    .data                                    0x100001f8   Section        8  am_board.o(.data)
    .bss                                     0x10000200   Section       52  am_bsp_system_heap.o(.bss)
    __g_system_heap                          0x10000200   Data          52  am_bsp_system_heap.o(.bss)
    .bss                                     0x10000234   Section       40  am_bsp_delay_timer.o(.bss)
    __g_delay_timer                          0x10000234   Data          40  am_bsp_delay_timer.o(.bss)
    .bss                                     0x1000025c   Section       40  am_buzzer_pwm.o(.bss)
    __g_buzzer_pwm_dev                       0x1000025c   Data          40  am_buzzer_pwm.o(.bss)
    .bss                                     0x10000284   Section       16  am_event_category_input.o(.bss)
    __g_handler_cat_input                    0x10000284   Data          16  am_event_category_input.o(.bss)
    .bss                                     0x10000294   Section       12  am_event_input_key.o(.bss)
    __g_event_input_key                      0x10000294   Data          12  am_event_input_key.o(.bss)
    .bss                                     0x100002a0   Section      288  am_hwconf_arm_nvic.o(.bss)
    __nvic_isr_map                           0x100002a0   Data          32  am_hwconf_arm_nvic.o(.bss)
    __nvic_isr_infor                         0x100002c0   Data         256  am_hwconf_arm_nvic.o(.bss)
    .bss                                     0x100003c0   Section       20  am_hwconf_arm_systick.o(.bss)
    __g_arm_systick_dev                      0x100003c0   Data          20  am_hwconf_arm_systick.o(.bss)
    .bss                                     0x100003d4   Section       36  am_hwconf_key_gpio.o(.bss)
    __g_key_gpio_dev                         0x100003d4   Data          36  am_hwconf_key_gpio.o(.bss)
    .bss                                     0x100003f8   Section       20  am_hwconf_led_gpio.o(.bss)
    __g_led_gpio_dev                         0x100003f8   Data          20  am_hwconf_led_gpio.o(.bss)
    .bss                                     0x1000040c   Section       12  am_hwconf_lpc82x_clk.o(.bss)
    __g_lpc82x_clk_dev                       0x1000040c   Data          12  am_hwconf_lpc82x_clk.o(.bss)
    .bss                                     0x10000600   Section      800  am_hwconf_lpc82x_dma.o(.bss)
    __g_dam_controller_map                   0x10000600   Data          18  am_hwconf_lpc82x_dma.o(.bss)
    __g_dma_controller                       0x10000614   Data         216  am_hwconf_lpc82x_dma.o(.bss)
    __g_dma_xfer_tab                         0x10000800   Data         288  am_hwconf_lpc82x_dma.o(.bss)
    .bss                                     0x10000920   Section      100  am_hwconf_lpc82x_gpio.o(.bss)
    __g_gpio_triginfos                       0x10000920   Data          64  am_hwconf_lpc82x_gpio.o(.bss)
    __g_lpc82x_gpio_dev                      0x10000960   Data          36  am_hwconf_lpc82x_gpio.o(.bss)
    .bss                                     0x10000984   Section       44  am_hwconf_lpc82x_mrt.o(.bss)
    __g_lpc82x_mrt_dev                       0x10000984   Data          44  am_hwconf_lpc82x_mrt.o(.bss)
    .bss                                     0x100009b0   Section       12  am_hwconf_lpc82x_sct0_pwm.o(.bss)
    __g_lpc82x_pwm_dev                       0x100009b0   Data          12  am_hwconf_lpc82x_sct0_pwm.o(.bss)
    .bss                                     0x100009bc   Section       52  am_hwconf_lpc82x_usart0.o(.bss)
    __g_lpc82x_usart0_dev                    0x100009bc   Data          52  am_hwconf_lpc82x_usart0.o(.bss)
    .bss                                     0x100009f0   Section       64  am_servconf_event_input.o(.bss)
    __g_key_long_press_buf                   0x100009f0   Data          64  am_servconf_event_input.o(.bss)
    STACK                                    0x10000a30   Section     1024  am_lpc82x_armcc_startup.o(STACK)

    Global Symbols

    Symbol Name                              Value     Ov Type        Size  Object(Section)

    BuildAttributes$$THM_ISAv3M$S$PE$A:L22$X:L11$S22$IEEE1$IW$USESV6$~STKCKD$USESV7$~SHL$OTIME$ROPI$EBA8$MICROLIB$REQ8$PRES8$EABIv2 0x00000000   Number         0  anon$$obj.o ABSOLUTE
    __ARM_use_no_argv                        0x00000000   Number         0  am_prj_config.o ABSOLUTE
    __Vectors                                0x00000000   Data           4  am_lpc82x_armcc_startup.o(RESET)
    __use_no_errno                           0x00000000   Number         0  useno.o ABSOLUTE
    __use_no_exception_handling              0x00000000   Number         0  useno.o ABSOLUTE
    __use_no_fp                              0x00000000   Number         0  useno.o ABSOLUTE
    __use_no_heap                            0x00000000   Number         0  useno.o ABSOLUTE
    __use_no_heap_region                     0x00000000   Number         0  useno.o ABSOLUTE
    __use_no_semihosting                     0x00000000   Number         0  useno.o ABSOLUTE
    __use_no_semihosting_swi                 0x00000000   Number         0  useno.o ABSOLUTE
    __use_no_signal_handling                 0x00000000   Number         0  useno.o ABSOLUTE
    _printf_a                                0x00000000   Number         0  stubs.o ABSOLUTE
    _printf_c                                0x00000000   Number         0  stubs.o ABSOLUTE
    _printf_charcount                        0x00000000   Number         0  stubs.o ABSOLUTE
    _printf_d                                0x00000000   Number         0  stubs.o ABSOLUTE
    _printf_e                                0x00000000   Number         0  stubs.o ABSOLUTE
    _printf_f                                0x00000000   Number         0  stubs.o ABSOLUTE
    _printf_flags                            0x00000000   Number         0  stubs.o ABSOLUTE
    _printf_fp_dec                           0x00000000   Number         0  stubs.o ABSOLUTE
    _printf_fp_hex                           0x00000000   Number         0  stubs.o ABSOLUTE
    _printf_g                                0x00000000   Number         0  stubs.o ABSOLUTE
    _printf_i                                0x00000000   Number         0  stubs.o ABSOLUTE
    _printf_int_dec                          0x00000000   Number         0  stubs.o ABSOLUTE
    _printf_l                                0x00000000   Number         0  stubs.o ABSOLUTE
    _printf_lc                               0x00000000   Number         0  stubs.o ABSOLUTE
    _printf_ll                               0x00000000   Number         0  stubs.o ABSOLUTE
    _printf_lld                              0x00000000   Number         0  stubs.o ABSOLUTE
    _printf_lli                              0x00000000   Number         0  stubs.o ABSOLUTE
    _printf_llo                              0x00000000   Number         0  stubs.o ABSOLUTE
    _printf_llu                              0x00000000   Number         0  stubs.o ABSOLUTE
    _printf_llx                              0x00000000   Number         0  stubs.o ABSOLUTE
    _printf_longlong_dec                     0x00000000   Number         0  stubs.o ABSOLUTE
    _printf_longlong_hex                     0x00000000   Number         0  stubs.o ABSOLUTE
    _printf_longlong_oct                     0x00000000   Number         0  stubs.o ABSOLUTE
    _printf_ls                               0x00000000   Number         0  stubs.o ABSOLUTE
    _printf_mbtowc                           0x00000000   Number         0  stubs.o ABSOLUTE
    _printf_n                                0x00000000   Number         0  stubs.o ABSOLUTE
    _printf_o                                0x00000000   Number         0  stubs.o ABSOLUTE
    _printf_p                                0x00000000   Number         0  stubs.o ABSOLUTE
    _printf_percent                          0x00000000   Number         0  stubs.o ABSOLUTE
    _printf_pre_padding                      0x00000000   Number         0  stubs.o ABSOLUTE
    _printf_return_value                     0x00000000   Number         0  stubs.o ABSOLUTE
    _printf_s                                0x00000000   Number         0  stubs.o ABSOLUTE
    _printf_sizespec                         0x00000000   Number         0  stubs.o ABSOLUTE
    _printf_str                              0x00000000   Number         0  stubs.o ABSOLUTE
    _printf_truncate_signed                  0x00000000   Number         0  stubs.o ABSOLUTE
    _printf_truncate_unsigned                0x00000000   Number         0  stubs.o ABSOLUTE
    _printf_u                                0x00000000   Number         0  stubs.o ABSOLUTE
    _printf_wc                               0x00000000   Number         0  stubs.o ABSOLUTE
    _printf_wctomb                           0x00000000   Number         0  stubs.o ABSOLUTE
    _printf_widthprec                        0x00000000   Number         0  stubs.o ABSOLUTE
    _printf_x                                0x00000000   Number         0  stubs.o ABSOLUTE
    __cpp_initialize__aeabi_                  - Undefined Weak Reference
    __cxa_finalize                            - Undefined Weak Reference
    _clock_init                               - Undefined Weak Reference
    _microlib_exit                            - Undefined Weak Reference
    __main                                   0x000000c1   Thumb Code     0  entry.o(.ARM.Collect$$$$00000000)
    _main_stk                                0x000000c1   Thumb Code     0  entry2.o(.ARM.Collect$$$$00000001)
    _main_scatterload                        0x000000c5   Thumb Code     0  entry5.o(.ARM.Collect$$$$00000004)
    __main_after_scatterload                 0x000000c9   Thumb Code     0  entry5.o(.ARM.Collect$$$$00000004)
    _main_clock                              0x000000c9   Thumb Code     0  entry7b.o(.ARM.Collect$$$$00000008)
    _main_cpp_init                           0x000000c9   Thumb Code     0  entry8b.o(.ARM.Collect$$$$0000000A)
    _main_init                               0x000000c9   Thumb Code     0  entry9a.o(.ARM.Collect$$$$0000000B)
    __rt_final_cpp                           0x000000d1   Thumb Code     0  entry10a.o(.ARM.Collect$$$$0000000D)
    __rt_final_exit                          0x000000d1   Thumb Code     0  entry11a.o(.ARM.Collect$$$$0000000F)
    Reset_Handler                            0x000000d5   Thumb Code     4  am_lpc82x_armcc_startup.o(.text)
    NMI_Handler                              0x000000d9   Thumb Code     2  am_lpc82x_armcc_startup.o(.text)
    HardFault_Handler                        0x000000db   Thumb Code     2  am_lpc82x_armcc_startup.o(.text)
    SVC_Handler                              0x000000dd   Thumb Code     2  am_lpc82x_armcc_startup.o(.text)
    __aeabi_uidiv                            0x000000e9   Thumb Code     0  uidiv.o(.text)
    __aeabi_uidivmod                         0x000000e9   Thumb Code    44  uidiv.o(.text)
    __aeabi_idiv                             0x00000115   Thumb Code     0  idiv.o(.text)
    __aeabi_idivmod                          0x00000115   Thumb Code    40  idiv.o(.text)
    __aeabi_uldivmod                         0x0000013d   Thumb Code    96  uldiv.o(.text)
    __aeabi_lmul                             0x0000019d   Thumb Code   122  llmul.o(.text)
    _ll_mul                                  0x0000019d   Thumb Code     0  llmul.o(.text)
    __aeabi_llsl                             0x00000217   Thumb Code    32  llshl.o(.text)
    _ll_shift_l                              0x00000217   Thumb Code     0  llshl.o(.text)
    __aeabi_llsr                             0x00000237   Thumb Code    34  llushr.o(.text)
    _ll_ushift_r                             0x00000237   Thumb Code     0  llushr.o(.text)
    __scatterload                            0x00000259   Thumb Code    28  init.o(.text)
    __scatterload_rt2                        0x00000259   Thumb Code     0  init.o(.text)
    __decompress                             0x0000027d   Thumb Code     0  __dczerorl2.o(.text)
    __decompress1                            0x0000027d   Thumb Code    86  __dczerorl2.o(.text)
    am_int_cpu_lock                          0x000002d5   Thumb Code     8  am_arm_nvic_armcc.o(CPU_LOCK)
    am_int_cpu_unlock                        0x000002dd   Thumb Code     6  am_arm_nvic_armcc.o(CPU_LOCK)
    PendSV_Handler                           0x000002ef   Thumb Code     8  am_bsp_isr_defer_pendsv.o(i.PendSV_Handler)
    __scatterload_null                       0x000002fb   Thumb Code     2  handlers.o(i.__scatterload_null)
    SysTick_Handler                          0x00000301   Thumb Code    28  am_arm_systick.o(i.SysTick_Handler)
    __ARM_common_ll_muluu                    0x00000321   Thumb Code    48  am_bsp_delay_timer.o(i.__ARM_common_ll_muluu)
    __ARM_common_switch8                     0x00000351   Thumb Code    28  am_zlg9021.o(i.__ARM_common_switch8)
    __jobq_ffs                               0x00000945   Thumb Code    34  am_jobq.o(i.__jobq_ffs)
    __scatterload_copy                       0x00001097   Thumb Code    14  handlers.o(i.__scatterload_copy)
    __scatterload_zeroinit                   0x000010a5   Thumb Code    14  handlers.o(i.__scatterload_zeroinit)
    am_arm_nvic_init                         0x00001c91   Thumb Code   122  am_arm_nvic.o(i.am_arm_nvic_init)
    am_arm_nvic_inst_init                    0x00001d1d   Thumb Code    12  am_hwconf_arm_nvic.o(i.am_arm_nvic_inst_init)
    am_arm_nvic_priority_set                 0x00001d31   Thumb Code   232  am_arm_nvic.o(i.am_arm_nvic_priority_set)
    am_arm_systick_init                      0x00001e25   Thumb Code    64  am_arm_systick.o(i.am_arm_systick_init)
    am_arm_systick_inst_init                 0x00001e6d   Thumb Code    12  am_hwconf_arm_systick.o(i.am_arm_systick_inst_init)
    am_board_init                            0x00001e81   Thumb Code    76  am_board.o(i.am_board_init)
    am_bsp_delay_timer_init                  0x00001edd   Thumb Code   200  am_bsp_delay_timer.o(i.am_bsp_delay_timer_init)
    am_bsp_isr_defer_pendsv_init             0x00001fa9   Thumb Code    26  am_bsp_isr_defer_pendsv.o(i.am_bsp_isr_defer_pendsv_init)
    am_bsp_microlib_init                     0x00001fcd   Thumb Code    14  am_bsp_microlib.o(i.am_bsp_microlib_init)
    am_bsp_system_heap_init                  0x00001fe1   Thumb Code    20  am_bsp_system_heap.o(i.am_bsp_system_heap_init)
    am_buzzer_dev_register                   0x00002005   Thumb Code    52  am_buzzer_dev.o(i.am_buzzer_dev_register)
    am_buzzer_off                            0x00002041   Thumb Code    46  am_buzzer_dev.o(i.am_buzzer_off)
    am_buzzer_pwm_init                       0x00002075   Thumb Code    62  am_buzzer_pwm.o(i.am_buzzer_pwm_init)
    am_buzzer_pwm_inst_init                  0x000020bd   Thumb Code    28  am_hwconf_buzzer_pwm.o(i.am_buzzer_pwm_inst_init)
    am_clk_rate_get                          0x000020dd   Thumb Code   294  am_lpc82x_clk.o(i.am_clk_rate_get)
    am_debug_init                            0x0000220d   Thumb Code    36  am_vdebug.o(i.am_debug_init)
    am_debug_uart_inst_init                  0x0000223d   Thumb Code    24  am_hwconf_debug_uart.o(i.am_debug_uart_inst_init)
    am_event_category_event_register         0x00002255   Thumb Code    44  am_event.o(i.am_event_category_event_register)
    am_event_category_handler_register       0x00002281   Thumb Code    42  am_event.o(i.am_event_category_handler_register)
    am_event_category_input_init             0x000022ad   Thumb Code    44  am_event_category_input.o(i.am_event_category_input_init)
    am_event_category_intput_event_register  0x000022f1   Thumb Code    14  am_event_category_input.o(i.am_event_category_intput_event_register)
    am_event_input_inst_init                 0x00002305   Thumb Code    14  am_servconf_event_input.o(i.am_event_input_inst_init)
    am_event_input_key_init                  0x00002319   Thumb Code    86  am_event_input_key.o(i.am_event_input_key_init)
    am_event_input_key_pressed               0x0000237d   Thumb Code    24  am_event_input_key.o(i.am_event_input_key_pressed)
    am_event_input_key_released              0x00002395   Thumb Code    22  am_event_input_key.o(i.am_event_input_key_released)
    am_event_raise                           0x000023ab   Thumb Code    34  am_event.o(i.am_event_raise)
    am_exc_eint_handler                      0x000023cd   Thumb Code    86  am_arm_nvic.o(i.am_exc_eint_handler)
    am_gpio_get                              0x0000242d   Thumb Code    56  am_lpc82x_gpio.o(i.am_gpio_get)
    am_gpio_pin_cfg                          0x00002469   Thumb Code   600  am_lpc82x_gpio.o(i.am_gpio_pin_cfg)
    am_gpio_set                              0x000026c9   Thumb Code    38  am_lpc82x_gpio.o(i.am_gpio_set)
    am_gpio_toggle                           0x000026f5   Thumb Code    44  am_lpc82x_gpio.o(i.am_gpio_toggle)
    am_int_connect                           0x00002725   Thumb Code   160  am_arm_nvic.o(i.am_int_connect)
    am_int_enable                            0x000027c9   Thumb Code    42  am_arm_nvic.o(i.am_int_enable)
    am_isr_defer_init                        0x000027fd   Thumb Code    44  am_isr_defer.o(i.am_isr_defer_init)
    am_isr_defer_job_process                 0x00002839   Thumb Code    12  am_isr_defer.o(i.am_isr_defer_job_process)
    am_jobq_process                          0x00002849   Thumb Code   264  am_jobq.o(i.am_jobq_process)
    am_jobq_queue_init                       0x00002951   Thumb Code   106  am_jobq.o(i.am_jobq_queue_init)
    am_key_gpio_init                         0x000029bd   Thumb Code   126  am_key_gpio.o(i.am_key_gpio_init)
    am_key_gpio_inst_init                    0x00002a41   Thumb Code    12  am_hwconf_key_gpio.o(i.am_key_gpio_inst_init)
    am_koutput_set                           0x00002a55   Thumb Code    14  am_koutput.o(i.am_koutput_set)
    am_kprintf                               0x00002a71   Thumb Code    66  am_kprintf.o(i.am_kprintf)
    am_led_dev_add                           0x00002ac1   Thumb Code    78  am_led_dev.o(i.am_led_dev_add)
    am_led_gpio_init                         0x00002b11   Thumb Code    96  am_led_gpio.o(i.am_led_gpio_init)
    am_led_gpio_inst_init                    0x00002b75   Thumb Code    12  am_hwconf_led_gpio.o(i.am_led_gpio_inst_init)
    am_led_off                               0x00002b89   Thumb Code    14  am_led_dev.o(i.am_led_off)
    am_led_on                                0x00002b97   Thumb Code    14  am_led_dev.o(i.am_led_on)
    am_led_set                               0x00002ba5   Thumb Code    52  am_led_dev.o(i.am_led_set)
    am_lpc82x_clk_init                       0x00002c05   Thumb Code   212  am_lpc82x_clk.o(i.am_lpc82x_clk_init)
    am_lpc82x_clk_inst_init                  0x00002cdd   Thumb Code    12  am_hwconf_lpc82x_clk.o(i.am_lpc82x_clk_inst_init)
    am_lpc82x_dma_init                       0x00002cf1   Thumb Code   230  am_lpc82x_dma.o(i.am_lpc82x_dma_init)
    am_lpc82x_dma_inst_init                  0x00002de1   Thumb Code    12  am_hwconf_lpc82x_dma.o(i.am_lpc82x_dma_inst_init)
    am_lpc82x_gpio_init                      0x00002df5   Thumb Code   122  am_lpc82x_gpio.o(i.am_lpc82x_gpio_init)
    am_lpc82x_gpio_inst_init                 0x00002e75   Thumb Code    12  am_hwconf_lpc82x_gpio.o(i.am_lpc82x_gpio_inst_init)
    am_lpc82x_mrt_inst_init                  0x00002e89   Thumb Code    12  am_hwconf_lpc82x_mrt.o(i.am_lpc82x_mrt_inst_init)
    am_lpc82x_sct0_pwm_inst_init             0x00002e9d   Thumb Code    12  am_hwconf_lpc82x_sct0_pwm.o(i.am_lpc82x_sct0_pwm_inst_init)
    am_lpc82x_usart0_inst_init               0x00002eb1   Thumb Code    12  am_hwconf_lpc82x_usart0.o(i.am_lpc82x_usart0_inst_init)
    am_lpc_mrt_init                          0x00002ec5   Thumb Code   110  am_lpc_mrt.o(i.am_lpc_mrt_init)
    am_lpc_sct_pwm_init                      0x00002f39   Thumb Code    48  am_lpc_sct_pwm.o(i.am_lpc_sct_pwm_init)
    am_lpc_usart_init                        0x00002f6d   Thumb Code   304  am_lpc_usart.o(i.am_lpc_usart_init)
    am_main                                  0x000030a9   Thumb Code    14  main.o(i.am_main)
    am_mdelay                                0x000030d1   Thumb Code    36  am_bsp_delay_timer.o(i.am_mdelay)
    am_memheap_init                          0x000030f9   Thumb Code   126  am_memheap.o(i.am_memheap_init)
    am_microlib_adapter_init                 0x0000317d   Thumb Code    12  am_microlib_adapter.o(i.am_microlib_adapter_init)
    am_nvram_init                            0x0000318d   Thumb Code    16  am_nvram.o(i.am_nvram_init)
    am_nvram_inst_init                       0x000031a5   Thumb Code    10  am_servconf_nvram.o(i.am_nvram_inst_init)
    am_softimer_init                         0x000031b5   Thumb Code    46  am_softimer.o(i.am_softimer_init)
    am_softimer_module_init                  0x000031e9   Thumb Code    28  am_softimer.o(i.am_softimer_module_init)
    am_softimer_module_tick                  0x0000320d   Thumb Code   114  am_softimer.o(i.am_softimer_module_tick)
    am_softimer_start                        0x00003285   Thumb Code    56  am_softimer.o(i.am_softimer_start)
    am_softimer_stop                         0x000032bd   Thumb Code    24  am_softimer.o(i.am_softimer_stop)
    am_system_module_init                    0x000032d5   Thumb Code    16  am_system.o(i.am_system_module_init)
    am_system_module_tick                    0x000032ed   Thumb Code    28  am_system.o(i.am_system_module_tick)
    am_system_tick_softimer_inst_init        0x0000330d   Thumb Code    66  am_hwconf_system_tick_softimer.o(i.am_system_tick_softimer_inst_init)
    am_timer_count_freq_get                  0x00003383   Thumb Code    68  am_timer.o(i.am_timer_count_freq_get)
    am_timer_enable_us                       0x000033c9   Thumb Code   160  am_timer.o(i.am_timer_enable_us)
    am_udelay                                0x00003481   Thumb Code   114  am_bsp_delay_timer.o(i.am_udelay)
    am_vfprintf_do                           0x000034fd   Thumb Code   478  am_vfprintf_do.o(i.am_vfprintf_do)
    amhw_lpc82x_clk_main_clkrate_get         0x00003785   Thumb Code    68  amhw_lpc82x_clk.o(i.amhw_lpc82x_clk_main_clkrate_get)
    amhw_lpc82x_clk_pllin_rate_get           0x0000383d   Thumb Code    42  amhw_lpc82x_clk.o(i.amhw_lpc82x_clk_pllin_rate_get)
    amhw_lpc82x_clk_pllout_rate_get          0x00003871   Thumb Code    24  amhw_lpc82x_clk.o(i.amhw_lpc82x_clk_pllout_rate_get)
    amhw_lpc82x_clk_system_clkrate_get       0x0000388d   Thumb Code    26  amhw_lpc82x_clk.o(i.amhw_lpc82x_clk_system_clkrate_get)
    amhw_lpc82x_clk_usart_baseclkrate_get    0x000038ad   Thumb Code   118  amhw_lpc82x_clk.o(i.amhw_lpc82x_clk_usart_baseclkrate_get)
    amhw_lpc82x_clk_usart_baseclkrate_set    0x00003929   Thumb Code    80  amhw_lpc82x_clk.o(i.amhw_lpc82x_clk_usart_baseclkrate_set)
    amhw_lpc82x_clk_wdt_rate_get             0x0000397d   Thumb Code   166  amhw_lpc82x_clk.o(i.amhw_lpc82x_clk_wdt_rate_get)
    amhw_lpc82x_swm_pin_fixed_func_disable   0x00003b45   Thumb Code   128  amhw_lpc82x_swm.o(i.amhw_lpc82x_swm_pin_fixed_func_disable)
    amhw_lpc82x_swm_pin_fixed_func_enable    0x00003bc9   Thumb Code   202  amhw_lpc82x_swm.o(i.amhw_lpc82x_swm_pin_fixed_func_enable)
    amhw_lpc_sct_conflict_res_config         0x00003d8d   Thumb Code    28  amhw_lpc_sct.o(i.amhw_lpc_sct_conflict_res_config)
    amhw_lpc_sct_mat_reload_val_set          0x00003df9   Thumb Code    52  amhw_lpc_sct.o(i.amhw_lpc_sct_mat_reload_val_set)
    amhw_lpc_sct_mat_val_set                 0x00003e2d   Thumb Code    84  amhw_lpc_sct.o(i.amhw_lpc_sct_mat_val_set)
    amhw_lpc_sct_output_dir_ctrl             0x00003e81   Thumb Code    28  amhw_lpc_sct.o(i.amhw_lpc_sct_output_dir_ctrl)
    amhw_lpc_sct_prescale_set                0x00003e9d   Thumb Code    88  amhw_lpc_sct.o(i.amhw_lpc_sct_prescale_set)
    amhw_lpc_sct_regmode_config              0x00003ef5   Thumb Code    82  amhw_lpc_sct.o(i.amhw_lpc_sct_regmode_config)
    amhw_lpc_usart_baudrate_set              0x00003f47   Thumb Code   166  amhw_lpc_usart.o(i.amhw_lpc_usart_baudrate_set)
    demo_am824_core_std_led_entry            0x00004029   Thumb Code    16  demo_am824_core_std_led.o(i.demo_am824_core_std_led_entry)
    demo_std_led_entry                       0x00004055   Thumb Code    34  demo_std_led.o(i.demo_std_led_entry)
    main                                     0x00004077   Thumb Code    32  am_prj_config.o(i.main)
    amhw_lpc82x_iocon_offset_pin             0x000041d0   Data          29  amhw_lpc82x_iocon.o(.constdata)
    Region$$Table$$Base                      0x000043b8   Number         0  anon$$obj.o(Region$$Table)
    Region$$Table$$Limit                     0x000043d8   Number         0  anon$$obj.o(Region$$Table)
    gp_isr_defer_info                        0x10000128   Data           4  am_bsp_isr_defer_pendsv.o(.data)
    __stdin                                  0x1000013c   Data           4  am_microlib_adapter.o(.data)
    __stdout                                 0x10000140   Data           4  am_microlib_adapter.o(.data)
    __stderr                                 0x10000144   Data           4  am_microlib_adapter.o(.data)
    gp_kout_file                             0x10000178   Data           4  am_koutput.o(.data)
    gpfunc_kputc                             0x1000017c   Data           4  am_koutput.o(.data)
    gpfunc_kputs                             0x10000180   Data           4  am_koutput.o(.data)
    g_dbg_handle                             0x10000190   Data           4  am_vdebug.o(.data)
    __gp_dma_dev                             0x10000194   Data           4  am_lpc82x_dma.o(.data)
    __gp_gpio_dev                            0x10000198   Data           4  am_lpc82x_gpio.o(.data)
    g_buzzer_pwm_handle                      0x100001f8   Data           4  am_board.o(.data)
    g_system_tick_timer_handle               0x100001fc   Data           4  am_board.o(.data)
    Image$$RW_IRAM1$$ZI$$Limit               0x10000e30   Number         0  anon$$obj.o ABSOLUTE
    __initial_sp                             0x10000e30   Data           0  am_lpc82x_armcc_startup.o(STACK)



==============================================================================

Memory Map of the image

  Image Entry point : 0x000000c1

  Load Region LR_IROM1 (Base: 0x00000000, Size: 0x000045d8, Max: 0x00008000, ABSOLUTE, COMPRESSED[0x00004414])

    Execution Region ER_IROM1 (Base: 0x00000000, Size: 0x000043d8, Max: 0x00008000, ABSOLUTE)

    Base Addr    Size         Type   Attr      Idx    E Section Name        Object

    0x00000000   0x000000c0   Data   RO        12982    RESET               am_lpc82x_armcc_startup.o
    0x000000c0   0x00000000   Code   RO        14772  * .ARM.Collect$$$$00000000  mc_p.l(entry.o)
    0x000000c0   0x00000004   Code   RO        15103    .ARM.Collect$$$$00000001  mc_p.l(entry2.o)
    0x000000c4   0x00000004   Code   RO        15106    .ARM.Collect$$$$00000004  mc_p.l(entry5.o)
    0x000000c8   0x00000000   Code   RO        15108    .ARM.Collect$$$$00000008  mc_p.l(entry7b.o)
    0x000000c8   0x00000000   Code   RO        15110    .ARM.Collect$$$$0000000A  mc_p.l(entry8b.o)
    0x000000c8   0x00000008   Code   RO        15111    .ARM.Collect$$$$0000000B  mc_p.l(entry9a.o)
    0x000000d0   0x00000000   Code   RO        15113    .ARM.Collect$$$$0000000D  mc_p.l(entry10a.o)
    0x000000d0   0x00000000   Code   RO        15115    .ARM.Collect$$$$0000000F  mc_p.l(entry11a.o)
    0x000000d0   0x00000004   Code   RO        15104    .ARM.Collect$$$$00002712  mc_p.l(entry2.o)
    0x000000d4   0x00000014   Code   RO        12984    .text               am_lpc82x_armcc_startup.o
    0x000000e8   0x0000002c   Code   RO        14775    .text               mc_p.l(uidiv.o)
    0x00000114   0x00000028   Code   RO        14777    .text               mc_p.l(idiv.o)
    0x0000013c   0x00000060   Code   RO        14779    .text               mc_p.l(uldiv.o)
    0x0000019c   0x0000007a   Code   RO        14781    .text               mc_p.l(llmul.o)
    0x00000216   0x00000020   Code   RO        14783    .text               mc_p.l(llshl.o)
    0x00000236   0x00000022   Code   RO        15117    .text               mc_p.l(llushr.o)
    0x00000258   0x00000024   Code   RO        15173    .text               mc_p.l(init.o)
    0x0000027c   0x00000056   Code   RO        15185    .text               mc_p.l(__dczerorl2.o)
    0x000002d2   0x00000002   PAD
    0x000002d4   0x0000000e   Code   RO          469    CPU_LOCK            am_arm_nvic_armcc.o
    0x000002e2   0x00000006   Code   RO         5918    i.AM_INIT_LIST_HEAD  am_jobq.o
    0x000002e8   0x00000006   Code   RO         6137    i.AM_INIT_LIST_HEAD  am_softimer.o
    0x000002ee   0x00000008   Code   RO          189    i.PendSV_Handler    am_bsp_isr_defer_pendsv.o
    0x000002f6   0x00000002   Code   RO         4870    i.__input_event_manager  am_event_category_input.o
    0x000002f8   0x00000002   Code   RO        13279    i.__lpc82x_clk_plfm_init  am_hwconf_lpc82x_clk.o
    0x000002fa   0x00000002   Code   RO        15180    i.__scatterload_null  mc_p.l(handlers.o)
    0x000002fc   0x00000004   Code   RO        12983    .ARM.__at_0x02FC    am_lpc82x_armcc_startup.o
    0x00000300   0x00000020   Code   RO          373    i.SysTick_Handler   am_arm_systick.o
    0x00000320   0x00000030   Code   RO          290    i.__ARM_common_ll_muluu  am_bsp_delay_timer.o
    0x00000350   0x0000001c   Code   RO          786    i.__ARM_common_switch8  am_zlg9021.o
    0x0000036c   0x00000010   Code   RO         4486    i.__beep_timer_callback  am_buzzer_dev.o
    0x0000037c   0x0000003e   Code   RO          815    i.__buzzer_pwm_set  am_buzzer_pwm.o
    0x000003ba   0x00000020   Code   RO           64    i.__dbg_fgetc       am_bsp_microlib.o
    0x000003da   0x00000020   Code   RO           65    i.__dbg_fputc       am_bsp_microlib.o
    0x000003fa   0x00000032   Code   RO         6211    i.__dbg_fputc       am_vdebug.o
    0x0000042c   0x0000001e   Code   RO         6212    i.__dbg_fputs       am_vdebug.o
    0x0000044a   0x00000002   PAD
    0x0000044c   0x00000080   Code   RO          227    i.__delay           am_bsp_delay_timer.o
    0x000004cc   0x00000016   Code   RO          228    i.__delay_by_factor  am_bsp_delay_timer.o
    0x000004e2   0x00000020   Code   RO          229    i.__delay_by_factor_ticks_cal  am_bsp_delay_timer.o
    0x00000502   0x00000002   PAD
    0x00000504   0x0000012c   Code   RO          230    i.__delay_by_fator_cal  am_bsp_delay_timer.o
    0x00000630   0x00000030   Code   RO          231    i.__delay_cali_ticks_cal  am_bsp_delay_timer.o
    0x00000660   0x00000028   Code   RO          232    i.__delay_count_get_ticks_cal  am_bsp_delay_timer.o
    0x00000688   0x00000148   Code   RO         6684    i.__dma_int_handler  am_lpc82x_dma.o
    0x000007d0   0x0000004e   Code   RO         8534    i.__err_cal         amhw_lpc_usart.o
    0x0000081e   0x0000007c   Code   RO         5720    i.__error_check_with_new_prescale  am_timer.o
    0x0000089a   0x0000003a   Code   RO         4803    i.__event_handler_process  am_event.o
    0x000008d4   0x00000028   Code   RO         4924    i.__event_input_key_report  am_event_input_key.o
    0x000008fc   0x00000032   Code   RO         4804    i.__event_raise     am_event.o
    0x0000092e   0x00000002   PAD
    0x00000930   0x00000014   Code   RO          190    i.__isr_defer_trigger  am_bsp_isr_defer_pendsv.o
    0x00000944   0x00000028   Code   RO         5919    i.__jobq_ffs        am_jobq.o
    0x0000096c   0x0000007c   Code   RO         1997    i.__key_gpio_timer_cb  am_key_gpio.o
    0x000009e8   0x00000044   Code   RO         4925    i.__key_long_press_softimer_cb  am_event_input_key.o
    0x00000a2c   0x0000006c   Code   RO         4926    i.__key_long_press_timing_start  am_event_input_key.o
    0x00000a98   0x00000060   Code   RO         4927    i.__key_long_press_timing_stop  am_event_input_key.o
    0x00000af8   0x0000002e   Code   RO         1998    i.__key_val_read    am_key_gpio.o
    0x00000b26   0x00000002   PAD
    0x00000b28   0x00000024   Code   RO         5379    i.__led_dev_add     am_led_dev.o
    0x00000b4c   0x00000038   Code   RO         5381    i.__led_dev_find_with_id  am_led_dev.o
    0x00000b84   0x00000028   Code   RO         2114    i.__led_gpio_set    am_led_gpio.o
    0x00000bac   0x0000001e   Code   RO         2115    i.__led_gpio_toggle  am_led_gpio.o
    0x00000bca   0x00000002   PAD
    0x00000bcc   0x00000018   Code   RO        13346    i.__lpc82x_dma_plfm_deinit  am_hwconf_lpc82x_dma.o
    0x00000be4   0x00000018   Code   RO        13347    i.__lpc82x_dma_plfm_init  am_hwconf_lpc82x_dma.o
    0x00000bfc   0x0000001c   Code   RO        13386    i.__lpc82x_gpio_plfm_deinit  am_hwconf_lpc82x_gpio.o
    0x00000c18   0x0000001c   Code   RO        13387    i.__lpc82x_gpio_plfm_init  am_hwconf_lpc82x_gpio.o
    0x00000c34   0x00000020   Code   RO        13623    i.__lpc82x_mrt_plfm_deinit  am_hwconf_lpc82x_mrt.o
    0x00000c54   0x00000020   Code   RO        13624    i.__lpc82x_mrt_plfm_init  am_hwconf_lpc82x_mrt.o
    0x00000c74   0x00000020   Code   RO        13762    i.__lpc82x_sct0_pwm_plfm_deinit  am_hwconf_lpc82x_sct0_pwm.o
    0x00000c94   0x00000020   Code   RO        13763    i.__lpc82x_sct0_pwm_plfm_init  am_hwconf_lpc82x_sct0_pwm.o
    0x00000cb4   0x00000034   Code   RO        14033    i.__lpc82x_usart0_plfm_deinit  am_hwconf_lpc82x_usart0.o
    0x00000ce8   0x00000040   Code   RO        14034    i.__lpc82x_usart0_plfm_init  am_hwconf_lpc82x_usart0.o
    0x00000d28   0x0000006c   Code   RO         7462    i.__mrt_callback_set  am_lpc_mrt.o
    0x00000d94   0x00000024   Code   RO         7463    i.__mrt_clkin_freq_get  am_lpc_mrt.o
    0x00000db8   0x00000036   Code   RO         7464    i.__mrt_count_get   am_lpc_mrt.o
    0x00000dee   0x00000044   Code   RO         7465    i.__mrt_disable     am_lpc_mrt.o
    0x00000e32   0x00000058   Code   RO         7466    i.__mrt_enable      am_lpc_mrt.o
    0x00000e8a   0x00000002   PAD
    0x00000e8c   0x0000000c   Code   RO         7467    i.__mrt_info_get    am_lpc_mrt.o
    0x00000e98   0x00000060   Code   RO         7468    i.__mrt_irq_handler  am_lpc_mrt.o
    0x00000ef8   0x00000018   Code   RO         7469    i.__mrt_prescale_get  am_lpc_mrt.o
    0x00000f10   0x0000000e   Code   RO         7470    i.__mrt_prescale_set  am_lpc_mrt.o
    0x00000f1e   0x00000002   PAD
    0x00000f20   0x00000038   Code   RO         7471    i.__mrt_rollover_get  am_lpc_mrt.o
    0x00000f58   0x0000002c   Code   RO         6138    i.__ms_to_ticks     am_softimer.o
    0x00000f84   0x00000112   Code   RO         5721    i.__prescale_and_count_cal  am_timer.o
    0x00001096   0x0000000e   Code   RO        15179    i.__scatterload_copy  mc_p.l(handlers.o)
    0x000010a4   0x0000000e   Code   RO        15181    i.__scatterload_zeroinit  mc_p.l(handlers.o)
    0x000010b2   0x00000002   PAD
    0x000010b4   0x000000d0   Code   RO         7766    i.__sct_pwm_config  am_lpc_sct_pwm.o
    0x00001184   0x000000ee   Code   RO         7767    i.__sct_pwm_disable  am_lpc_sct_pwm.o
    0x00001272   0x000000d4   Code   RO         7768    i.__sct_pwm_enable  am_lpc_sct_pwm.o
    0x00001346   0x00000002   PAD
    0x00001348   0x00000070   Code   RO         7769    i.__sct_pwm_init    am_lpc_sct_pwm.o
    0x000013b8   0x00000054   Code   RO         6139    i.__softimer_add    am_softimer.o
    0x0000140c   0x00000034   Code   RO         6140    i.__softimer_remove  am_softimer.o
    0x00001440   0x0000000e   Code   RO        14671    i.__system_tick_softimer_callback  am_hwconf_system_tick_softimer.o
    0x0000144e   0x00000044   Code   RO          374    i.__systick_callback_set  am_arm_systick.o
    0x00001492   0x00000024   Code   RO          375    i.__systick_clkin_freq_get  am_arm_systick.o
    0x000014b6   0x00000036   Code   RO          376    i.__systick_count_get  am_arm_systick.o
    0x000014ec   0x0000002e   Code   RO          377    i.__systick_disable  am_arm_systick.o
    0x0000151a   0x00000058   Code   RO          378    i.__systick_enable  am_arm_systick.o
    0x00001572   0x00000002   PAD
    0x00001574   0x0000000c   Code   RO          379    i.__systick_info_get  am_arm_systick.o
    0x00001580   0x00000020   Code   RO          380    i.__systick_prescale_get  am_arm_systick.o
    0x000015a0   0x00000010   Code   RO          381    i.__systick_prescale_set  am_arm_systick.o
    0x000015b0   0x0000002c   Code   RO          382    i.__systick_rollover_get  am_arm_systick.o
    0x000015dc   0x0000002c   Code   RO          233    i.__time_ticks_cal  am_bsp_delay_timer.o
    0x00001608   0x00000020   Code   RO          234    i.__timer_count_get  am_bsp_delay_timer.o
    0x00001628   0x00000040   Code   RO         8131    i.__usart_callback_set  am_lpc_usart.o
    0x00001668   0x0000009e   Code   RO         8535    i.__usart_div_cal   amhw_lpc_usart.o
    0x00001706   0x00000008   Code   RO         8132    i.__usart_dummy_callback  am_lpc_usart.o
    0x0000170e   0x00000072   Code   RO         8133    i.__usart_flow_mode_set  am_lpc_usart.o
    0x00001780   0x00000062   Code   RO         8134    i.__usart_flow_rxstat_set  am_lpc_usart.o
    0x000017e2   0x00000038   Code   RO         8135    i.__usart_flow_txstat_get  am_lpc_usart.o
    0x0000181a   0x00000100   Code   RO         8136    i.__usart_ioctl     am_lpc_usart.o
    0x0000191a   0x0000005e   Code   RO         8137    i.__usart_irq_handler  am_lpc_usart.o
    0x00001978   0x00000050   Code   RO         8138    i.__usart_irq_rx_handler  am_lpc_usart.o
    0x000019c8   0x00000082   Code   RO         8139    i.__usart_irq_tx_handler  am_lpc_usart.o
    0x00001a4a   0x00000002   PAD
    0x00001a4c   0x00000048   Code   RO         8140    i.__usart_mode_set  am_lpc_usart.o
    0x00001a94   0x000000be   Code   RO         8141    i.__usart_opt_set   am_lpc_usart.o
    0x00001b52   0x00000064   Code   RO         8142    i.__usart_poll_getchar  am_lpc_usart.o
    0x00001bb6   0x00000086   Code   RO         8143    i.__usart_poll_putchar  am_lpc_usart.o
    0x00001c3c   0x00000054   Code   RO         8144    i.__usart_tx_startup  am_lpc_usart.o
    0x00001c90   0x0000008c   Code   RO          302    i.am_arm_nvic_init  am_arm_nvic.o
    0x00001d1c   0x00000014   Code   RO        13035    i.am_arm_nvic_inst_init  am_hwconf_arm_nvic.o
    0x00001d30   0x000000f4   Code   RO          303    i.am_arm_nvic_priority_set  am_arm_nvic.o
    0x00001e24   0x00000048   Code   RO          384    i.am_arm_systick_init  am_arm_systick.o
    0x00001e6c   0x00000014   Code   RO        13068    i.am_arm_systick_inst_init  am_hwconf_arm_systick.o
    0x00001e80   0x0000005c   Code   RO        14714    i.am_board_init     am_board.o
    0x00001edc   0x000000cc   Code   RO          235    i.am_bsp_delay_timer_init  am_bsp_delay_timer.o
    0x00001fa8   0x00000024   Code   RO          191    i.am_bsp_isr_defer_pendsv_init  am_bsp_isr_defer_pendsv.o
    0x00001fcc   0x00000014   Code   RO           66    i.am_bsp_microlib_init  am_bsp_microlib.o
    0x00001fe0   0x00000024   Code   RO          104    i.am_bsp_system_heap_init  am_bsp_system_heap.o
    0x00002004   0x0000003c   Code   RO         4489    i.am_buzzer_dev_register  am_buzzer_dev.o
    0x00002040   0x00000034   Code   RO         4490    i.am_buzzer_off     am_buzzer_dev.o
    0x00002074   0x00000048   Code   RO          816    i.am_buzzer_pwm_init  am_buzzer_pwm.o
    0x000020bc   0x00000020   Code   RO        13097    i.am_buzzer_pwm_inst_init  am_hwconf_buzzer_pwm.o
    0x000020dc   0x00000130   Code   RO         6622    i.am_clk_rate_get   am_lpc82x_clk.o
    0x0000220c   0x00000030   Code   RO         6213    i.am_debug_init     am_vdebug.o
    0x0000223c   0x00000018   Code   RO        13109    i.am_debug_uart_inst_init  am_hwconf_debug_uart.o
    0x00002254   0x0000002c   Code   RO         4806    i.am_event_category_event_register  am_event.o
    0x00002280   0x0000002a   Code   RO         4808    i.am_event_category_handler_register  am_event.o
    0x000022aa   0x00000002   PAD
    0x000022ac   0x00000044   Code   RO         4871    i.am_event_category_input_init  am_event_category_input.o
    0x000022f0   0x00000014   Code   RO         4872    i.am_event_category_intput_event_register  am_event_category_input.o
    0x00002304   0x00000014   Code   RO        14742    i.am_event_input_inst_init  am_servconf_event_input.o
    0x00002318   0x00000064   Code   RO         4928    i.am_event_input_key_init  am_event_input_key.o
    0x0000237c   0x00000018   Code   RO         4929    i.am_event_input_key_pressed  am_event_input_key.o
    0x00002394   0x00000016   Code   RO         4931    i.am_event_input_key_released  am_event_input_key.o
    0x000023aa   0x00000022   Code   RO         4812    i.am_event_raise    am_event.o
    0x000023cc   0x00000060   Code   RO          304    i.am_exc_eint_handler  am_arm_nvic.o
    0x0000242c   0x0000003c   Code   RO         6817    i.am_gpio_get       am_lpc82x_gpio.o
    0x00002468   0x00000260   Code   RO         6818    i.am_gpio_pin_cfg   am_lpc82x_gpio.o
    0x000026c8   0x0000002c   Code   RO         6819    i.am_gpio_set       am_lpc82x_gpio.o
    0x000026f4   0x00000030   Code   RO         6820    i.am_gpio_toggle    am_lpc82x_gpio.o
    0x00002724   0x000000a4   Code   RO          305    i.am_int_connect    am_arm_nvic.o
    0x000027c8   0x00000034   Code   RO          308    i.am_int_enable     am_arm_nvic.o
    0x000027fc   0x0000003c   Code   RO         5885    i.am_isr_defer_init  am_isr_defer.o
    0x00002838   0x00000010   Code   RO         5888    i.am_isr_defer_job_process  am_isr_defer.o
    0x00002848   0x00000108   Code   RO         5922    i.am_jobq_process   am_jobq.o
    0x00002950   0x0000006a   Code   RO         5923    i.am_jobq_queue_init  am_jobq.o
    0x000029ba   0x00000002   PAD
    0x000029bc   0x00000084   Code   RO         1999    i.am_key_gpio_init  am_key_gpio.o
    0x00002a40   0x00000014   Code   RO        13123    i.am_key_gpio_inst_init  am_hwconf_key_gpio.o
    0x00002a54   0x0000001c   Code   RO         5967    i.am_koutput_set    am_koutput.o
    0x00002a70   0x00000050   Code   RO         5985    i.am_kprintf        am_kprintf.o
    0x00002ac0   0x0000004e   Code   RO         5382    i.am_led_dev_add    am_led_dev.o
    0x00002b0e   0x00000002   PAD
    0x00002b10   0x00000064   Code   RO         2117    i.am_led_gpio_init  am_led_gpio.o
    0x00002b74   0x00000014   Code   RO        13146    i.am_led_gpio_inst_init  am_hwconf_led_gpio.o
    0x00002b88   0x0000000e   Code   RO         5385    i.am_led_off        am_led_dev.o
    0x00002b96   0x0000000e   Code   RO         5386    i.am_led_on         am_led_dev.o
    0x00002ba4   0x00000034   Code   RO         5387    i.am_led_set        am_led_dev.o
    0x00002bd8   0x0000001a   Code   RO         6141    i.am_list_del_init  am_softimer.o
    0x00002bf2   0x00000010   Code   RO         6142    i.am_list_empty     am_softimer.o
    0x00002c02   0x00000002   PAD
    0x00002c04   0x000000d8   Code   RO         6623    i.am_lpc82x_clk_init  am_lpc82x_clk.o
    0x00002cdc   0x00000014   Code   RO        13280    i.am_lpc82x_clk_inst_init  am_hwconf_lpc82x_clk.o
    0x00002cf0   0x000000f0   Code   RO         6689    i.am_lpc82x_dma_init  am_lpc82x_dma.o
    0x00002de0   0x00000014   Code   RO        13349    i.am_lpc82x_dma_inst_init  am_hwconf_lpc82x_dma.o
    0x00002df4   0x00000080   Code   RO         6827    i.am_lpc82x_gpio_init  am_lpc82x_gpio.o
    0x00002e74   0x00000014   Code   RO        13389    i.am_lpc82x_gpio_inst_init  am_hwconf_lpc82x_gpio.o
    0x00002e88   0x00000014   Code   RO        13626    i.am_lpc82x_mrt_inst_init  am_hwconf_lpc82x_mrt.o
    0x00002e9c   0x00000014   Code   RO        13765    i.am_lpc82x_sct0_pwm_inst_init  am_hwconf_lpc82x_sct0_pwm.o
    0x00002eb0   0x00000014   Code   RO        14036    i.am_lpc82x_usart0_inst_init  am_hwconf_lpc82x_usart0.o
    0x00002ec4   0x00000074   Code   RO         7473    i.am_lpc_mrt_init   am_lpc_mrt.o
    0x00002f38   0x00000034   Code   RO         7771    i.am_lpc_sct_pwm_init  am_lpc_sct_pwm.o
    0x00002f6c   0x0000013c   Code   RO         8146    i.am_lpc_usart_init  am_lpc_usart.o
    0x000030a8   0x00000028   Code   RO        12990    i.am_main           main.o
    0x000030d0   0x00000028   Code   RO          236    i.am_mdelay         am_bsp_delay_timer.o
    0x000030f8   0x00000084   Code   RO         6013    i.am_memheap_init   am_memheap.o
    0x0000317c   0x00000010   Code   RO         4396    i.am_microlib_adapter_init  am_microlib_adapter.o
    0x0000318c   0x00000018   Code   RO         5477    i.am_nvram_init     am_nvram.o
    0x000031a4   0x00000010   Code   RO        14757    i.am_nvram_inst_init  am_servconf_nvram.o
    0x000031b4   0x00000034   Code   RO         6143    i.am_softimer_init  am_softimer.o
    0x000031e8   0x00000024   Code   RO         6144    i.am_softimer_module_init  am_softimer.o
    0x0000320c   0x00000078   Code   RO         6145    i.am_softimer_module_tick  am_softimer.o
    0x00003284   0x00000038   Code   RO         6146    i.am_softimer_start  am_softimer.o
    0x000032bc   0x00000018   Code   RO         6147    i.am_softimer_stop  am_softimer.o
    0x000032d4   0x00000018   Code   RO         5588    i.am_system_module_init  am_system.o
    0x000032ec   0x00000020   Code   RO         5589    i.am_system_module_tick  am_system.o
    0x0000330c   0x00000048   Code   RO        14673    i.am_system_tick_softimer_inst_init  am_hwconf_system_tick_softimer.o
    0x00003354   0x0000001c   Code   RO        14674    i.am_timer_callback_set  am_hwconf_system_tick_softimer.o
    0x00003370   0x00000012   Code   RO         5722    i.am_timer_clkin_freq_get  am_timer.o
    0x00003382   0x00000044   Code   RO         5723    i.am_timer_count_freq_get  am_timer.o
    0x000033c6   0x00000002   PAD
    0x000033c8   0x000000a4   Code   RO         5724    i.am_timer_enable_us  am_timer.o
    0x0000346c   0x00000012   Code   RO         6214    i.am_uart_poll_putchar  am_vdebug.o
    0x0000347e   0x00000002   PAD
    0x00003480   0x0000007c   Code   RO          237    i.am_udelay         am_bsp_delay_timer.o
    0x000034fc   0x000001de   Code   RO         6244    i.am_vfprintf_do    am_vfprintf_do.o
    0x000036da   0x00000002   PAD
    0x000036dc   0x00000088   Code   RO          310    i.amhw_arm_nvic_m0_priority_set  am_arm_nvic.o
    0x00003764   0x0000000a   Code   RO          385    i.amhw_arm_systick_disable  am_arm_systick.o
    0x0000376e   0x0000000a   Code   RO          386    i.amhw_arm_systick_int_disable  am_arm_systick.o
    0x00003778   0x0000000a   Code   RO          387    i.amhw_arm_systick_int_enable  am_arm_systick.o
    0x00003782   0x00000002   PAD
    0x00003784   0x0000004c   Code   RO         7076    i.amhw_lpc82x_clk_main_clkrate_get  amhw_lpc82x_clk.o
    0x000037d0   0x00000014   Code   RO        13390    i.amhw_lpc82x_clk_periph_disable  am_hwconf_lpc82x_gpio.o
    0x000037e4   0x00000014   Code   RO        13391    i.amhw_lpc82x_clk_periph_enable  am_hwconf_lpc82x_gpio.o
    0x000037f8   0x00000044   Code   RO         6625    i.amhw_lpc82x_clk_pll_bypass_set  am_lpc82x_clk.o
    0x0000383c   0x00000034   Code   RO         7078    i.amhw_lpc82x_clk_pllin_rate_get  amhw_lpc82x_clk.o
    0x00003870   0x0000001c   Code   RO         7079    i.amhw_lpc82x_clk_pllout_rate_get  amhw_lpc82x_clk.o
    0x0000388c   0x00000020   Code   RO         7080    i.amhw_lpc82x_clk_system_clkrate_get  amhw_lpc82x_clk.o
    0x000038ac   0x0000007c   Code   RO         7081    i.amhw_lpc82x_clk_usart_baseclkrate_get  amhw_lpc82x_clk.o
    0x00003928   0x00000054   Code   RO         7082    i.amhw_lpc82x_clk_usart_baseclkrate_set  amhw_lpc82x_clk.o
    0x0000397c   0x000000ec   Code   RO         7083    i.amhw_lpc82x_clk_wdt_rate_get  amhw_lpc82x_clk.o
    0x00003a68   0x00000008   Code   RO         6696    i.amhw_lpc82x_dma_chan_error_clr  am_lpc82x_dma.o
    0x00003a70   0x00000008   Code   RO         6698    i.amhw_lpc82x_dma_chan_inta_clr  am_lpc82x_dma.o
    0x00003a78   0x00000016   Code   RO         6699    i.amhw_lpc82x_dma_chan_inta_isactive  am_lpc82x_dma.o
    0x00003a8e   0x00000008   Code   RO         6700    i.amhw_lpc82x_dma_chan_intb_clr  am_lpc82x_dma.o
    0x00003a96   0x00000016   Code   RO         6701    i.amhw_lpc82x_dma_chan_intb_isactive  am_lpc82x_dma.o
    0x00003aac   0x00000016   Code   RO         6702    i.amhw_lpc82x_dma_chan_isactive  am_lpc82x_dma.o
    0x00003ac2   0x00000016   Code   RO         6703    i.amhw_lpc82x_dma_chan_iserror  am_lpc82x_dma.o
    0x00003ad8   0x00000010   Code   RO         6704    i.amhw_lpc82x_dma_chan_xfercfg_set  am_lpc82x_dma.o
    0x00003ae8   0x0000000e   Code   RO         6828    i.amhw_lpc82x_gpio_pin_dir_output  am_lpc82x_gpio.o
    0x00003af6   0x00000014   Code   RO         7271    i.amhw_lpc82x_swm_fixed_func_disable  amhw_lpc82x_swm.o
    0x00003b0a   0x00000014   Code   RO         7272    i.amhw_lpc82x_swm_fixed_func_enable  amhw_lpc82x_swm.o
    0x00003b1e   0x00000026   Code   RO         6829    i.amhw_lpc82x_swm_moved_func_cfg  am_lpc82x_gpio.o
    0x00003b44   0x00000084   Code   RO         7273    i.amhw_lpc82x_swm_pin_fixed_func_disable  amhw_lpc82x_swm.o
    0x00003bc8   0x000000d0   Code   RO         7274    i.amhw_lpc82x_swm_pin_fixed_func_enable  amhw_lpc82x_swm.o
    0x00003c98   0x00000024   Code   RO        13392    i.amhw_lpc82x_syscon_periph_reset  am_hwconf_lpc82x_gpio.o
    0x00003cbc   0x00000024   Code   RO        13627    i.amhw_lpc82x_syscon_periph_reset  am_hwconf_lpc82x_mrt.o
    0x00003ce0   0x00000024   Code   RO        13766    i.amhw_lpc82x_syscon_periph_reset  am_hwconf_lpc82x_sct0_pwm.o
    0x00003d04   0x00000024   Code   RO        14037    i.amhw_lpc82x_syscon_periph_reset  am_hwconf_lpc82x_usart0.o
    0x00003d28   0x00000010   Code   RO         6626    i.amhw_lpc82x_syscon_powerup  am_lpc82x_clk.o
    0x00003d38   0x00000012   Code   RO         7474    i.amhw_lpc_mrt_int_disable  am_lpc_mrt.o
    0x00003d4a   0x00000012   Code   RO         7475    i.amhw_lpc_mrt_int_enable  am_lpc_mrt.o
    0x00003d5c   0x00000012   Code   RO         7476    i.amhw_lpc_mrt_int_flag_clr  am_lpc_mrt.o
    0x00003d6e   0x0000000a   Code   RO         7477    i.amhw_lpc_mrt_int_pending_clr  am_lpc_mrt.o
    0x00003d78   0x00000014   Code   RO         7478    i.amhw_lpc_mrt_intval_set  am_lpc_mrt.o
    0x00003d8c   0x0000001c   Code   RO         8458    i.amhw_lpc_sct_conflict_res_config  amhw_lpc_sct.o
    0x00003da8   0x00000008   Code   RO         7772    i.amhw_lpc_sct_ctrl_set  am_lpc_sct_pwm.o
    0x00003db0   0x00000010   Code   RO         7773    i.amhw_lpc_sct_event_ctrl  am_lpc_sct_pwm.o
    0x00003dc0   0x0000001e   Code   RO         7774    i.amhw_lpc_sct_event_state_enable  am_lpc_sct_pwm.o
    0x00003dde   0x0000001a   Code   RO         7775    i.amhw_lpc_sct_halt_check  am_lpc_sct_pwm.o
    0x00003df8   0x00000034   Code   RO         8462    i.amhw_lpc_sct_mat_reload_val_set  amhw_lpc_sct.o
    0x00003e2c   0x00000054   Code   RO         8463    i.amhw_lpc_sct_mat_val_set  amhw_lpc_sct.o
    0x00003e80   0x0000001c   Code   RO         8464    i.amhw_lpc_sct_output_dir_ctrl  amhw_lpc_sct.o
    0x00003e9c   0x00000058   Code   RO         8466    i.amhw_lpc_sct_prescale_set  amhw_lpc_sct.o
    0x00003ef4   0x00000052   Code   RO         8467    i.amhw_lpc_sct_regmode_config  amhw_lpc_sct.o
    0x00003f46   0x000000a6   Code   RO         8537    i.amhw_lpc_usart_baudrate_set  amhw_lpc_usart.o
    0x00003fec   0x00000008   Code   RO         8147    i.amhw_lpc_usart_cfg_clr  am_lpc_usart.o
    0x00003ff4   0x00000008   Code   RO         8148    i.amhw_lpc_usart_cfg_set  am_lpc_usart.o
    0x00003ffc   0x0000000a   Code   RO         8149    i.amhw_lpc_usart_disable  am_lpc_usart.o
    0x00004006   0x0000000a   Code   RO         8150    i.amhw_lpc_usart_enable  am_lpc_usart.o
    0x00004010   0x00000004   Code   RO         8151    i.amhw_lpc_usart_int_disable  am_lpc_usart.o
    0x00004014   0x00000008   Code   RO         8152    i.amhw_lpc_usart_int_enable  am_lpc_usart.o
    0x0000401c   0x00000006   Code   RO         8153    i.amhw_lpc_usart_stat_get  am_lpc_usart.o
    0x00004022   0x00000004   Code   RO         8154    i.amhw_lpc_usart_txdata_write  am_lpc_usart.o
    0x00004026   0x00000002   PAD
    0x00004028   0x0000002c   Code   RO         9307    i.demo_am824_core_std_led_entry  demo_am824_core_std_led.o
    0x00004054   0x00000022   Code   RO        12673    i.demo_std_led_entry  demo_std_led.o
    0x00004076   0x00000020   Code   RO        13005    i.main              am_prj_config.o
    0x00004096   0x00000002   PAD
    0x00004098   0x0000002c   Data   RO          388    .constdata          am_arm_systick.o
    0x000040c4   0x00000004   Data   RO          818    .constdata          am_buzzer_pwm.o
    0x000040c8   0x00000008   Data   RO         2118    .constdata          am_led_gpio.o
    0x000040d0   0x00000100   Data   RO         5924    .constdata          am_jobq.o
    0x000041d0   0x0000001d   Data   RO         7233    .constdata          amhw_lpc82x_iocon.o
    0x000041ed   0x0000001d   Data   RO         7275    .constdata          amhw_lpc82x_swm.o
    0x0000420a   0x00000002   PAD
    0x0000420c   0x0000002c   Data   RO         7479    .constdata          am_lpc_mrt.o
    0x00004238   0x0000000c   Data   RO         7776    .constdata          am_lpc_sct_pwm.o
    0x00004244   0x00000014   Data   RO         8155    .constdata          am_lpc_usart.o
    0x00004258   0x00000028   Data   RO        13037    .constdata          am_hwconf_arm_nvic.o
    0x00004280   0x00000014   Data   RO        13070    .constdata          am_hwconf_arm_systick.o
    0x00004294   0x0000001c   Data   RO        13125    .constdata          am_hwconf_key_gpio.o
    0x000042b0   0x00000018   Data   RO        13148    .constdata          am_hwconf_led_gpio.o
    0x000042c8   0x00000010   Data   RO        13282    .constdata          am_hwconf_lpc82x_clk.o
    0x000042d8   0x00000020   Data   RO        13351    .constdata          am_hwconf_lpc82x_dma.o
    0x000042f8   0x0000002c   Data   RO        13394    .constdata          am_hwconf_lpc82x_gpio.o
    0x00004324   0x00000018   Data   RO        13629    .constdata          am_hwconf_lpc82x_mrt.o
    0x0000433c   0x00000018   Data   RO        13768    .constdata          am_hwconf_lpc82x_sct0_pwm.o
    0x00004354   0x00000018   Data   RO        14039    .constdata          am_hwconf_lpc82x_usart0.o
    0x0000436c   0x00000010   Data   RO        14744    .constdata          am_servconf_event_input.o
    0x0000437c   0x00000028   Data   RO        14758    .constdata          am_servconf_nvram.o
    0x000043a4   0x00000011   Data   RO        14759    .conststring        am_servconf_nvram.o
    0x000043b5   0x00000003   PAD
    0x000043b8   0x00000020   Data   RO        15177    Region$$Table       anon$$obj.o


    Execution Region RW_IRAM1 (Base: 0x10000000, Size: 0x00000e30, Max: 0x00002000, ABSOLUTE, COMPRESSED[0x0000003c])

    Base Addr    Size         Type   Attr      Idx    E Section Name        Object

    0x10000000   0x00000008   Data   RW           67    .data               am_bsp_microlib.o
    0x10000008   0x00000124   Data   RW          192    .data               am_bsp_isr_defer_pendsv.o
    0x1000012c   0x00000004   Data   RW          311    .data               am_arm_nvic.o
    0x10000130   0x00000004   Data   RW          389    .data               am_arm_systick.o
    0x10000134   0x00000014   Data   RW         4403    .data               am_microlib_adapter.o
    0x10000148   0x00000004   Data   RW         4492    .data               am_buzzer_dev.o
    0x1000014c   0x00000008   Data   RW         4877    .data               am_event_category_input.o
    0x10000154   0x00000004   Data   RW         4935    .data               am_event_input_key.o
    0x10000158   0x00000004   Data   RW         5389    .data               am_led_dev.o
    0x1000015c   0x00000008   Data   RW         5480    .data               am_nvram.o
    0x10000164   0x00000008   Data   RW         5591    .data               am_system.o
    0x1000016c   0x0000000c   Data   RW         5889    .data               am_isr_defer.o
    0x10000178   0x0000000c   Data   RW         5968    .data               am_koutput.o
    0x10000184   0x0000000c   Data   RW         6148    .data               am_softimer.o
    0x10000190   0x00000004   Data   RW         6215    .data               am_vdebug.o
    0x10000194   0x00000004   Data   RW         6705    .data               am_lpc82x_dma.o
    0x10000198   0x00000004   Data   RW         6830    .data               am_lpc82x_gpio.o
    0x1000019c   0x00000008   Data   RW        13038    .data               am_hwconf_arm_nvic.o
    0x100001a4   0x00000004   Data   RW        13352    .data               am_hwconf_lpc82x_dma.o
    0x100001a8   0x00000008   Data   RW        13395    .data               am_hwconf_lpc82x_gpio.o
    0x100001b0   0x00000048   Data   RW        13769    .data               am_hwconf_lpc82x_sct0_pwm.o
    0x100001f8   0x00000008   Data   RW        14715    .data               am_board.o
    0x10000200   0x00000034   Zero   RW          111    .bss                am_bsp_system_heap.o
    0x10000234   0x00000028   Zero   RW          238    .bss                am_bsp_delay_timer.o
    0x1000025c   0x00000028   Zero   RW          817    .bss                am_buzzer_pwm.o
    0x10000284   0x00000010   Zero   RW         4876    .bss                am_event_category_input.o
    0x10000294   0x0000000c   Zero   RW         4934    .bss                am_event_input_key.o
    0x100002a0   0x00000120   Zero   RW        13036    .bss                am_hwconf_arm_nvic.o
    0x100003c0   0x00000014   Zero   RW        13069    .bss                am_hwconf_arm_systick.o
    0x100003d4   0x00000024   Zero   RW        13124    .bss                am_hwconf_key_gpio.o
    0x100003f8   0x00000014   Zero   RW        13147    .bss                am_hwconf_led_gpio.o
    0x1000040c   0x0000000c   Zero   RW        13281    .bss                am_hwconf_lpc82x_clk.o
    0x10000418   0x000001e8   PAD
    0x10000600   0x00000320   Zero   RW        13350    .bss                am_hwconf_lpc82x_dma.o
    0x10000920   0x00000064   Zero   RW        13393    .bss                am_hwconf_lpc82x_gpio.o
    0x10000984   0x0000002c   Zero   RW        13628    .bss                am_hwconf_lpc82x_mrt.o
    0x100009b0   0x0000000c   Zero   RW        13767    .bss                am_hwconf_lpc82x_sct0_pwm.o
    0x100009bc   0x00000034   Zero   RW        14038    .bss                am_hwconf_lpc82x_usart0.o
    0x100009f0   0x00000040   Zero   RW        14743    .bss                am_servconf_event_input.o
    0x10000a30   0x00000400   Zero   RW        12980    STACK               am_lpc82x_armcc_startup.o


==============================================================================

Image component sizes


      Code (inc. data)   RO Data    RW Data    ZI Data      Debug   Object Name

       832         64          0          4          0       9033   am_arm_nvic.o
        14          0          0          0          0        488   am_arm_nvic_armcc.o
       530         18         44          4          0      13000   am_arm_systick.o
         0          0          0          0          0       9844   am_assert.o
        92         16          0          8          0        929   am_board.o
      1062         60          0          0         40      10766   am_bsp_delay_timer.o
        64         14          0        292          0      10924   am_bsp_isr_defer_pendsv.o
        84          6          0          8          0       5503   am_bsp_microlib.o
        36         16          0          0         52       5926   am_bsp_system_heap.o
       128         14          0          4          0       2629   am_buzzer_dev.o
       134         10          4          0         40       4813   am_buzzer_pwm.o
         0          0          0          0          0        712   am_ep24cxx.o
       228          0          0          0          0       4109   am_event.o
        90         30          0          8         16       3253   am_event_category_input.o
       458         34          0          4         12       7501   am_event_input_key.o
        20          8         40          8        288       1400   am_hwconf_arm_nvic.o
        20          8         20          0         20        835   am_hwconf_arm_systick.o
        32          4          0          0          0        586   am_hwconf_buzzer_pwm.o
        24          0          0          0          0        582   am_hwconf_debug_uart.o
        20          8         28          0         36       1432   am_hwconf_key_gpio.o
        20          8         24          0         20       1344   am_hwconf_led_gpio.o
         0          0          0          0          0       3832   am_hwconf_lpc82x_adc0_dma.o
        22          8         16          0         12       1290   am_hwconf_lpc82x_clk.o
        68         16         32          4        800       2754   am_hwconf_lpc82x_dma.o
       152         22         44          8        100      10087   am_hwconf_lpc82x_gpio.o
       120         22         24          0         44       2582   am_hwconf_lpc82x_mrt.o
       120         24         24         72         12       3239   am_hwconf_lpc82x_sct0_pwm.o
       172         28         24          0         52       2653   am_hwconf_lpc82x_usart0.o
       114          6          0          0          0       4244   am_hwconf_system_tick_softimer.o
        76         20          0         12          0       1471   am_isr_defer.o
       416          6        256          0          0      11756   am_jobq.o
       302          6          0          0          0       3319   am_key_gpio.o
        28         14          0         12          0       1486   am_koutput.o
        80         14          0          0          0        721   am_kprintf.o
       250         10          0          4          0       4575   am_led_dev.o
       170          4          8          0          0       4195   am_led_gpio.o
         0          0          0          0          0      11644   am_lpc82x_adc_dma.o
        24          8        192          0       1024        872   am_lpc82x_armcc_startup.o
       604         60          0          0          0      14499   am_lpc82x_clk.o
       696         16          0          4          0      14288   am_lpc82x_dma.o
       940         28          0          4          0      16724   am_lpc82x_gpio.o
       756         20         44          0          0      14974   am_lpc_mrt.o
       902         16         12          0          0      18182   am_lpc_sct_pwm.o
      1854         34         20          0          0      23500   am_lpc_usart.o
       132          6          0          0          0       1690   am_memheap.o
        16          4          0         20          0       2861   am_microlib_adapter.o
        24          8          0          8          0       1344   am_nvram.o
        32          0          0          0          0        495   am_prj_config.o
        20          6         16          0         64       1343   am_servconf_event_input.o
        16          6         57          0          0       1145   am_servconf_nvram.o
       516         34          0         12          0      14370   am_softimer.o
        56         12          0          8          0       1428   am_system.o
       648          4          0          0          0       7467   am_timer.o
       146         12          0          4          0       4959   am_vdebug.o
       478          0          0          0          0       1357   am_vfprintf_do.o
         0          0          0          0          0       1656   am_zlg72128_std.o
        28          0          0          0          0         76   am_zlg9021.o
       632        126          0          0          0      15106   amhw_lpc82x_clk.o
         0          0         29          0          0       1695   amhw_lpc82x_iocon.o
       380         10         29          0          0       6665   amhw_lpc82x_swm.o
       362          0          0          0          0       4677   amhw_lpc_sct.o
       402          0          0          0          0       8590   amhw_lpc_usart.o
        44         28          0          0          0        572   demo_am824_core_std_led.o
        34          0          0          0          0        549   demo_std_led.o
        40         26          0          0          0        422   main.o

    ----------------------------------------------------------------------
     15800        982       1024        512       3120     346963   Object Totals
         0          0         32          0          0          0   (incl. Generated)
        40          0          5          0        488          0   (incl. Padding)

    ----------------------------------------------------------------------

      Code (inc. data)   RO Data    RW Data    ZI Data      Debug   Library Member Name

        86          0          0          0          0          0   __dczerorl2.o
         0          0          0          0          0          0   entry.o
         0          0          0          0          0          0   entry10a.o
         0          0          0          0          0          0   entry11a.o
         8          4          0          0          0          0   entry2.o
         4          0          0          0          0          0   entry5.o
         0          0          0          0          0          0   entry7b.o
         0          0          0          0          0          0   entry8b.o
         8          4          0          0          0          0   entry9a.o
        30          0          0          0          0          0   handlers.o
        40          0          0          0          0         72   idiv.o
        36          8          0          0          0         68   init.o
       122          0          0          0          0         84   llmul.o
        32          0          0          0          0         68   llshl.o
        34          0          0          0          0         68   llushr.o
        44          0          0          0          0         72   uidiv.o
        96          0          0          0          0         84   uldiv.o

    ----------------------------------------------------------------------
       544         16          0          0          0        516   Library Totals
         4          0          0          0          0          0   (incl. Padding)

    ----------------------------------------------------------------------

      Code (inc. data)   RO Data    RW Data    ZI Data      Debug   Library Name

       540         16          0          0          0        516   mc_p.l

    ----------------------------------------------------------------------
       544         16          0          0          0        516   Library Totals

    ----------------------------------------------------------------------

==============================================================================


      Code (inc. data)   RO Data    RW Data    ZI Data      Debug   

     16344        998       1024        512       3120     337267   Grand Totals
     16344        998       1024         60       3120     337267   ELF Image Totals (compressed)
     16344        998       1024         60          0          0   ROM Totals

==============================================================================

    Total RO  Size (Code + RO Data)                17368 (  16.96kB)
    Total RW  Size (RW Data + ZI Data)              3632 (   3.55kB)
    Total ROM Size (Code + RO Data + RW Data)      17428 (  17.02kB)

==============================================================================

